"V01.00.000"
"$_Languages"
"7(1) German (Germany)";"9(2) English (United Kingdom)";"513(1) Key"
"$_Timestamp"
"02.08.2018  11:15:40";"02.08.2018  11:15:40";"02.08.2018  11:15:40"
"$_Typ(BlockComment)"
"Erstellung:
Datum        Bearbeiter                                                 Version
--------------------------------------------------------------------------------
06.08.97     G.Herkert (hkt)                                            01.00.00

Änderungen:
Nr. Datum    Bearb Beschreibung                                   Marke Version
--------------------------------------------------------------------------------
01  21.10.97 rh    Drahtbruchüberwachung ergänzt                        01.01.00
02  05.12.97 rh    Adressen auf PEW und PAW geändert                    01.01.01
03  25.11.98 gea   Simulation eingefügt                                 01.02.00
04  29.03.99 gea   Fehlerbehebung Drahtbruchüberwachung                 01.02.01
05  30.06.99 sra   Fehlerbehebung Drahtbruchüberwachung                 01.02.02
06  19.02.00 sra   Unterscheidung Drahtbruchüberwachung                 01.02.03
07  12.09.01 gea   Eingangsparameter in_E_A_Adresse als INT             01.03.00
08  16.03.04 sra   nicht in Simulations-DB schreiben wenn Simul aus     01.03.01
09  17.09.08 sra   Wago-System 750-466 erweitert                  (009) 01.04.00
________________________________________________________________________________
Funktion:

Der Baustein liest den Wert eines Analogeinganges ein und normiert diesen. Die 
Normierung erfolgt anhand der Vorgabe der Eingangsparameter Obergrenze und 
Untergrenze.

Hinweis:
- bei Siemens-Baugruppen ist der Wert ""MaxDigit"" = 27648
- bei Wago-Baugruppen 740-466 ist der Wert ""MaxDigit"" = 32760

";"Building:
Date         Editor                                                     Version
--------------------------------------------------------------------------------
06.08.97     G.Herkert (hkt)                                            01.00.00

Modifications:
No. Date     Edit  Description                                    Index Version
--------------------------------------------------------------------------------
01  21.10.97 rh    Drahtbruchüberwachung ergänzt                        01.01.00
02  05.12.97 rh    Adressen auf PEW und PAW geändert                    01.01.01
03  25.11.98 gea   Simulation eingefügt                                 01.02.00
04  29.03.99 gea   Fehlerbehebung Drahtbruchüberwachung                 01.02.01
05  30.06.99 sra   Fehlerbehebung Drahtbruchüberwachung                 01.02.02
06  19.02.00 sra   Unterscheidung Drahtbruchüberwachung                 01.02.03
07  12.09.01 gea   Eingangsparameter in_E_A_Adresse als INT             01.03.00
08  16.03.04 sra   nicht in Simulations-DB schreiben wenn Simul aus     01.03.01
09  17.09.08 sra   Wago-System 750-466 erweitert                  (009) 01.04.00
________________________________________________________________________________
Functional description:

The block reads in the value of an analog input and normalizes it. Normalization takes place based on the input parameters specified for upper limit and lower limit.

Note:
- In Siemens-subassemblies the value ""MaxDigit"" = 27648
- In Wago subassemblies 740-466 the value ""MaxDigit"" = 32760


";""
"Erstellung:
Datum        Bearbeiter                                                 Version
--------------------------------------------------------------------------------
20.10.1999   M. Junker (jm)                                             01.00.00


Änderungen:
Nr. Datum    Bearb Beschreibung                                   Marke Version
--------------------------------------------------------------------------------
01  03.11.99 jm    Druckstörung löschen ohne FRG                        01.00.01

________________________________________________________________________________
Funktion:

Der Baustein gleicht Abweichungen eines eingelesenen Förderdruckes so ab, daß 
bei aktuellem Luftdruck der Wert ""0"" ausgegeben wird. 
Der Abgleich erfolgt, wenn das Eingangssignal ""Gebäse aktiv"" für eine gewisse 
Zeit (Parameter ""Verz_Abgleich"") nicht mehr ansteht.
Weiterhin wird der Druckwert überwacht und bei Überschreitung des Max-Druckes 
eine Störmeldung erzeugt. Das Rücksetzen dieser Störmeldung erfolgt erst, wenn 
der Min-Druck wieder unterschritten ist.
";"Building:
Date         Editor                                                     Version
--------------------------------------------------------------------------------
20.10.1999   M. Junker (jm)                                             01.00.00


Modifications:
No. Date     Edit  Description                                    Index Version
--------------------------------------------------------------------------------
01  03.11.99 jm    Druckstörung löschen ohne FRG                        01.00.01

________________________________________________________________________________
Functional description:

The block compensates for deviations in read delivery pressure such that the 
value ""0"" is output for the current air pressure. Compensation takes place when 
""blower active"" input signal is no longer applied for a certain time (parameter 
""Verz_compensation""). The pressure value is still monitored and an error message 
generated on exceeding the max. pressure. The fault message is only reset when 
the pressure drops below min. again. ";""
"Erstellung:
Datum        Bearbeiter                                                 Version
--------------------------------------------------------------------------------
11.07.01     R.Schaffert (sra)                                          01.00.00

Änderungen:
Nr. Datum    Bearb Beschreibung                                   Marke Version
--------------------------------------------------------------------------------
01  14.08.01 gea   Fehlerbeseitung bei keine Leitkomp.Verwieg.    (001) 01.00.01
02  16.08.01 sra   Mode in Linien-DB schreiben                    (002) 01.00.02
03  07.10.02 sra   Abbruch Komponente eingefügt                   (003) 01.01.00
04  04.02.04 sra   Waage anhalten in Rezept anhalten geändert     (004) 01.02.00
05  12.03.04 sra   Rezeptnummer bei Start prüfen  
                   Status Waagenfehler aktiv eingefügt
                   Bits rücksetzen wenn Wa nicht im Auftragsmode  (005) 01.02.01
06  24.05.06 sra   Waage anhalten rücksetzen eingefügt            (006) 01.02.02
07  26.06.06 sra   Status Waage angehalten, wenn Komponente fertig(007) 01.02.03
08  20.04.07 sra   Rücksetzen erweitert wenn kein Auftragsmode akt(008) 01.02.04
09  27.07.07 sra   Dauerläufer bei Chargensoll = 0 geändert       (009) 01.03.00
________________________________________________________________________________
Funktion: Auftragsebene der Waage

Der Baustein arbeitet die mehrere Chargen nacheinander ab. Das Rezept wird in 
einem Waagenspezifischen Datenbaustein abgelegt (Lagerort-Waagenparameter-DB + 
Rezept-DB) Dieser Datenbaustein muß im DB10 definiert werden.
Falls eine Leitkomponentenverwiegung erfolgen muß zusätzlich ein Linien-DB 
vorhanden sein der ebenfalls im DB10 definiert wird.
 ";"Building:
Date         Editor                                                     Version
--------------------------------------------------------------------------------
11.07.01     R.Schaffert (sra)                                          01.00.00

Modifications:
No. Date     Edit  Description                                    Index Version
--------------------------------------------------------------------------------
01  14.08.01 gea   Fehlerbeseitung bei keine Leitkomp.Verwieg.    (001) 01.00.01
02  16.08.01 sra   Mode in Linien-DB schreiben                    (002) 01.00.02
03  07.10.02 sra   Abbruch Komponente eingefügt                   (003) 01.01.00
04  04.02.04 sra   Waage anhalten in Rezept anhalten geändert     (004) 01.02.00
05  12.03.04 sra   Rezeptnummer bei Start prüfen  
                   Status Waagenfehler aktiv eingefügt
                   Bits rücksetzen wenn Wa nicht im Auftragsmode  (005) 01.02.01
06  24.05.06 sra   Waage anhalten rücksetzen eingefügt            (006) 01.02.02
07  26.06.06 sra   Status Waage angehalten, wenn Komponente fertig(007) 01.02.03
08  20.04.07 sra   Rücksetzen erweitert wenn kein Auftragsmode akt(008) 01.02.04
09  27.07.07 sra   Dauerläufer bei Chargensoll = 0 geändert       (009) 01.03.00
________________________________________________________________________________
Funktion: Auftragsebene der Waage

Der Baustein arbeitet die mehrere Chargen nacheinander ab. Das Rezept wird in 
einem Waagenspezifischen Datenbaustein abgelegt (Lagerort-Waagenparameter-DB + 
Rezept-DB) Dieser Datenbaustein muß im DB10 definiert werden.
Falls eine Leitkomponentenverwiegung erfolgen muß zusätzlich ein Linien-DB 
vorhanden sein der ebenfalls im DB10 definiert wird.
 ";""
"Erstellung:
Datum        Bearbeiter                                                 Version
--------------------------------------------------------------------------------
28.11.00     R.Schaffert (sra)                                          01.00.00

Änderungen:
Nr. Datum    Bearb Beschreibung                                   Marke Version
--------------------------------------------------------------------------------
01  11.07.01 sra   Leikomponentenverwiegung eingefügt             (001) 01.00.01
02  21.08.01 sra   Quittierung reg. Rez. übernehmen               (002) 01.00.02
03  14.09.01 sra   Änderung Rezeptende                            (003) 01.00.03
04  27.11.01 sra   Rezept erst starten wenn Leitkomp. verwogen    (004) 01.00.04
05  30.11.01 sra   Rezepteingabe in %, Erweit. Fehlerquittierung  (005) 01.00.05
06  20.12.01 sra   Änderung bei Bilanzierung                      (006) 01.00.06
07  16.01.02 sra   Zusätzl. Signal an A-Ebene ""Komponente aktiv""  (007) 01.00.07
08  14.02.02 sra   Änderung Leitverwiegung                        (008) 01.00.08
09  31.10.02 sra   Fehlerquittierungen rücksetzen wenn kein Fehler(009) 01.00.09
10  25.07.03 sra   Impulsvolumen nicht in kg/Puls umrechnen       (010) 01.00.10
11  20.08.03 sra   Statussignal R- zu A-Ebene rücksetzen          (011) 01.00.11
12  19.12.03 sra   Sollgewicht- und Toleranzvorgabe in % oder kg  (012) 01.00.12
13  26.01.04 sra   Offset Lagerortparameter geändert              (013) 01.00.13
14  29.01.04 sra   Rezeptoptimierung geändert und Signale löschen (014) 01.00.14
15  04.02.04 sra   Rezept anhalten eingefügt                      (015) 01.01.00
16  24.05.04 sra   Dosierfreigabe im Auftragsmode eingefügt       (016) 01.02.00
17  07.06.04 sra   Änderung Dosierfreigabe/Abbruch im Auftragsmode(017) 01.02.01
18  02.11.04 sra   Lagerortkonfiguration eingefügt                (018) 01.03.00
19  11.02.05 sra   Bit ""reg. Wert übernehmen"" an A-Ebene geändert (019) 01.03.01
20  11.04.05 sra   Fehlerbeseitigung für FG-Leitsystem            (020) 01.03.02
21  02.12.05 gea   Fehlerbeseitigung zu (020)                     (021) 01.03.03
22  13.04.06 sra   Lagerortdaten laden geändert                   (022) 01.04.00
23  13.10.08 sra   restliche Fehlermeldungen an A-Ebene umkopieren(023) 01.04.00
24  19.10.10 gea   Wiegeart Funktionszeit/Dosierzeit registrieren (024) 01.17.00
25  23.12.11 sra   Komponentenoptimierung eingefügt               (025) 01.18.00
________________________________________________________________________________
Funktion: Rezeptebene der Waage

Der Baustein arbeitet die Komponenten eines Rezeptes nacheinander ab. 
Das Rezept  wird in einem Waagenspezifischen Datenbaustein abgelegt 
(Lagerort-Waagenparameter-DB + Rezept-DB)
Der Datenbaustein muß im DB10 definiert werden.
";"Building:
Date         Editor                                                     Version
--------------------------------------------------------------------------------
28.11.00     R.Schaffert (sra)                                          01.00.00

Modifications:
No. Date     Edit  Description                                    Index Version
--------------------------------------------------------------------------------
01  11.07.01 sra   Leikomponentenverwiegung eingefügt             (001) 01.00.01
02  21.08.01 sra   Quittierung reg. Rez. übernehmen               (002) 01.00.02
03  14.09.01 sra   Änderung Rezeptende                            (003) 01.00.03
04  27.11.01 sra   Rezept erst starten wenn Leitkomp. verwogen    (004) 01.00.04
05  30.11.01 sra   Rezepteingabe in %, Erweit. Fehlerquittierung  (005) 01.00.05
06  20.12.01 sra   Änderung bei Bilanzierung                      (006) 01.00.06
07  16.01.02 sra   Zusätzl. Signal an A-Ebene ""Komponente aktiv""  (007) 01.00.07
08  14.02.02 sra   Änderung Leitverwiegung                        (008) 01.00.08
09  31.10.02 sra   Fehlerquittierungen rücksetzen wenn kein Fehler(009) 01.00.09
10  25.07.03 sra   Impulsvolumen nicht in kg/Puls umrechnen       (010) 01.00.10
11  20.08.03 sra   Statussignal R- zu A-Ebene rücksetzen          (011) 01.00.11
12  19.12.03 sra   Sollgewicht- und Toleranzvorgabe in % oder kg  (012) 01.00.12
13  26.01.04 sra   Offset Lagerortparameter geändert              (013) 01.00.13
14  29.01.04 sra   Rezeptoptimierung geändert und Signale löschen (014) 01.00.14
15  04.02.04 sra   Rezept anhalten eingefügt                      (015) 01.01.00
16  24.05.04 sra   Dosierfreigabe im Auftragsmode eingefügt       (016) 01.02.00
17  07.06.04 sra   Änderung Dosierfreigabe/Abbruch im Auftragsmode(017) 01.02.01
18  02.11.04 sra   Lagerortkonfiguration eingefügt                (018) 01.03.00
19  11.02.05 sra   Bit ""reg. Wert übernehmen"" an A-Ebene geändert (019) 01.03.01
20  11.04.05 sra   Fehlerbeseitigung für FG-Leitsystem            (020) 01.03.02
21  02.12.05 gea   Fehlerbeseitigung zu (020)                     (021) 01.03.03
22  13.04.06 sra   Lagerortdaten laden geändert                   (022) 01.04.00
23  13.10.08 sra   restliche Fehlermeldungen an A-Ebene umkopieren(023) 01.04.00
24  19.10.10 gea   Wiegeart Funktionszeit/Dosierzeit registrieren (024) 01.17.00
25  23.12.11 sra   Komponentenoptimierung eingefügt               (025) 01.18.00
________________________________________________________________________________
Funktion discription :  Recipe level  of the scale

The function produce all components of a recipe. 
The recipe must be stored in a scale specific data block 
(Storage location-Db + Recipe-DB)
The data block must be defined in DB10.
";""
"Erstellung:
Datum        Bearbeiter                                                 Version
--------------------------------------------------------------------------------
19.08.00     R.Schaffert (sra)                                          01.00.00

Änderungen:
Nr. Datum    Bearb Beschreibung                                   Marke Version
--------------------------------------------------------------------------------
01  23.08.01 sra   Siwarex M eingefügt                            (001) 01.00.01
02  23.08.01 sra   Promass 63 eingefügt                           (002) 01.00.02
03  03.09.01 sra   Daten an E-Ebene kopieren in entspr. Bausteinen(003) 01.00.03
04  25.10.01 sra   Siwarex M eichfähig eingefügt                  (004) 01.00.04
05  05.02.02 gea   FM350-2 und PESA eingefügt                     (005) 01.00.05
06  25.04.02 sra   Bizerba-Waage eingefügt                        (006) 01.00.06
07  01.07.02 sra   Mettler-Toledo Waage ID7 eingefügt             (007) 01.00.07
08  23.01.03 sra   Simulation erweitert wegen Stillstandsmeldung  (008) 01.00.08
09  03.02.03 sra   MV-Typ 0 erweitert um Stillstandsmeldung       (009) 01.00.09
10  08.07.03 sra   WMD eingefügt                                  (010) 01.00.10
11  25.11.03 sra   FM350-1 eingefügt                              (011) 01.00.11
12  15.09.04 sra   Simulation Siwarex-M eichfähig erweitert       (012) 01.00.12
13  05.11.04 sra   WMD Bürkert eingefügt                          (013) 01.01.00
14  14.11.05 gea   Siwarex CS und ET200S 1Count24V/100kHz         (014) 01.01.01
15  22.05.06 sra   Siwarex FTA eingefügt                          (015) 01.01.02
16  29.05.06 sra   WMD-Aufruf erfolgt direkt in FC31              (016) 01.01.03
17  04.07.06 sra   Mettler Profibus Module eingefügt              (017) 01.01.04
18  05.03.07 sra   Promag 50 eingefügt                            (018) 01.01.05
19  04.06.07 sra   Mettler IND690 eingefügt                       (019) 01.01.06
20  12.09.08 sra   Wago Zählermodul750-404/000-005 eingefügt      (020) 01.01.07
21  30.10.09 ak    Krohne Optimass MFC300 eingefügt               (021) 01.01.08
22  17.12.10 gea   Hardy HI3030 eingefügt                         (022) 01.01.09
23  25.04.12 sra   Krohne Optimass IFC300 eingefügt               (022) 01.01.09
________________________________________________________________________________
Funktion: 
 
- Die Analogebene ließt den Gewichtswert eines angeschlossenen Meßverstärkers 
  ein. Für die Kopplung werden spezielle FCs aufgerufen welche die    
  Meßverstärkerdaten lesen bzw. schreiben
";"Building:
Date         Editor                                                     Version
--------------------------------------------------------------------------------
19.08.00     R.Schaffert (sra)                                          01.00.00

Modifications:
No. Date     Edit  Description                                    Index Version
--------------------------------------------------------------------------------
01  23.08.01 sra   Siwarex M eingefügt                            (001) 01.00.01
02  23.08.01 sra   Promass 63 eingefügt                           (002) 01.00.02
03  03.09.01 sra   Daten an E-Ebene kopieren in entspr. Bausteinen(003) 01.00.03
04  25.10.01 sra   Siwarex M eichfähig eingefügt                  (004) 01.00.04
05  05.02.02 gea   FM350-2 und PESA eingefügt                     (005) 01.00.05
06  25.04.02 sra   Bizerba-Waage eingefügt                        (006) 01.00.06
07  01.07.02 sra   Mettler-Toledo Waage ID7 eingefügt             (007) 01.00.07
08  23.01.03 sra   Simulation erweitert wegen Stillstandsmeldung  (008) 01.00.08
09  03.02.03 sra   MV-Typ 0 erweitert um Stillstandsmeldung       (009) 01.00.09
10  08.07.03 sra   WMD eingefügt                                  (010) 01.00.10
11  25.11.03 sra   FM350-1 eingefügt                              (011) 01.00.11
12  15.09.04 sra   Simulation Siwarex-M eichfähig erweitert       (012) 01.00.12
13  05.11.04 sra   WMD Bürkert eingefügt                          (013) 01.01.00
14  14.11.05 gea   Siwarex CS und ET200S 1Count24V/100kHz         (014) 01.01.01
15  22.05.06 sra   Siwarex FTA eingefügt                          (015) 01.01.02
16  29.05.06 sra   WMD-Aufruf erfolgt direkt in FC31              (016) 01.01.03
17  04.07.06 sra   Mettler Profibus Module eingefügt              (017) 01.01.04
18  05.03.07 sra   Promag 50 eingefügt                            (018) 01.01.05
19  04.06.07 sra   Mettler IND690 eingefügt                       (019) 01.01.06
20  12.09.08 sra   Wago Zählermodul750-404/000-005 eingefügt      (020) 01.01.07
21  30.10.09 ak    Krohne Optimass MFC300 eingefügt               (021) 01.01.08
22  17.12.10 gea   Hardy HI3030 eingefügt                         (022) 01.01.09
23  25.04.12 sra   Krohne Optimass IFC300 eingefügt               (022) 01.01.09
________________________________________________________________________________
Function description: 
 
- The analogue level reads the weight value from a connected measuring  
  amplifier. Special functions are used to read or write datas to these   
  devices.
";""
"S7-Block for SIWAREX_CS (BA)";"S7-Block for SIWAREX_CS (BA)";""
"Erstellung:
Datum        Bearbeiter                                                 Version
--------------------------------------------------------------------------------
07.11.05     A. Geiger (gea)                                            01.00.00

Änderungen:
Nr. Datum    Bearb Beschreibung                                   Marke Version
--------------------------------------------------------------------------------
01  10.10.06 sra   Statusinformationen ergänzt
                   autom. Initialisierung wenn DB neu übertragen  (001) 01.01.00
02  08.09.20 gea   Anpassung an Siemens Siwarex CS FBs V2.0       (002) 01.02.00
03  19.10.10 gea   Anpassung Dezimalstellen für Gewichtsermittlung(003) 01.03.00
                   von Siwarex lesen
04  08.12.10 gea   Beseitigung Problem bei Erstaufruf             (004) 01.03.01
05  15.05.12 sra   Beseitigung Problem beim Initialisieren        (005) 01.03.02
________________________________________________________________________________
Funktion: 
Der Baustein dient zur Kommunikation mit einer SIWAREX CS

Für den Datenaustausch mit der Siwarex CS müssen folgende Einstellungen 
vorgenommen werden.

1. Hardwarekonfiguration:
   Siwarex CS Baugruppe in Hardware einbinden.
   Die Anschaltungsbaugruppe IM151-1 muss unter 
    Eingenschaften DP-Slave -> Betriebsparameter -> DP-Alarm-Mode auf DPV1
   eingestellt werden.
2. Parametrierung der Waage:
   - Messwert-Typ auf 16 stellen (B#16#10) == SIWAREX CS
   - bei MV-Parameter 1 die E/A Adresse der Siwarex eintragen
   - bei MV-Parameter 2 die Nummer des DB-Siwarex eintragen
   - bei MV-Parameter 3 die Nummer des Vektor-DB eintragen
     DB-Nr. > 0 : Anschaltung ""High Feature""
     DB-Nr. = 0 : Anschaltung ""Basic"", auch Standard oder Compact

3. Benötigte SPS-Bausteine:
   FB71   - Analogebene Siwarex CS
   FB72   - Siemens Baustein für High Feature Anschaltung
   FB73   - Siemens Baustein für basic Anschaltung
   DB1810 - Vektor-DB Siwarex CS (benötigt bei High Feature Anschaltung)
            eine Kopie pro S7-Projekt (DB für alle Siwarex CS gültig)
   DB1811 - Siwarex-DB (alle Anschaltungen (Bsaic und High Feature Anschaltung)
            eine Kopie pro Siwarex CS 

4. Funktionsumfang:
   High Feature und Basic:
   - Nullstellen
   - Nullspunkt übernehmen
   - Justierdigit 1 übernehmen
   nur High Feature:
   - Parameter schreiben (auch Justiergewichte)

   Bei einer Basic Anschaltung können die Justiergewichte nicht über die S7
   gesetzt werden. Somit kann nur mit den Gewichten abgeglichen werden, die beim
   ersten Abgleich mit Siwatool eingegeben wurden. Bei der High Feature 
   Anschaltung können diese Parameter über MV Daten lesen/schreiben ermittelt 
   und geändert werden.

Beachten bei Basic Anschaltung:
   - Abgleich nur mit den im Siwatool CS übertragenen Werten möglich
   - Abgleichgewicht ""Justagegewicht 1"" muss im Waagen-Arbeits-DB als 
     ""MaxWert_Abgleichgewicht"" eingebenen werden.
   - Anzahl Nachkommastellen müssen in den Waagenparametern ""Nachkommastellen"" 
     eingegeben werden.
Beachten bei High Feature Anschaltung:
   - Damit Gewichtsanzeige gemäss dem Abgleich mit Siwatool CS erfolgt müssen 
      die MV Daten von der Siwarex gelesen werden.

";"Building:
Date         Editor                                                     Version
--------------------------------------------------------------------------------
07.11.05     A. Geiger (gea)                                            01.00.00

Modifications:
No. Date     Edit  Description                                    Index Version
--------------------------------------------------------------------------------
01  10.10.06 sra   Statusinformationen ergänzt
                   autom. Initialisierung wenn DB neu übertragen  (001) 01.01.00
02  08.09.20 gea   Anpassung an Siemens Siwarex CS FBs V2.0       (002) 01.02.00
03  19.10.10 gea   Anpassung Dezimalstellen für Gewichtsermittlung(003) 01.03.00
                   von Siwarex lesen
04  08.12.10 gea   Beseitigung Problem bei Erstaufruf             (004) 01.03.01
05  15.05.12 sra   Beseitigung Problem beim Initialisieren        (005) 01.03.02
________________________________________________________________________________
Functional description:

The block is used for communication with a SIWAREX CS

Following settings must be carried out for data exchange with Siwarex CS.

1. Hardware configuration:
   Integrate Siwarex CS subassembly in hardware.
   The interfacing subassembly IM151-1 must be set to DPV1 under Properties DP-Slave -> Operating Parameters -> DP-Alarm-Mode.
2. Scales parameterisation:
   - Set measured value type to 16 (B#16#10) == SIWAREX CS
   - Enter the I/O address of Siwarex under MV parameter 1
   - Enter the number of DB Siwarex under MV parameter 2
   - Enter the number of vector DB Siwarex under MV parameter 3
     DB-No. > 0 : Interfacing ""High Feature""
     DB-No. = 0 : Interfacing ""Basic"", also Standard or Compact

3. Required PLC blocks:
   FB71   - Analog level Siwarex CS
   FB72   - Siemens block for High Feature interfacing
   FB73   - Siemens block for basic interfacing
   DB1810 - Vector DB Siwarex CS (required for High Feature interfacing)
            one copy per S7-project (DB valid for all Siwarex CS)
   DB1811 - Siwarex-DB (all interfacing blocks (basic and High Feature interfacing)
            one copy per Siwarex CS 

4. Scope of functions:
   High Feature and Basic:
   - Set zero
   - Adopt zero point
   - Adopt adjustment digit 1
   only High Feature:
   - Write parameter (also adjustment weights)

   The adjustment weights cannot be set via S7 in basic interfacing. This means calibration can only be carried out with the weights that were entered during the initial calibration with Siwatool. In the case of High Feature interfacing, these parameters can be determined and changed via read/write MV data.

Note on basic interfacing:
   - Calibration only possible with the values transferred to Siwatool CS
   - Calibration weight ""adjustment weight 1"" must be entered in the scales working DB as ""Max_value_calibration_weight"".
   - The number of places after decimal point must be entered in the ""places after decimal point"" scales parameters.
Note on High Feature interfacing:
   - The MV data must be read by Siwarex to ensure the weight is displayed as per calibration with Siwatool CS.

";""
"Erstellung:
Datum        Bearbeiter                                                 Version
--------------------------------------------------------------------------------
26.03.01     A.Kremer (kal)                                             01.00.00

Änderungen:
Nr. Datum    Bearb Beschreibung                                   Marke Version
--------------------------------------------------------------------------------
01  29.04.03 sra   komplette Überarbeitung                              02.00.00
02  23.07.03 sra   Kontrollverwiegung in neuer Handverwiegemaske  (002) 02.00.01
03  25.07.03 sra   Impulsvolumen nicht in kg/Puls umrechnen       (003) 02.00.02
04  29.08.03 sra   Rezeptbilanzen in OP ergänzt -> Anpassung      (004) 02.01.00
05  29.08.03 bhl   Waage anhalten im Auftragsmode + zus. Anzeige  (005) 02.01.01
06  10.11.03 sra   Änderung Waagenreset                           (006) 02.01.02
07  10.11.03 sra   Fehlerquittierung bei mehreren OPs             (007) 02.02.00
08  29.01.04 sra   Buttonanzeige ""Starten""                        (008) 02.02.01
09  04.02.04 sra   Anzeige Rezeptnummer, Komponentnnummer         (009) 02.02.02
10  12.01.04 jm    Waagennummer auf MAX prüfen                    
                   Wertebereichsprüfung korrigiert                (010) 02.02.03
11  11.03.04 sra   Handverw.,Abholauftrag und Handzugabe 
                   in Handverwiegemaske ergänzt                   (011) 02.02.04
12  14.02.05 sra   Komponente abbrechen im Rezeptmode erweitert   (012) 02.02.05
13  03.03.05 sra   Modeumschaltung erweitert                      (013) 02.03.00
14  06.03.05 sra   Kontrollverwiegung mit Chargenopt. eingefügt   (014) 02.04.00
15  23.06.05 sra   MV-Parameter nicht speichern                   (015) 
16                 Editorstatus bei Waagennummerwechsel ändern    (016) 02.04.01
17  19.12.05 sra   Abgleich PESA Waagen eingefügt                 (017) 02.05.00
18  19.10.07 sra   Komponentenbilanz eingefügt                    (018) 02.06.00
19  09.04.08 sra   Änderung bei der Prüfung der DBs               (019) 02.06.01
20  08.05.09 sra   Abgleich Siwarex CS Waagen eingefügt           (020) 02.07.00
21  11.02.10 kmj   Liniendaten aktualisieren beim Bild öffnen     (021) 02.07.01
22  24.09.10 sra   Änderung Editierstatus                         (022) 02.07.02
23  23.04.12 sra   Fehlerbeseitigung Waagenbegrenzung             (023) 02.07.03
24  03.05.12 sra   Abgleich Siwarex CS Waagen erweitert           (024) 02.07.04
________________________________________________________________________________
Funktion:


Ablauf-FB für Terminal zur Steuerung der SPS-Waage

Unterstützt:
- Waagenübersicht
- aktuelle Verwiegung
- Rezepteingabe
- Waagenparametrisierung
- Siloparametereingabe
 Netzwerk 44 ";"Building:
Date         Editor                                                     Version
--------------------------------------------------------------------------------
26.03.01     A.Kremer (kal)                                             01.00.00

Modifications:
No. Date     Edit  Description                                    Index Version
--------------------------------------------------------------------------------
01  29.04.03 sra   komplette Überarbeitung                              02.00.00
02  23.07.03 sra   Kontrollverwiegung in neuer Handverwiegemaske  (002) 02.00.01
03  25.07.03 sra   Impulsvolumen nicht in kg/Puls umrechnen       (003) 02.00.02
04  29.08.03 sra   Rezeptbilanzen in OP ergänzt -> Anpassung      (004) 02.01.00
05  29.08.03 bhl   Waage anhalten im Auftragsmode + zus. Anzeige  (005) 02.01.01
06  10.11.03 sra   Änderung Waagenreset                           (006) 02.01.02
07  10.11.03 sra   Fehlerquittierung bei mehreren OPs             (007) 02.02.00
08  29.01.04 sra   Buttonanzeige ""Starten""                        (008) 02.02.01
09  04.02.04 sra   Anzeige Rezeptnummer, Komponentnnummer         (009) 02.02.02
10  12.01.04 jm    Waagennummer auf MAX prüfen                    
                   Wertebereichsprüfung korrigiert                (010) 02.02.03
11  11.03.04 sra   Handverw.,Abholauftrag und Handzugabe 
                   in Handverwiegemaske ergänzt                   (011) 02.02.04
12  14.02.05 sra   Komponente abbrechen im Rezeptmode erweitert   (012) 02.02.05
13  03.03.05 sra   Modeumschaltung erweitert                      (013) 02.03.00
14  06.03.05 sra   Kontrollverwiegung mit Chargenopt. eingefügt   (014) 02.04.00
15  23.06.05 sra   MV-Parameter nicht speichern                   (015) 
16                 Editorstatus bei Waagennummerwechsel ändern    (016) 02.04.01
17  19.12.05 sra   Abgleich PESA Waagen eingefügt                 (017) 02.05.00
18  19.10.07 sra   Komponentenbilanz eingefügt                    (018) 02.06.00
19  09.04.08 sra   Änderung bei der Prüfung der DBs               (019) 02.06.01
20  08.05.09 sra   Abgleich Siwarex CS Waagen eingefügt           (020) 02.07.00
21  11.02.10 kmj   Liniendaten aktualisieren beim Bild öffnen     (021) 02.07.01
22  24.09.10 sra   Änderung Editierstatus                         (022) 02.07.02
23  23.04.12 sra   Fehlerbeseitigung Waagenbegrenzung             (023) 02.07.03
24  03.05.12 sra   Abgleich Siwarex CS Waagen erweitert           (024) 02.07.04
________________________________________________________________________________
Functional description:

Procedure FB for terminal for controlling OP27 PLC scales

Supported:
- Scales overview
- Current weighing
- Recipe entry
- Scales parameterisation
- Silo parameter entry
";""
"Erstellung:
Datum        Bearbeiter                                                 Version
--------------------------------------------------------------------------------
05.07.01     A.Kremer (kal)                                             01.00.00

Änderungen:
Nr. Datum    Bearb Beschreibung                                   Marke Version
--------------------------------------------------------------------------------
01  00.00.00 xxx   xxx                                            ???   01.xx.xx

________________________________________________________________________________
Funktion: Auftragsebene der Waage

Der Baustein ruft entsprechend den Eingangsparametern die notwendigen 
Einzelfunktionen des OPs auf.

ACHTUNG: Bei mehreren Chargen muß Linien-DB-Nr ausgeklammert und durch 
Linienumschaltung ersetzt werden.

";"Building:
Date         Editor                                                     Version
--------------------------------------------------------------------------------
05.07.01     A.Kremer (kal)                                             01.00.00

Modifications:
No. Date     Edit  Description                                    Index Version
--------------------------------------------------------------------------------
01  00.00.00 xxx   xxx                                            ???   01.xx.xx

________________________________________________________________________________
Functional description:

Order level of scales

The block calls up the required individual functions of the OP corresponding to the input parameters.

ATTENTION: If there are several batches, line DB No. must be factored out and replaced by line changeover.
";""
"Erstellung:
Datum        Bearbeiter                                                 Version
--------------------------------------------------------------------------------
29.01.01  A.Kremer (kal)                                                01.00.00
  
Änderungen:
Nr. Datum    Bearb Beschreibung                                   Marke Version
--------------------------------------------------------------------------------
01  14.08.01 gea   Anzeige Istchargenzahl nicht begonnene Chargen (001) 01.00.01
02  14.08.01 gea   Zurückweisung Eingabe wenn Auftrag gestartet   (002) 01.00.02
03  14.08.01 gea   Fehlerbehebung Rezeptanzeige nach Linienwechsel(003) 01.00.03
04  15.08.01 gea   Anhalten bei Abbruch rücksetzen                (004) 01.00.04
05  15.08.01 gea   Auftragsbits bei Handmode rücksetzen           (005) 01.00.05
06  25.10.01 kal   Fehlerbeseitigung: Auftr.bits rücksetzen       (006) 01.00.06
07  10.08.03 sra   komplette Überarbeitung                              02.00.00
08  04.02.04 sra   Auftrag anhalten/fortsetzen geändert           (008) 02.00.01
09  09.03.04 sra   Fehlerbeseitigung Anzeige Auftragszustand      
                   Auftagsstart rücksetzen wenn Auftrag aktiv 
                   Anzeige von Statusinfos Auftragsverwaltung     (009) 02.00.02
10  01.04.05 sra   Änderung/Fehlerbeseitigung Auftrag anhalten    (010) 02.00.03
11  06.04.05 sra   Änderung Auftragssteuerung anhalten/abbrechen  (011) 02.00.04
12  06.04.05 sra   Auftragsstart nur wenn alle Waagen im Automode (012) 02.00.05
13  20.03.06 sra   Liniendaten bei Linienwechsel laden            (013) 02.01.00
14  20.06.06 sra   Korrektur von Änderung 013                     (014) 02.01.01
15  11.02.10 kmj   Liniendaten aktualisieren beim Bild öffnen     (015) 02.01.02
16  25.01.12 sra   Fehlerbeseitigung Globalbilanz auslesen        (016) 02.01.03
________________________________________________________________________________

";"Building:
Date         Editor                                                     Version
--------------------------------------------------------------------------------
29.01.01  A.Kremer (kal)                                                01.00.00
  
Modifications:
No. Date     Edit  Description                                    Index Version
--------------------------------------------------------------------------------
01  14.08.01 gea   Anzeige Istchargenzahl nicht begonnene Chargen (001) 01.00.01
02  14.08.01 gea   Zurückweisung Eingabe wenn Auftrag gestartet   (002) 01.00.02
03  14.08.01 gea   Fehlerbehebung Rezeptanzeige nach Linienwechsel(003) 01.00.03
04  15.08.01 gea   Anhalten bei Abbruch rücksetzen                (004) 01.00.04
05  15.08.01 gea   Auftragsbits bei Handmode rücksetzen           (005) 01.00.05
06  25.10.01 kal   Fehlerbeseitigung: Auftr.bits rücksetzen       (006) 01.00.06
07  10.08.03 sra   komplette Überarbeitung                              02.00.00
08  04.02.04 sra   Auftrag anhalten/fortsetzen geändert           (008) 02.00.01
09  09.03.04 sra   Fehlerbeseitigung Anzeige Auftragszustand      
                   Auftagsstart rücksetzen wenn Auftrag aktiv 
                   Anzeige von Statusinfos Auftragsverwaltung     (009) 02.00.02
10  01.04.05 sra   Änderung/Fehlerbeseitigung Auftrag anhalten    (010) 02.00.03
11  06.04.05 sra   Änderung Auftragssteuerung anhalten/abbrechen  (011) 02.00.04
12  06.04.05 sra   Auftragsstart nur wenn alle Waagen im Automode (012) 02.00.05
13  20.03.06 sra   Liniendaten bei Linienwechsel laden            (013) 02.01.00
14  20.06.06 sra   Korrektur von Änderung 013                     (014) 02.01.01
15  11.02.10 kmj   Liniendaten aktualisieren beim Bild öffnen     (015) 02.01.02
16  25.01.12 sra   Fehlerbeseitigung Globalbilanz auslesen        (016) 02.01.03
________________________________________________________________________________

";""
"Erstellung:
Datum        Bearbeiter                                                 Version
--------------------------------------------------------------------------------
26.10.00     A.Kremer (kal)                                             01.00.00

Änderungen:
Nr. Datum     Bearbeiter         Änderung                               Version
--------------------------------------------------------------------------------

________________________________________________________________________________
Funktion:

Diese Funktion löscht Rezepte bzw. Komponenten und fügt Komponeten 
in Globalrezepte ein.

Befehle1/2: RD   ->   Rezept löschen
            KD   ->   Komponente löschen
            KI   ->   Komponente einfügen
";"Building:
Date         Editor                                                     Version
--------------------------------------------------------------------------------
26.10.00     A.Kremer (kal)                                             01.00.00

Modifications:
No. Date     Edit  Description                                    Index Version
--------------------------------------------------------------------------------

________________________________________________________________________________
Functional description:

This function deletes recipes or components and adds components
to global recipes.

Commands 1/2: RD   ->   Delete recipe
            KD   ->   Delete component
            KI   ->   Insert component
";""
"Erstellung:
Datum        Bearbeiter                                                 Version
--------------------------------------------------------------------------------
29.11.01     R.Schaffert (sra)                                          01.00.00

Änderungen:
Nr. Datum    Bearb Beschreibung                                   Marke Version
--------------------------------------------------------------------------------
 
________________________________________________________________________________
Funktion: 
Der Baustein kopiert die jeweils eine Komponentenbilanz in den Instanz-DB und 
setzt das Signal ""neue Bilanz"". Vom übergeortneten System wird die 
Übernahme der Bilanz durch setzen des Signals ""Bilanz abgeholt"" bestätigt. So 
werden nacheinander alle Komponentenbilanzen an das übergeortnete System 
übergeben.
";"Building:
Date         Editor                                                     Version
--------------------------------------------------------------------------------
29.11.01     R.Schaffert (sra)                                          01.00.00

Modifications:
No. Date     Edit  Description                                    Index Version
--------------------------------------------------------------------------------
 
________________________________________________________________________________
Functional description:

The block copies a component balance to the instance DB and sets the ""new balance"" signal. The higher-ranking system confirms acceptance of the balance by setting the ""balance fetched"" signal. In this way, all component balances are transferred to the higher-ranking system one after the other.
";""
"Building:
Date         Editor                                                     Version
--------------------------------------------------------------------------------
10.05.2017   (gea)                                                      01.00.00

Modifications:
No. Date     Edit  Description                                    Index Version
--------------------------------------------------------------------------------
01  
________________________________________________________________________________
Functional description:

The Pressure Analogue Input Object includes the following functions
- Check of overflow with substitude value
- scaling of input value
- check of pressure levels
- mode selection 
  manual mode (empty / convey / overpressure | zero pint adjustment)
- overpressure detection (with delay)
- overpressure alarm (with delay)
- empty pressure detection (with delay)
- active pressure detection 
- adjustment of zeropoint (autoamtic / manual)
- data structure for HMI connection
";"Building:
Date         Editor                                                     Version
--------------------------------------------------------------------------------
10.05.2017   (gea)                                                      01.00.00

Modifications:
No. Date     Edit  Description                                    Index Version
--------------------------------------------------------------------------------
01  
________________________________________________________________________________
Functional description:

The Pressure Analogue Input Object includes the following functions
- Check of overflow with substitude value
- scaling of input value
- check of pressure levels
- mode selection 
  manual mode (empty / convey / overpressure | zero pint adjustment)
- overpressure detection (with delay)
- overpressure alarm (with delay)
- empty pressure detection (with delay)
- active pressure detection 
- adjustment of zeropoint (autoamtic / manual)
- data structure for HMI connection
";""
"Erstellung:
Datum        Bearbeiter                                                 Version
--------------------------------------------------------------------------------
00.00.00     Name (Kurzzeichen)                                         01.00.00

Änderungen:
Nr. Datum    Bearb Beschreibung                                   Marke Version
--------------------------------------------------------------------------------
01  
";"Building:
Date         Editor                                                     Version
--------------------------------------------------------------------------------
00.00.00     Name (Kurzzeichen)                                         01.00.00

Modifications:
No. Date     Edit  Description                                    Index Version
--------------------------------------------------------------------------------
01  
";""
"Erstellung:
Datum        Bearbeiter                                                 Version
--------------------------------------------------------------------------------
03.06.98     Rainer Schaffert (sra)                                     01.00.00

Änderungen:
Nr. Datum    Bearb Beschreibung                                   Marke Version
--------------------------------------------------------------------------------
01  

________________________________________________________________________________
OB wird bei Zeitfehler bearbeitet
";"Building:
Date         Editor                                                     Version
--------------------------------------------------------------------------------
03.06.98     Rainer Schaffert (sra)                                     01.00.00

Modifications:
No. Date     Edit  Description                                    Index Version
--------------------------------------------------------------------------------
01  

________________________________________________________________________________
Functional description:

OB is processed in the case of time error

Error code B#16#01 : Cycle time exceeded
                     OB80_ERROR_INFO: Run time of last cycle
           
           B#16#02 : The requested OB is still being processed

           B#16#07 : Overflow of OB request buffer for current  
                     priority class

           B#16#05 : Elapsed master time alarm by master time skip

           B#16#06 : Elapsed master time alarm on re-entry

";""
"Erstellung:
Datum        Bearbeiter                                                 Version
--------------------------------------------------------------------------------
03.06.98     Rainer Schaffert (sra)                                     01.00.00

Änderungen:
Nr. Datum    Bearb Beschreibung                                   Marke Version
--------------------------------------------------------------------------------
01  

________________________________________________________________________________
OB wird bei Diagnose-Alarm bearbeitet
";"Building:
Date         Editor                                                     Version
--------------------------------------------------------------------------------
03.06.98     Rainer Schaffert (sra)                                     01.00.00

Modifications:
No. Date     Edit  Description                                    Index Version
--------------------------------------------------------------------------------
01  

________________________________________________________________________________
Functional description:

OB is processed in the case of diagnosis alarm

";""
"Erstellung:
Datum        Bearbeiter                                                 Version
--------------------------------------------------------------------------------
03.06.98     Rainer Schaffert (sra)                                     01.00.00

Änderungen:
Nr. Datum    Bearb Beschreibung                                   Marke Version
--------------------------------------------------------------------------------
01  

________________________________________________________________________________
OB wird bei Ziehen/Stecken-Alarm bearbeitet
";"Building:
Date         Editor                                                     Version
--------------------------------------------------------------------------------
03.06.98     Rainer Schaffert (sra)                                     01.00.00

Modifications:
No. Date     Edit  Description                                    Index Version
--------------------------------------------------------------------------------
01  

________________________________________________________________________________
Functional description:

OB is processed in the case of push/pull alarm

Error code B#16#61 : Subassembly pulled or cannot be addressed 
                     (event class B#16#39)
                     subassembly plugged in, subassembly type OK
                     (event class B#16#38)
           
           B#16#63 : Subassembly plugged in but subassembly type incorrect

           B#16#64 : Subassembly plugged in but faulty (type identifier cannot be read)

";""
"Erstellung:
Datum        Bearbeiter                                                 Version
--------------------------------------------------------------------------------
03.06.98     Rainer Schaffert (sra)                                     01.00.00

Änderungen:
Nr. Datum    Bearb Beschreibung                                   Marke Version
--------------------------------------------------------------------------------
01  

________________________________________________________________________________
OB wird bei Programmablauffehler bearbeitet

";"Building:
Date         Editor                                                     Version
--------------------------------------------------------------------------------
03.06.98     Rainer Schaffert (sra)                                     01.00.00

Modifications:
No. Date     Edit  Description                                    Index Version
--------------------------------------------------------------------------------
01  

________________________________________________________________________________
Functional description:

OB is processed in the case of program run error

Error code B#16#A1 : The program or the operating system creates a start event for an OB that is not loaded in the CPU.

          B#16#A2 : The program or the operating system creates a start event for an OB that is not loaded in the CPU.

           B#16#A3 : Error when operating system accesses a block

           B#16#B1 : Periphery access error when updating the overall process image of the inputs

           B#16#B1 : Periphery access error when updating the overall process image of the outputs
";""
"Erstellung:
Datum        Bearbeiter                                                 Version
--------------------------------------------------------------------------------
03.06.98     Rainer Schaffert (sra)                                     01.00.00

Änderungen:
Nr. Datum    Bearb Beschreibung                                   Marke Version
--------------------------------------------------------------------------------
01  

________________________________________________________________________________
OB wird bei Baugruppenträgerausfall bearbeitet
";"Building:
Date         Editor                                                     Version
--------------------------------------------------------------------------------
03.06.98     Rainer Schaffert (sra)                                     01.00.00

Modifications:
No. Date     Edit  Description                                    Index Version
--------------------------------------------------------------------------------
01  

________________________________________________________________________________
Functional description:

OB is processed in the case of rack failure

Error code B#16#C1 : Rack failure

           B#16#C2 : Rack return (rack failure outgoing 
                     with target/actual configuration deviation)

           B#16#C3 : Decentralized periphery: failure of a DP master system

           B#16#C4 : Failure of a DP station

           B#16#C5 : Fault in a DP station
";""
"Erstellung:
Datum        Bearbeiter                                                 Version
--------------------------------------------------------------------------------
03.06.98     Rainer Schaffert (sra)                                     01.00.00

Änderungen:
Nr. Datum    Bearb Beschreibung                                   Marke Version
--------------------------------------------------------------------------------
01  

________________________________________________________________________________
OB wird bei Kommunikationsfehler bearbeitet
";"Building:
Date         Editor                                                     Version
--------------------------------------------------------------------------------
03.06.98     Rainer Schaffert (sra)                                     01.00.00

Modifications:
No. Date     Edit  Description                                    Index Version
--------------------------------------------------------------------------------
01  

________________________________________________________________________________
Functional description:

OB is processed in the case of communication fault

Error code B#16#D2 : Diagnostic entries cannot be sent

           B#16#D3 : Synchronisation diagrams cannot be sent

           B#16#D4 : Impermissible time skip through time synchronisation

           B#16#D5 : Error on adopting synchronisation time

           B#16#E1 : Incorrect telegram identifier in global data communication

           B#16#E3 : Telegram length error in global data communication

           B#16#E4 : Impermissible GD package number received

           B#16#E2 : GD package status cannot be entered in a DP

           B#16#E5 : Access error to DB during data exchange via 
                     communication function blocks

           B#16#E6 : GD overall status cannot be entered in DB
";""
"Erstellung:
Datum        Bearbeiter                                                 Version
--------------------------------------------------------------------------------
03.06.98     Rainer Schaffert (sra)                                     01.00.00

Änderungen:
Nr. Datum    Bearb Beschreibung                                   Marke Version
--------------------------------------------------------------------------------
01  

________________________________________________________________________________
OB wird aufgerufen wenn ein Fehler während der Programmbearbeitung auftritt";"Building:
Date         Editor                                                     Version
--------------------------------------------------------------------------------
03.06.98     Rainer Schaffert (sra)                                     01.00.00

Modifications:
No. Date     Edit  Description                                    Index Version
--------------------------------------------------------------------------------
01  

________________________________________________________________________________
Functional description:

OB is called up when an error occurs during program execution

Error code B#16#21 : BCD conversion error
                                
           B#16#22 : Range length error when reading

           B#16#23 : Range length error when writing

           B#16#28 : Read access to a byte, word or double word with a pointer whose bit address is not equal to 0.

           B#16#29 : Write access to a byte, word or double word with a pointer whose bit address is not equal to 0.

           B#16#24 : Range error when reading

           B#16#25 : Range error when writing

           B#16#26 : Timer number error

           B#16#27 : Counter number error

           B#16#30 : Write access to a write-protected global DB

           B#16#31 : Write access to a write-protected 
                     instance DB

           B#16#32 : DB -number error on access to a global DB

           B#16#33 : DB -number error on access to an instance DB



Create error message

Error code B#16#21 : BCD conversion error
                                
           B#16#22 : Range length error when reading

           B#16#23 : Range length error when writing

           B#16#28 : Read access to a byte, word or double word with a pointer whose bit address is not equal to 0.

           B#16#29 : Write access to a byte, word or double word with a pointer whose bit address is not equal to 0.

           B#16#24 : Range error when reading

           B#16#25 : Range error when writing

           B#16#26 : Timer number error

           B#16#27 : Counter number error

           B#16#30 : Write access to a write-protected global DB

           B#16#31 : Write access to a write-protected instance DB

           B#16#32 : DB -number error on access to a global DB

           B#16#33 : DB -number error on access to an instance DB

           B#16#34 : FC number error on FC call-up

           B#16#35 : FB number error on FB call-up

           B#16#3A : Access to a non-loaded DB

           B#16#3C : Access to a non-loaded FC

           B#16#3D : Access to a non-loaded SFC

           B#16#3E : Access to a non-loaded FB

           B#16#3F : Access to a non-loaded SFB
";""
"Erstellung:
Datum        Bearbeiter                                                 Version
--------------------------------------------------------------------------------
16.12.97     R.Schaffert (sra)                                          01.00.00
  
Änderungen:
Nr. Datum    Bearb Änderung                                       Marke  Version
--------------------------------------------------------------------------------
01  09.03.99 sra   Variabler Takteingang                          ()    01.01.00
02  18.03.99 sra   Fehlerbeseitigung                              ()    01.01.01
03  01.04.99 jm    Taktzähler auch bei Dauertakt aktiv            ()    01.01.02
04  14.04.99 sra   Fehlerbeseitigung                              ()    01.01.03
05  20.12.00 sra   Taktanz.err. rücksetzen bei Dauertakt          ()    01.01.04

________________________________________________________________________________
Beschreibung:

Diese Funktion generiert ein beliebiges Taktsignal ohne Verwendung eines Timers.
Es muß ein Impulssignal der Standardimpulse MB4 angelegt werden das über die 
Taktmerker der CPU und dem Standardbaustein FC13 generiert wird
Die Zykluszeit muß dabei kleiner sein als das verwendete Taktsignal / 2

Achtung !
- Am Parameter ""in_Rueckmeldung"" darf nicht ""true"" oder ""false"" angelegt 
  werden, sondern es muss dem Ausgangssignal ""io_Taktausgang"" folgen ! 
- Bei Angabe von z.B. ""in_Sollanzahl_Takte"" = 5 wird der Parameter 
  ""io_Taktzaehler"" von 0..4 hochgezählt
";"Building:
Date         Editor                                                     Version
--------------------------------------------------------------------------------
16.12.97     R.Schaffert (sra)                                          01.00.00
  
Modifications:
No. Date     Edit  Description                                    Index Version
--------------------------------------------------------------------------------
01  09.03.99 sra   Variabler Takteingang                          ()    01.01.00
02  18.03.99 sra   Fehlerbeseitigung                              ()    01.01.01
03  01.04.99 jm    Taktzähler auch bei Dauertakt aktiv            ()    01.01.02
04  14.04.99 sra   Fehlerbeseitigung                              ()    01.01.03
05  20.12.00 sra   Taktanz.err. rücksetzen bei Dauertakt          ()    01.01.04

________________________________________________________________________________
Functional description:

This function generates an arbitrary cycle signal without using a timer.
A MB4 standard pulse signal must be applied that is generated via the cycle flags of the CPU and the standard block FC13.
The cycle time must be shorter than the cycle signal / 2.

Attention !
- The ""in_feedback"" parameter must not be set to ""true"" or ""false"" but rather it must follow  the ""io_cycle_output"" output signal!
- The parameter ""io_cycle_counter"" is incremented from 0..4 in the case of e.g. ""in_target_number_cycles"" = 5.
";""
"Erstellung:
Datum        Bearbeiter                                                 Version
--------------------------------------------------------------------------------
27.05.97     R.Schaffert (sra)                                          01.00.00
  
Änderungen:
Nr. Datum    Bearb Änderung                                       Marke  Version
--------------------------------------------------------------------------------
01  05.02.1999  hus      Parameter ""Reset"" eingeführt             ()    01.01.00
02  22.03.1999  sra      Fehlerbeseitigung                        ()    01.01.01
03  25.08.1999  jm       SV inkl. Reset (getestet)                ()    01.02.00
04  27.09.1999  jm       SI inkl. Reset (getestet)                ()    01.03.00
05  26.05.2002  jm       SZ inkl. Reset (getestet): Zeitzähler    ()    01.04.00
06  22.05.2007  sra      Zeitzaehler läuft bei SE weiter          (006) 01.04.01

________________________________________________________________________________
Beschreibung:

Diese Funktion generiert eine Ein- bzw. Ausschaltverzögerung ohne Verwendung 
eines Timers. 

Es muß ein Impulssignal ""in_Impuls"" der Standardimpulse MB4 angelegt werden, 
das durch die Angabe der Taktzeit in 1/100ms ""in_Impulszeit_in_100ms"" 
spezifiziert wird.

Wird der Eingang ""Reset"" gesetzt, wird der Ausgang zurückgesetzt und der 
Zeitzähler wird auf 0 gesetzt.

SE: Durch Auswahl von ""E"" als Verzögerungsart wird eine Einschaltverzögerung 
gestartet sobald ""in_Freigabe"" vorhanden ist. Der Ausgang ""io_Ausgangssignal"" 
wird nach Ablauf der Verzögerungszeit ""in_Verzoegerungszeit"" auf 1 gesetzt und 
steht dann solange an bis die Freigabe nicht mehr vorhanden ist. Der Eingang 
""in_Reset""  bewirkt eine Nullung der Istzeit und ein Rücksetzen des Ausgangs. 
Wird der Eingang ""in_Reset"" weggenommen so startet die Verzögerungszeit von 
vorne, es sei denn ""in_Freigabe"" ist dann nicht mehr vorhanden.

SA: Durch Auswahl von ""A"" als Verzögerungsart wird eine Ausschaltverzögerung 
gestartet sobald ""in_Freigabe"" vorhanden ist. Der Ausgang wird sofort mit 
dem Signal ""in_Freigabe"" auf 1 gesetzt. Sobald die Freigabe nicht mehr 
vorhanden ist wird die Ausschaltverzögerung gestartet. Der Ausgang 
""io_Ausgangssignal"" steht weiterhin auf 1. Nach Ablauf der Verzögerungszeit 
""in_Verzoegerungszeit"" wird der Ausgang ""io_Ausgangssignal"" auf 0 gesetzt. Der 
Eingang ""in_Reset"" bewirkt eine Nullung der Istzeit und ein Rücksetzen des 
Ausgangs. Wird der Eingang ""in_Reset"" weggenommen so startet die Funktion von 
vorne, es sei denn ""in_Freigabe"" ist dann nicht mehr vorhanden.

SV: Durch Auswahl von ""V"" als Verzögerungsart wird ein verlängerter Impuls 
gestartet sobald ""in_Freigabe"" vorhanden ist. Der Ausgang ""io_Ausgangssignal"" 
wird für die Verzögerungszeit ""in_Verzoegerungszeit"" auf 1 gesetzt, unabhängig 
vom Eingang ""in_Freigabe"". Der Eingang ""in_Reset"" bewirkt eine Nullung der 
Istzeit und ein Rücksetzen des Ausgangs. Wird der Eingang ""in_Reset"" 
weggenommen so startet der Impuls von vorne, es sei denn ""in_Freigabe"" ist dann 
nicht mehr vorhanden.  

SI: Durch Auswahl von ""I"" als Verzögerungsart wird ein Impuls gestartet sobald 
""in_Freigabe"" vorhanden ist. Der Ausgang ""io_Ausgangssignal"" wird für die 
bestimmte Zeit auf 1 gesetzt, abhängig vom Eingang ""in_Freigabe"". Der Eingang 
""Reset"" bewirkt eine Nullung der Istzeit und ein Rücksetzen des Ausgangs 
""io_Ausgangssignal"". Wird der Eingang ""Reset"" weggenommen so startet der Impuls 
von vorne, es sei denn ""in_Freigabe"" ist dann nicht mehr vorhanden.

SZ: Diese Funktion kann als Zeitzähler bezeichnet werden. Sobald ""in_Freigabe"" 
vorhanden ist wird die Zeit hochgezählt. Ohne ""in_Freigabe"" bleibt die Zeit 
stehen, sobald ""in_Freigabe"" wieder vorhanden ist wird weiter gezählt. Ist die 
Sollzeit ""in_Verzoegerungszeit"" erreicht und ""in_Freigabe"" geht weg, wird der 
Zeitzähler rückgesetzt. Der Eingang ""Reset"" bewirkt eine Nullung der Istzeit 
und ein Rücksetzen des Ausgangs ""io_Ausgangssignal"". Wird der Eingang ""Reset"" 
weggenommen so startet der Zeitzähler von vorne, es sei denn ""in_Freigabe"" ist 
dann nicht mehr vorhanden.";"Building:
Date         Editor                                                     Version
--------------------------------------------------------------------------------
27.05.97     R.Schaffert (sra)                                          01.00.00
  
Modifications:
No. Date     Edit  Description                                    Index Version
--------------------------------------------------------------------------------
01  05.02.1999  hus      Parameter ""Reset"" eingeführt             ()    01.01.00
02  22.03.1999  sra      Fehlerbeseitigung                        ()    01.01.01
03  25.08.1999  jm       SV inkl. Reset (getestet)                ()    01.02.00
04  27.09.1999  jm       SI inkl. Reset (getestet)                ()    01.03.00
05  26.05.2002  jm       SZ inkl. Reset (getestet): Zeitzähler    ()    01.04.00
06  22.05.2007  sra      Zeitzaehler läuft bei SE weiter          (006) 01.04.01

________________________________________________________________________________
Functional description:

This function generates an arbitrary cycle signal without using a timer.

Es muß ein Impulssignal ""in_Impuls"" der Standardimpulse MB4 angelegt werden, 
das durch die Angabe der Taktzeit in 1/100ms ""in_Impulszeit_in_100ms"" 
spezifiziert wird.

Wird der Eingang ""Reset"" gesetzt, wird der Ausgang zurückgesetzt und der 
Zeitzähler wird auf 0 gesetzt.

SE: Durch Auswahl von ""E"" als Verzögerungsart wird eine Einschaltverzögerung 
gestartet sobald ""in_Freigabe"" vorhanden ist. Der Ausgang ""io_Ausgangssignal"" 
wird nach Ablauf der Verzögerungszeit ""in_Verzoegerungszeit"" auf 1 gesetzt und 
steht dann solange an bis die Freigabe nicht mehr vorhanden ist. Der Eingang 
""in_Reset""  bewirkt eine Nullung der Istzeit und ein Rücksetzen des Ausgangs. 
Wird der Eingang ""in_Reset"" weggenommen so startet die Verzögerungszeit von 
vorne, es sei denn ""in_Freigabe"" ist dann nicht mehr vorhanden.

SA: Durch Auswahl von ""A"" als Verzögerungsart wird eine Ausschaltverzögerung 
gestartet sobald ""in_Freigabe"" vorhanden ist. Der Ausgang wird sofort mit 
dem Signal ""in_Freigabe"" auf 1 gesetzt. Sobald die Freigabe nicht mehr 
vorhanden ist wird die Ausschaltverzögerung gestartet. Der Ausgang 
""io_Ausgangssignal"" steht weiterhin auf 1. Nach Ablauf der Verzögerungszeit 
""in_Verzoegerungszeit"" wird der Ausgang ""io_Ausgangssignal"" auf 0 gesetzt. Der 
Eingang ""in_Reset"" bewirkt eine Nullung der Istzeit und ein Rücksetzen des 
Ausgangs. Wird der Eingang ""in_Reset"" weggenommen so startet die Funktion von 
vorne, es sei denn ""in_Freigabe"" ist dann nicht mehr vorhanden.

SV: Durch Auswahl von ""V"" als Verzögerungsart wird ein verlängerter Impuls 
gestartet sobald ""in_Freigabe"" vorhanden ist. Der Ausgang ""io_Ausgangssignal"" 
wird für die Verzögerungszeit ""in_Verzoegerungszeit"" auf 1 gesetzt, unabhängig 
vom Eingang ""in_Freigabe"". Der Eingang ""in_Reset"" bewirkt eine Nullung der 
Istzeit und ein Rücksetzen des Ausgangs. Wird der Eingang ""in_Reset"" 
weggenommen so startet der Impuls von vorne, es sei denn ""in_Freigabe"" ist dann 
nicht mehr vorhanden.  

SI: Durch Auswahl von ""I"" als Verzögerungsart wird ein Impuls gestartet sobald 
""in_Freigabe"" vorhanden ist. Der Ausgang ""io_Ausgangssignal"" wird für die 
bestimmte Zeit auf 1 gesetzt, abhängig vom Eingang ""in_Freigabe"". Der Eingang 
""Reset"" bewirkt eine Nullung der Istzeit und ein Rücksetzen des Ausgangs 
""io_Ausgangssignal"". Wird der Eingang ""Reset"" weggenommen so startet der Impuls 
von vorne, es sei denn ""in_Freigabe"" ist dann nicht mehr vorhanden.

SZ: Diese Funktion kann als Zeitzähler bezeichnet werden. Sobald ""in_Freigabe"" 
vorhanden ist wird di+B159e Zeit hochgezählt. Ohne ""in_Freigabe"" bleibt die Zeit 
stehen, sobald ""in_Freigabe"" wieder vorhanden ist wird weiter gezählt. Ist die 
Sollzeit ""in_Verzoegerungszeit"" erreicht und ""in_Freigabe"" geht weg, wird der 
Zeitzähler rückgesetzt. Der Eingang ""Reset"" bewirkt eine Nullung der Istzeit 
und ein Rücksetzen des Ausgangs ""io_Ausgangssignal"". Wird der Eingang ""Reset"" 
weggenommen so startet der Zeitzähler von vorne, es sei denn ""in_Freigabe"" ist 
dann nicht mehr vorhanden.";""
"Erstellung:
Datum        Bearbeiter                                                 Version
--------------------------------------------------------------------------------


Änderungen:
Nr. Datum    Bearb Änderung                                       Marke  Version
--------------------------------------------------------------------------------
 ";"Building:
Date         Editor                                                     Version
--------------------------------------------------------------------------------


Modifications:
No. Date     Edit  Description                                    Index Version
--------------------------------------------------------------------------------
 ";""
"Erstellung:
Datum        Bearbeiter                                                Version
--------------------------------------------------------------------------------
09.03.99     R.Schaffert (sra)                                         V01.00.00

Änderungen:
Nr. Datum    Bearb Beschreibung                                   Marke Version
--------------------------------------------------------------------------------
01 30.06.99  sra   Fehlerbeseitigung                                    01.00.01
02 27.01.04  gea   Fehlerbeseitigung Quell-DW > 8192              (002) 01.00.02
03 13.12.05  sra   Fehlerbeseitigung Ziel-DW > 8192               (003) 01.00.03
04 10.06.10  sra   Bereich > 32767 kopieren                       (004) 01.00.04
________________________________________________________________________________
Funktion:

Blocktranferfunktion mit Systemfunktion SFC20
-Bei ""in_Ziel_Typ"" = 'E' werden die Aktualwerte des in ""in Quelle"" definierten 
 Bereiches an den durch ""in_Ziel_DW"" definierten Eingangsbereich kopiert.
-Bei ""in_Ziel_Typ"" = 'A' werden die Aktualwerte des in ""in Quelle"" definierten 
 Bereiches an den durch ""in_Ziel_DW"" definierten Ausgangsbereich kopiert.
-Bei ""in_Ziel_Typ"" = 'M' werden die Aktualwerte des in ""in Quelle"" definierten 
 Bereiches an den durch ""in_Ziel_DW"" definierten Merkerbereich kopiert.
-Bei ""in_Ziel_Typ"" = 'D' werden die Aktualwerte des in ""in Quelle"" definierten 
 Bereiches an den durch ""in_Ziel_DB"" und ""in_Ziel_DW"" definierten 
 Global-Datenbaustein kopiert.
-Bei ""in_Ziel_Typ"" = 'I' werden die Aktualwerte des in ""in Quelle"" definierten 
 Bereiches an den durch ""in_Ziel_DW"" definierten Zielbereich des aktuellen 
 Instanz-Datenbausteines kopiert.

An diesen Funktionsbaustein und den SFC20 werden Zeiger (ANY-Zeiger) angelegt, 
die die Datenquelle definieren. Zeiger ist folgendermaßen aufgebaut:
     Byte n       B#16#10 
     Byte n+1     Datentyp (Bool, Byte, usw.)
     Byte n+2     Anzahl der Datentypen die kopiert werdn sollen (2 Byte)
     Byte n+4     Datenbausteinnummer (2 Byte)
     Byte n+6     Bereichszeiger (4 Byte)

Aufbau des bereichsübergreifenden Zeigers:  10000ZZZ 00000yyy yyyyyyyy yyyyyxxx
      z = Operandenbereich (codiert)
      y = Byte-Adresse
      x = Bit-Adresse
";"Building:
Date         Editor                                                     Version
--------------------------------------------------------------------------------
09.03.99     R.Schaffert (sra)                                         V01.00.00

Modifications:
No. Date     Edit  Description                                    Index Version
--------------------------------------------------------------------------------
01 30.06.99  sra   Fehlerbeseitigung                                    01.00.01
02 27.01.04  gea   Fehlerbeseitigung Quell-DW > 8192              (002) 01.00.02
03 13.12.05  sra   Fehlerbeseitigung Ziel-DW > 8192               (003) 01.00.03
04 10.06.10  sra   Bereich > 32767 kopieren                       (004) 01.00.04
________________________________________________________________________________
Functional description:

Block transfer function with system function SFC20
- At ""in_target_type"" = 'E', the actual values of the range defined in ""in source"" are copied to the input range defined by ""in_target_DW"".
- At ""in_target_type"" = 'A', the actual values of the range defined in ""in source"" are copied to the output range defined by ""in_target_DW"".
- At ""in_target_type"" = 'M', the actual values of the range defined in ""in_source"" are copied to the flag range defined by ""in_target_DW"". At ""in_target_type"" = 'D', the actual values of the range defined in ""in_source""are copied to the global data block defined by ""in_target_DB"" and ""in_target_DW"".
- At ""in_target_type"" = 'I', the actual values of the range defined in ""in source"" are copied to the target range of the actual instance data block defined by ""in_target_DW"".

Pointers (ANY pointers) which define the data source are applied at this function block and the SFC20. The pointer is configured as follows:
     Byte n       B#16#10 
     Byte n+1     Data type (Bool, byte, etc.)
     Byte n+2     Number of data types to be copied (2 byte)
     Byte n+4     Data block number (2 byte)
     Byte n+6     Range pointer (4 byte)

Structure of cross-range pointer:  10000ZZZ 00000yyy yyyyyyyy yyyyyxxx
      z = Operand range (coded)
      y = byte address
      x = bit address
";""
"Erstellung:
Datum        Bearbeiter                                                 Version
--------------------------------------------------------------------------------
03.03.99     A.Geiger (gea)                                             01.00.00

Änderungen:
Nr. Datum    Bearb Beschreibung                                   Marke Version
--------------------------------------------------------------------------------
01  

________________________________________________________________________________
Funktion:

Der Baustein ermittelt aus einem ANY-Zeiger:
  Datenbausteinnummer
  Datenwortnummer Beginn des Anyzeigers
  Länge des Bereiches in Byte
";"Building:
Date         Editor                                                     Version
--------------------------------------------------------------------------------
03.03.99     A.Geiger (gea)                                             01.00.00

Modifications:
No. Date     Edit  Description                                    Index Version
--------------------------------------------------------------------------------
01  

________________________________________________________________________________
Functional description:

From an ANY pointer the block determines:
- Data block number
- Data word number, start of ANY pointer
- Length of range in bytes
";""
"Erstellung:
Datum        Bearbeiter                                                 Version
--------------------------------------------------------------------------------
08.12.98     R.Schaffert (sra)                                          01.00.00

Änderungen:
Nr. Datum    Bearb Beschreibung                                   Marke Version
--------------------------------------------------------------------------------
01  13.04.00 sra   Fehlerbehebung (1 Byte zuviel belegt)                01.00.01
02  25.08.00 sra   Fehlerbehebung Zeigerberechnung                      01.00.02

________________________________________________________________________________
Beschreibung:

Diese Funktion beschreibt die angegebenen Worte eines Datenbausteins mit dem im 
Parameter ""Wert"" eingetragenen Wert.
";"Building:
Date         Editor                                                     Version
--------------------------------------------------------------------------------
08.12.98     R.Schaffert (sra)                                          01.00.00

Modifications:
No. Date     Edit  Description                                    Index Version
--------------------------------------------------------------------------------
01  13.04.00 sra   Fehlerbehebung (1 Byte zuviel belegt)                01.00.01
02  25.08.00 sra   Fehlerbehebung Zeigerberechnung                      01.00.02

________________________________________________________________________________
Functional description:

This function describes the specified word of a data block with the value entered in the ""value"" parameter.
";""
"Erstellung:
Datum        Bearbeiter                                                 Version
--------------------------------------------------------------------------------
22.03.01     R.Schaffert (sra)                                          01.00.00

Änderungen:
Nr. Datum    Bearb Beschreibung                                   Marke Version
--------------------------------------------------------------------------------
01  16.08.01 sra   Fehlerbeseitigung  Daten löschen               (001) 01.00.01
02  31.08.01 sra   Daten von Ziel auch löschen wenn Ziel-DB 0 ist (002) 01.00.02

________________________________________________________________________________
Beschreibung: 

Der Baustein kopiert die Schnittstelle, die durch den ANY-Zeiger festgelegt ist, 
an einen ""Slave"". Sobald ein Bit in der Steuerbitleiste gesetzt ist reagiert der 
Slave und antwortet. Ist kein Bit in der Steuerbitleiste belegt, baut der Slave 
die Schnittstelle ab und kann durch anderen Master belegt werden.
!!Die Steuerbitleiste ist immer das letzte Wort in der Schnittstelle!!

Anwendung z.B. bei Kommunikation mehrere Waage <-> mehrere Silo  
 
";"Building:
Date         Editor                                                     Version
--------------------------------------------------------------------------------
22.03.01     R.Schaffert (sra)                                          01.00.00

Modifications:
No. Date     Edit  Description                                    Index Version
--------------------------------------------------------------------------------
01  16.08.01 sra   Fehlerbeseitigung  Daten löschen               (001) 01.00.01
02  31.08.01 sra   Daten von Ziel auch löschen wenn Ziel-DB 0 ist (002) 01.00.02

________________________________________________________________________________
Functional description:

The block copies the interface, which is defined by the ANY pointer, to a ""slave"". The slave reacts and responds as soon as a bit is set in the control bit string. If no bit is set in the control bit string the slave cancels the interface and can be assigned by another master.
!!The control bit string is always the last word in the interface!!

Use, e.g. for communication between several scales <-> several silos
 
";""
"Erstellung:
Datum        Bearbeiter                                                 Version
--------------------------------------------------------------------------------
22.03.01     R.Schaffert (sra)                                          01.00.00

Änderungen:
Nr. Datum    Bearb Beschreibung                                   Marke Version
--------------------------------------------------------------------------------
01  00.00.00 xxx   xxx                                            ???   01.xx.xx

________________________________________________________________________________
Beschreibung: 

Der Baustein kopiert die Schnittstelle, die durch den ANY-Zeiger festgelegt 
ist, an einen ""Master"". Sobald ein Bit in der Steuerbitleiste gesetzt ist 
reagiert der Slave und antwortet. Ist kein Bit in der Steuerbitleiste belegt, 
baut der Slave die Schnittstelle ab und kann durch anderen Master belegt werden.
!!Die Steuerbitleiste ist immer das letzte Wort in der Schnittstelle!!

Anwendung z.B. bei Kommunikation mehrere Waage <-> mehrere Silo  
 

";"Building:
Date         Editor                                                     Version
--------------------------------------------------------------------------------
22.03.01     R.Schaffert (sra)                                          01.00.00

Modifications:
No. Date     Edit  Description                                    Index Version
--------------------------------------------------------------------------------
01  00.00.00 xxx   xxx                                            ???   01.xx.xx

________________________________________________________________________________
Functional description:

The block copies the interface, which is defined by the ANY pointer, to a ""master"". The slave reacts and responds as soon as a bit is set in the control bit string. If no bit is set in the control bit string, the slave cancels the interface and can be assigned by another master.
!!The control bit string is always the last word in the interface!!

Use, e.g. for communication between several scales <-> several silos
 

";""
"DATUM     BEARBEITER                                                    VERSION
--------------------------------------------------------------------------------
29.02.00  A. Geiger (gea)                                               01.00.00
  
Änderungen:
Nr. Datum    Bearb Beschreibung                    Änderung       Marke Version
--------------------------------------------------------------------------------
01  06.07.00 gea   Neue Konzeption (Kopieren über Schleife)             02.00.00
02  26.10.01 gea   Fehlerbehebung DB überprüfen                   (002) 02.00.01
03  05.11.03 gea   Alle Datentypen zulassen                       (003) 02.00.02
04  10.06.10 sra   Bereich > 32767 kopieren                       (004) 02.00.03
________________________________________________________________________________

Funktion:

Beschreibung: Kopieren Quelle nach Ziel (ANY-Zeiger)

Datentyp:
  P - Peripherie
  E - Eingänge
  A - Ausgänge
  M - Merker
  D - Datenbaustein in Quell_DB bzw. Ziel_DB
  I - Instanz-DB in DI-Register
  G - Global-DB in DB-Register
  L - Lokaldaten
  K - Bausteinvorbelegen mit Konstante in Quell_DW (Low-Byte) (nur für Quelle)













THE HORROR CONTINUES ...";"Building:
Date         Editor                                                     Version
--------------------------------------------------------------------------------
29.02.00  A. Geiger (gea)                                               01.00.00
  
Modifications:
No. Date     Edit  Description                                    Index Version
--------------------------------------------------------------------------------
01  06.07.00 gea   Neue Konzeption (Kopieren über Schleife)             02.00.00
02  26.10.01 gea   Fehlerbehebung DB überprüfen                   (002) 02.00.01
03  05.11.03 gea   Alle Datentypen zulassen                       (003) 02.00.02
04  10.06.10 sra   Bereich > 32767 kopieren                       (004) 02.00.03
________________________________________________________________________________

Functional description:

Description: Copying source to target (ANY pointer)
Data type:
  P - Periphery
  E - Inputs
  A - Outputs
  M - Marker
  D - Data block in source_DB or target_DB
  I - Instance-DB in DI-register
  G - Global-DB in DB-register
  L - Local data
  K - Pre-assign block with constant in source_DW (low-byte) (only for source)











THE HORROR CONTINUES ...";""
"Erstellung:
Datum        Bearbeiter                                                 Version
--------------------------------------------------------------------------------
26.06.97     G.Herkert (hkt)                                            01.00.00

Änderungen:
Nr. Datum    Bearb Beschreibung                                   Marke Version
--------------------------------------------------------------------------------
01  20.05.98 sra   komplette Überarbeitung                              02.00.00
02  29.10.98 gea   Überprüfung Länge und Existenz DBs                   02.01.00
03  24.11.98 gea   'I' kopiert in/von akt Instanz-DB                    02.02.00
04  10.05.99 sra   Bereichszeigerberechnung korrigiert                  02.02.01
05  10.12.01 gea   'K' löscht Bereich                             (005) 02.03.00
06  07.06.10 sra   Bereich > 32767 kopieren                       (006) 02.03.01

________________________________________________________________________________
Funktion:

Blocktranferfunktion mit Systemfunktion SFC20
-Bei ""Quell_Typ"" = 'E' werden die Aktualwerte der in ""Quell_DW"" definierten 
 Eingangsadressen ausgelesen und kopiert.
-Bei ""Quell_Typ"" = 'A' werden die Aktualwerte der in ""Quell_DW"" definierten 
 Ausgangsadressen ausgelesen und kopiert.
-Bei ""Quell_Typ"" = 'M' werden die Aktualwerte der in ""Quell_DW"" definierten 
 Merkeradressen ausgelesen und kopiert.
-Bei ""Quell_Typ"" = 'D' werden die Aktualwerte der in ""Quell-DB"" und ""Quell_DW""  
 definierten Datenworte ausgelesen und kopiert.
-Bei ""Quell_Typ"" = 'I' werden die Aktualwerte der in ""Quell_DW"" definierten 
 Datenworte des aktuellen Instanz-DBs ausgelesen und kopiert.

-Bei ""Ziel_Typ"" = 'E' werden die definierten Quelldaten an den durch 
 ""in_Ziel_DW"" definierten Eingangsbereich kopiert.
-Bei ""Ziel_Typ"" = 'A' werden die definierten Quelldaten an den durch 
 ""in_Ziel_DW"" definierten Ausgangsbereich kopiert.
-Bei ""Ziel_Typ"" = 'M' werden die definierten Quelldaten an den durch 
 ""in_Ziel_DW"" definierten Merkerbereich kopiert.
-Bei ""Ziel_Typ"" = 'D' werden die definierten Quelldaten an den durch  
""in_Ziel_DB"" und ""in_Ziel_DW"" definierten Global-Datenbaustein kopiert.
-Bei ""Ziel_Typ"" = 'I' werden die definierten Quelldaten an den durch  
 ""in_Ziel_DW"" definierten Zielbereich des aktuellen Instanz-Datenbausteines  
 kopiert.

An den SFC20 werden Zeiger (ANY-Zeiger) angelegt die die Quelle und das Ziel 
beschreiben. Zeiger sind folgendermaßen aufgebaut:
     Byte n       B#16#10 
     Byte n+1     Datentyp (Bool, Byte, usw.)
     Byte n+2     Anzahl der Datentypen die kopiert werdn sollen (2 Byte)
     Byte n+4     Datenbausteinnummer (2 Byte)
     Byte n+6     Bereichszeiger (4 Byte)

Aufbau des bereichsübergreifenden Zeigers:  10000ZZZ 00000yyy yyyyyyyy yyyyyxxx
      z = Operandenbereich (codiert)
      y = Byte-Adresse
      x = Bit-Adresse";"Erstellung:
Datum        Bearbeiter                                                 Version
--------------------------------------------------------------------------------
26.06.97     G.Herkert (hkt)                                            01.00.00

Änderungen:
Nr. Datum    Bearb Beschreibung                                   Marke Version
--------------------------------------------------------------------------------
01  20.05.98 sra   komplette Überarbeitung                              02.00.00
02  29.10.98 gea   Überprüfung Länge und Existenz DBs                   02.01.00
03  24.11.98 gea   'I' kopiert in/von akt Instanz-DB                    02.02.00
04  10.05.99 sra   Bereichszeigerberechnung korrigiert                  02.02.01
05  10.12.01 gea   'K' löscht Bereich                             (005) 02.03.00
06  07.06.10 sra   Bereich > 32767 kopieren                       (006) 02.03.01

________________________________________________________________________________
Funktion:

Blocktranferfunktion mit Systemfunktion SFC20
-Bei ""Quell_Typ"" = 'E' werden die Aktualwerte der in ""Quell_DW"" definierten 
 Eingangsadressen ausgelesen und kopiert.
-Bei ""Quell_Typ"" = 'A' werden die Aktualwerte der in ""Quell_DW"" definierten 
 Ausgangsadressen ausgelesen und kopiert.
-Bei ""Quell_Typ"" = 'M' werden die Aktualwerte der in ""Quell_DW"" definierten 
 Merkeradressen ausgelesen und kopiert.
-Bei ""Quell_Typ"" = 'D' werden die Aktualwerte der in ""Quell-DB"" und ""Quell_DW""  
 definierten Datenworte ausgelesen und kopiert.
-Bei ""Quell_Typ"" = 'I' werden die Aktualwerte der in ""Quell_DW"" definierten 
 Datenworte des aktuellen Instanz-DBs ausgelesen und kopiert.

-Bei ""Ziel_Typ"" = 'E' werden die definierten Quelldaten an den durch 
 ""in_Ziel_DW"" definierten Eingangsbereich kopiert.
-Bei ""Ziel_Typ"" = 'A' werden die definierten Quelldaten an den durch 
 ""in_Ziel_DW"" definierten Ausgangsbereich kopiert.
-Bei ""Ziel_Typ"" = 'M' werden die definierten Quelldaten an den durch 
 ""in_Ziel_DW"" definierten Merkerbereich kopiert.
-Bei ""Ziel_Typ"" = 'D' werden die definierten Quelldaten an den durch  
""in_Ziel_DB"" und ""in_Ziel_DW"" definierten Global-Datenbaustein kopiert.
-Bei ""Ziel_Typ"" = 'I' werden die definierten Quelldaten an den durch  
 ""in_Ziel_DW"" definierten Zielbereich des aktuellen Instanz-Datenbausteines  
 kopiert.

An den SFC20 werden Zeiger (ANY-Zeiger) angelegt die die Quelle und das Ziel 
beschreiben. Zeiger sind folgendermaßen aufgebaut:
     Byte n       B#16#10 
     Byte n+1     Datentyp (Bool, Byte, usw.)
     Byte n+2     Anzahl der Datentypen die kopiert werdn sollen (2 Byte)
     Byte n+4     Datenbausteinnummer (2 Byte)
     Byte n+6     Bereichszeiger (4 Byte)

Aufbau des bereichsübergreifenden Zeigers:  10000ZZZ 00000yyy yyyyyyyy yyyyyxxx
      z = Operandenbereich (codiert)
      y = Byte-Adresse
      x = Bit-Adresse";""
"DATUM     BEARBEITER                                                    VERSION
--------------------------------------------------------------------------------
29.02.00  A. Geiger (gea)                                               01.00.00
  
Änderungen:
Nr. Datum    Bearb Beschreibung                                   Marke Version
--------------------------------------------------------------------------------
01  30.08.00 gea   Neue Konzeption (Kopieren über Schleife)             02.00.00

________________________________________________________________________________
Beschreibung: 
Datensatz in Tabelle schreiben

Aufbau Tabelle:
  Tabellen-DB: 
               DBB0    ... DBB(n-1)  1.Zeile
               DBB(n)  ... DBB(2n-1) 2.Zeile
               DBB(2n) ... DBB(3n-1) 3.Zeile
               usw.

Die Anzahl der Spalten pro Zeile (n) ist abhängig von der Länge der ""Quelle"".
Die ""Quelle"" muß ein ANY-Zeiger auf Bytes oder Stuct sein.
eine Überprüfung auf Existenz und Länge des Tabellen-DBs wird durchgeführt.
";"Building:
Date         Editor                                                     Version
--------------------------------------------------------------------------------
29.02.00  A. Geiger (gea)                                               01.00.00
  
Modifications:
No. Date     Edit  Description                                    Index Version
--------------------------------------------------------------------------------
01  30.08.00 gea   Neue Konzeption (Kopieren über Schleife)             02.00.00

________________________________________________________________________________
Functional description:

Write data set to table

Table structure:
Table DB: 
               DBB0    ... DBB(n-1)  1st line
               DBB(n)  ... DBB(2n-1) 2nd line
               DBB(2n) ... DBB(3n-1) 3rd line
               etc.
";""
"Erstellung:
Datum        Bearbeiter                                                 Version
--------------------------------------------------------------------------------
00.00.00     xxx                                                        01.00.00

Änderungen:
Nr. Datum    Bearb Beschreibung                                   Marke Version
--------------------------------------------------------------------------------
01  00.00.00                                                      (xxx) xx.xx.xx

--------------------------------------------------------------------------------

";"Building:
Date         Editor                                                     Version
--------------------------------------------------------------------------------
00.00.00     xxx                                                        01.00.00

Modifications:
No. Date     Edit  Description                                    Index Version
--------------------------------------------------------------------------------
01  00.00.00                                                      (xxx) xx.xx.xx

--------------------------------------------------------------------------------

";""
