"V01.00.000"
"$_Languages"
"7(1) German (Germany)";"9(2) English (United Kingdom)";"513(1) Key"
"$_Timestamp"
"20.09.2018  13:20:47";"20.09.2018  13:20:47";"20.09.2018  13:20:47"
"$_Typ(InterfaceComment)"
"E = Eingang, A = Ausgang";"Type: E = Input A = Output";""
"Ein-/Ausgangsadresse des Analogkanals ";"In-/Outputaddress of analog signal";""
"Obergrenze des Ausgabewertes (z.B. Drucktransmitter: 2 bar) ";"upper limit of analog signal (e.g. pressure transmitter: 2 bar) ";""
"Untergrenze des Ausgabewertes (z.B. Drucktransmitter: 0 bar) ";"lower limit of analog signal (e.g. pressure transmitter: 0 bar) ";""
"Digitwert den die Baugruppe bei der Obergrenze liefert z.B. 27648";"digit value of analog card for upper limit e.g. 27648";""
"Digitwert den die Baugruppe bei der Untergrenze liefert z.B. 0 bzw. -27648";"digit value of analog card for lower limit e.g. 0 or. -27648";""
"eingelesener und normierter Wert den die Baugrppe liefert";"normalized analog signal from analog card";""
"Drahtbruchstoerung";"broken wire detected";""
"eingelesener Analogwert";"pressure value of analogue input";""
"Min. Druck: bei Unterschreitung wird Druckstörung rückgesetzt";"min. pressure: reset error message on dropping below this value";""
"Max. Druck: bei Überschreitung erfolgt Störmeldung";"max. pressure:  generate error message on exceeding this value";""
"Leerdruck: bei Unterschreitung wird Parameter ""Leerdruck aktiv"" gesetzt";"empty pressure: genereate message on dropping below this value";""
"Verzögerung Abgleich";"delay time of adjustment";""
"Auswahl Saug-/Druckförderung";"Selection  suction conveying/pressure conveying";""
"Drahtbruchmeldung von Analogkanal";"Fault, wire break from analogue chanel";""
"Gebläse/Pumpe aktiv";"Blower/Pump active";""
"Freigabe Druckstoerung";"release pressure fault";""
"Zeitzaehler für Verzögerung Abgleich";"time counter for delay of pressure adjustment";""
"Relativdruck";"relativ pressure";""
"Memory-Feld für Abgleich";"memory value for pressure adjustment";""
"Ausgabe Druckstoerung";"diplay of pressure fault";""
"Leerdruck unterschritten";"empty pressure reached";""
"Ausgangssignal Timernachbildung Verzögerung Abgleich";"output signal timer for delay time of pressure adjustment";""
"Z=Zentralbaugruppe, B=ET200B Analogmodul, W=Wago 750-466, sonstige";"Z=central assembly, B=ET200 analog module, W=Wago 750-466, others";""
"Simulation des Analogwertes über Eintrag in Datenbaustein";"Simulation of analogue value by entry in data block";""
"Simulation-DB des Analogwertes über Eintrag in Datenbaustein";"Simulation DB for analogue value by entry in data block";""
"in Sekunden";"in seconds";""
"in kg";"in kg";""
"Schnittstelle Rezept- zu Komponentenebene";"Interface Recipe level to component level";""
"Schnittstelle Komponenten- zu Rezeptebene";"Interface Component level to Recipe level";""
"0=PC-Mode, 1=SPS-Mode";"0=PC mode, 1=PLC mode";""
"Wertebereich: 0..20000";"Wertebereich: 0..20000";""
"0=fester Nachlaufwert; 1=automatische Nachlaufkorrektur";"0=fester Nachlaufwert; 1=automatische Nachlaufkorrektur";""
"in kg/l";"in kg/l";""
"in kg/h";"in kg/h";""
"Wertebereich: 0-65535; Skalierung 1 sec";"Wertebereich: 0-65535; Skalierung 1 sec";""
"Wertebereich: 0-1000; Skalierung 0,1%";"Wertebereich: 0-1000; Skalierung 0,1%";""
"Messwert wird nicht mehr aktuelisiert";"Messwert wird nicht mehr aktuelisiert";""
"Schnittstelle Analog- zu Einzelschrittebene";"Schnittstelle Analog- zu Einzelschrittebene";""
"in l (bei Flüssigkeiten)";"in l (bei Flüssigkeiten)";""
"Gesamtsollgeicht";"Gesamtsollgeicht";""
"Sollgewicht der aktuellen Verwiegung bei Optimierung";"Sollgewicht der aktuellen Verwiegung bei Optimierung";""
"Restsollgewicht der aktuellen Verwiegung bei Optimierung";"Restsollgewicht der aktuellen Verwiegung bei Optimierung";""
"Istgewicht der aktuellen Verwiegung bei Optimierung (Aufsummierung)";"Istgewicht der aktuellen Verwiegung bei Optimierung (Aufsummierung)";""
"Schnittstelle Einzelschritt- zu Analogebene";"Schnittstelle Einzelschritt- zu Analogebene";""
"bei automatischer Nachlaufkorrektur";"bei automatischer Nachlaufkorrektur";""
"in %";"in %";""
"0=HSH-Mode; 1=SPS-Mode";"0=hsh mode; 1=PLC mode";""
"0=SPS-Handmode; 1=SPS-Auftragsmode";"0=PLC manual mode; 1=PLC order mode";""
"0=SPS-Hand-Komponentenmode; 1=SPS-Hand-Rezeptmode";"0=PLC manual component mode; 1=PLC-manual recipemode";""
"1=Waagenabgleich-Mode";"1=adjustment mode";""
"1=Waagenabgleich-Mode Service";"1=adjustment mode service";""
"Schnittstelle Auftrag- zu Rezeptebene";"Interface Order level to Recipe level";""
"Schnittstelle Rezept- zu Auftragebene";"Interface Recipe level to Order level";""
"0=SPS-Hand-Mode, 1=SPS-Auftrag-Mode";"0=PLC manual mode, 1=PLC automatic mode";""
"0=ohne Impulsdosierung; 1=Dosierung über Impulseingang (kg/Puls)";"0=ohne Impulsdosierung; 1=Dosierung über Impulseingang (kg/Puls)";""
"0=ohne Zeitdosierung, 1=Dosierung über Zeiteinstellung (kg/s)";"0=ohne Zeitdosierung, 1=Dosierung über Zeiteinstellung (kg/s)";""
"==Waagennummer";"==Scale no.";""
"= Parameter Waagentyp bei MCS-Waage";"= Parameter Waagentyp bei MCS-Waage";""
"0 = aus; 1 = ein";"0 = aus; 1 = ein";""
"positiv Verwiegung ohne Chargenoptimierung";"positiv Verwiegung ohne Chargenoptimierung";""
"positiv Verwiegung mit Chargenoptimierung";"positiv Verwiegung mit Chargenoptimierung";""
"Förderauftrag / Kontrollverwiegung";"Förderauftrag / Kontrollverwiegung";""
"Zwischenentleerung";"Zwischenentleerung";""
"Entleerung";"Entleerung";""
"negativ Verwiegung ohne Chargenoptimierung";"negativ Verwiegung ohne Chargenoptimierung";""
"negativ Verwiegung mit Chargenoptimierung";"negativ Verwiegung mit Chargenoptimierung";""
"Befüllung";"Befüllung";""
"Handverwiegung";"Handverwiegung";""
"in l";"in l";""
"in kg/h (bei neg.Verwiegung ==Durchsatz Befüllung)";"in kg/h (bei neg.Verwiegung ==Durchsatz Befüllung)";""
"0 = Simulation aus, 1 = Simulation ein";"0 = Simulation aus, 1 = Simulation ein";""
"0 = Simulation aktiv, 1 = Simulation stop (Gewichtwert bleibt stehen)";"0 = Simulation aktiv, 1 = Simulation stop (Gewichtwert bleibt stehen)";""
"0=keine Durchsatzüberw. bei Feindosierung; 1=Durchsatzüberw. bei Feindosierung";"0=keine Durchsatzüberw. bei Feindosierung; 1=Durchsatzüberw. bei Feindosierung";""
"0=ohne Lagerortkonfiguration, 1=mit Lagerortkonfiguration (Lagerort-Rezept-DB)";"0=ohne Lagerortkonfiguration, 1=mit Lagerortkonfiguration (Lagerort-Rezept-DB)";""
"0=Befüllung Waage bis Sollwert o. Quittierung, 1=Befüllung muß quittiert werden";"0=Befüllung Waage bis Sollwert o. Quittierung, 1=Befüllung muß quittiert werden";""
"Tastatur des externen Wiegeterminals sperren falls vorhanden (z.B. Bizerba)";"Tastatur des externen Wiegeterminals sperren falls vorhanden (z.B. Bizerba)";""
"1 = keine Prüfung bei Negativverwiegung ob das vorhandene Gewicht ausreicht";"1 = keine Prüfung bei Negativverwiegung ob das vorhandene Gewicht ausreicht";""
"Optimierung bei Negativverwiegung immer bis Leerpegel (0=nein; 1=ja)";"Optimierung bei Negativverwiegung immer bis Leerpegel (0=nein; 1=ja)";""
"Chargenoptimierung ohne feindosieren ? (0=nein, 1=ja)";"Chargenoptimierung ohne feindosieren ? (0=nein, 1=ja)";""
"Rezeptoptimierung, d.h. Suche nach freiem Silo ? (0=nein; 1=ja)";"Rezeptoptimierung, d.h. Suche nach freiem Silo ? (0=nein; 1=ja)";""
"positiver Förderauftrag / Kontrollverwiegung";"positiver Förderauftrag / Kontrollverwiegung";""
"positiver Förderauftrag / Kontrollverwiegung mit Chargenoptimierung";"positiver Förderauftrag / Kontrollverwiegung mit Chargenoptimierung";""
"negativer Förderauftrag / Kontrollverwiegung ohne Chargenoptimierung";"negativer Förderauftrag / Kontrollverwiegung ohne Chargenoptimierung";""
"negativer Förderauftrag / Kontrollverwiegung mit Chargenoptimierung";"negativer Förderauftrag / Kontrollverwiegung mit Chargenoptimierung";""
"Abholauftrag (==Kontrollverwiegung ohne Dosiersignale, ohne Bilanzierung)";"Abholauftrag (==Kontrollverwiegung ohne Dosiersignale, ohne Bilanzierung)";""
"Handzugabe (==Handverwiegung mit Ist=Soll-Verbuchung) ";"Handzugabe (==Handverwiegung mit Ist=Soll-Verbuchung) ";""
"Istgewicht der gesamten Komponente bei Chargenoptimierung in kg";"Istgewicht der gesamten Komponente bei Chargenoptimierung in kg";""
"Sollgewicht der aktuellen Verwiegung in kg";"Sollgewicht der aktuellen Verwiegung in kg";""
"Sollgewicht Gesamt in kg";"Sollgewicht Gesamt in kg";""
"Restsollgewicht der aktuellen Verwiegung bei Optimierung in kg";"Restsollgewicht der aktuellen Verwiegung bei Optimierung in kg";""
"0=kein, 1=Analog   , 2=Siwarex U, 3=MCS-Modul , 4=Siwarex M, 6=Promass 63";"0=kein, 1=Analog   , 2=Siwarex U, 3=MCS-Modul , 4=Siwarex M, 6=Promass 63";""
"n.v.  , Kartentyp  , Kanal      , Wandlertyp  , n.v.       , n.v.";"n.v.  , Kartentyp  , Kanal      , Wandlertyp  , n.v.       , n.v.";""
"n.v.  , E/A-Adresse, E/A-Adresse, E/A-Adresse , E/A-Adresse, E/A-Adress";"n.v.  , E/A-Adresse, E/A-Adresse, E/A-Adresse , E/A-Adresse, E/A-Adress";""
"n.v.  , n.v.       , n.v.       , n.v.        , DB-Siwarex , n.v.";"n.v.  , n.v.       , n.v.       , n.v.        , DB-Siwarex , n.v.";""
"n.v.  , n.v.       , n.v.       , n.v.        , Vektor-DB  , n.v.";"n.v.  , n.v.       , n.v.       , n.v.        , Vektor-DB  , n.v.";""
"in l/Puls (bei Flüssigkeiten)";"in l/Puls (bei Flüssigkeiten)";""
"Kontroll-/Handverwiegung/Förderauftrag";"Kontroll-/Handverwiegung/Förderauftrag";""
"Schnittstelle Komponenten- zu Einzelschrittebene";"Schnittstelle Komponenten- zu Einzelschrittebene";""
"Waage beendet Verwiegung, es wird kein Freigabesignal mehr benötigt";"Waage beendet Verwiegung, es wird kein Freigabesignal mehr benötigt";""
"Waage beendet Verwiegung, die Freigabesignale werden benötigt";"Waage beendet Verwiegung, die Freigabesignale werden benötigt";""
"relativ";"relativ";""
"0-1000";"0-1000";""
"Schnittstelle Einzelschritt- zu Komponentenebene";"Schnittstelle Einzelschritt- zu Komponentenebene";""
"Schritte einzeln weiterschalten ein";"Schritte einzeln weiterschalten ein";""
"Schritt weiterschalten wenn Einzelschritt = ein ";"Schritt weiterschalten wenn Einzelschritt = ein ";""
"bereits produzierte Chargen der Linie ";"bereits produzierte Chargen der Linie ";""
"bereits angefangene Chargen der Linie";"bereits angefangene Chargen der Linie";""
"bereits produzierte Chargen der Waage";"bereits produzierte Chargen der Waage";""
"Verwiegung bei der die Waage nicht tariert wird";"Verwiegung bei der die Waage nicht tariert wird";""
"Verwiegung bei der eine Quittierung notwendig ist";"Verwiegung bei der eine Quittierung notwendig ist";""
"Hilfsmerker damit Haltbefehl korrekt ausgeführt wird";"Hilfsmerker damit Haltbefehl korrekt ausgeführt wird";""
"Hilfsmerker damit Taraspeicher nichr neu beschrieben wird";"Hilfsmerker damit Taraspeicher nichr neu beschrieben wird";""
"Pseudo Entleerung bei Durchflußmesssystemen";"Pseudo Entleerung bei Durchflußmesssystemen";""
"Optimierung bei Negativverwiegung bei erster Verwiegung (0=ja; 1=nein)";"Optimierung bei Negativverwiegung bei erster Verwiegung (0=ja; 1=nein)";""
"setzen einer frei definierbaren externen Fehlermeldung ";"setzen einer frei definierbaren externen Error message";""
"eichfähige Waage -> Nettogewicht von Waage";"eichfähige Waage -> Nettogewicht von Waage";""
"Beruhigungszeit_abgelaufen";"Beruhigungszeit_abgelaufen";""
"Beruhigungszeit_wiederholen";"Beruhigungszeit_wiederholen";""
"1=Freigabe Fehlerquittierung im Auftragsmode";"1=Freigabe Fehlerquittierung im Auftragsmode";""
"0=Fehlerquittierung von Bedienung im Automatikmode gesperrt, 1=freigegeben";"0=Fehlerquittierung von Bedienung im Automatikmode gesperrt, 1=freigegeben";""
"in °C";"in °C";""
"Kontrollverwiegung und Abholauftrag";"Kontrollverwiegung und Abholauftrag";""
"1 = Waage versucht bei neg. Toleranzüberschreitung nochmal aufzuschalten";"1 = Waage versucht bei neg. Toleranzüberschreitung nochmal aufzuschalten";""
"0=keine Komponentenoptimierung, 1=Komp.opt. bei gleichen Komp. im Rezeptmode";"0=keine Komponentenoptimierung, 1=Komp.opt. bei gleichen Komp. im Rezeptmode";""
"E/A-Adresse";"E/A-Adresse";""
"Siwarex DB";"Siwarex DB";""
"Vektor DB";"Vektor DB";""
"Justierung ist über Eichschalter gesperrt";"Justierung ist über Eichschalter gesperrt";""
"16= Siwarex CS";"16= Siwarex CS";""
"n/a";"n/a";""
"Input range (1=1mV/v, 2=2mV/V, 4=4mV/V)";"Input range (1=1mV/v, 2=2mV/V, 4=4mV/V)";""
"Filter low pass frequency";"Filter low pass frequency";""
"Filter depth of average value filter (0...FF)";"Filter depth of average value filter (0...FF)";""
"Zeroing negative range (% of WR)";"Zeroing negative range (% of WR)";""
"Zeroing positive range (% of WR)";"Zeroing positive range (% of WR)";""
"DR3: Calibration parameters";"DR3: Calibration parameters";""
"Calibration digits for 0";"Calibration digits for 0";""
"Calibration digits for 1";"Calibration digits for 1";""
"Calibration digits for 2";"Calibration digits for 2";""
"Calibration weight for 1";"Calibration weight for 1";""
"Calibration weight for 2";"Calibration weight for 2";""
"Filter type signal filter (only 0 allowed)";"Filter type signal filter (only 0 allowed)";""
"Scale identity";"Scale identity";""
"Minimum for weighing range WR ";"Minimum for weighing range WR ";""
"Maximum for weighing range WR";"Maximum for weighing range WR";""
"Digital increment for weighing range ";"Digital increment for weighing range ";""
"Stand still weight";"Stand still weight";""
"Stand still time in ms";"Stand still time in ms";""
"Decimal point for remote display";"Decimal point for remote display";""
"Tara range (% of WR)";"Tara range (% of WR)";""
"Reserve";"Reserve";""
"OIML or no ----";"OIML or no ----";""
"Unit for weight";"Unit for weight";""
"DR4: Limit parameters";"DR4: Limit parameters";""
"Value for limit 1 on";"Value for limit 1 on";""
"Value for limit 1 off";"Value for limit 1 off";""
"Value for limit 2 on";"Value for limit 2 on";""
"Value for limit 2 off";"Value for limit 2 off";""
"Limit 1 beased on gross weight (0) or net weight (1)";"Limit 1 beased on gross weight (0) or net weight (1)";""
"Limit 2 beased on gross weight (0) or net weight (1)";"Limit 2 beased on gross weight (0) or net weight (1)";""
"DR9: Module information data";"DR9: Module information data";""
"Name of the module";"Name of the module";""
"Order number (MLFB)";"Order number (MLFB)";""
"Hardware version";"Hardware version";""
"Firmware version";"Firmware version";""
"CRC checksum of the application software";"CRC checksum of the application software";""
"DR15: Tare control";"DR15: Tare control";""
"Tare set value";"Tare set value";""
"DR26: Internal process values";"DR26: Internal process values";""
"Tare value is preset";"Tare value is preset";""
"Actual tare value x 100";"Actual tare value x 100";""
"Actual zero value x 100";"Actual zero value x 100";""
"DR30: Process values";"DR30: Process values";""
"Status write protection on";"Status write protection on";""
"Status weighing range minimum";"Status weighing range minimum";""
"Status reserve";"Status reserve";""
"Status operational error on";"Status operational error on";""
"Status limit 1 is on";"Status limit 1 is on";""
"Status limit 2 is on";"Status limit 2 is on";""
"Status scale tared";"Status scale tared";""
"Status scale tared by manual";"Status scale tared by manual";""
"Status max plus 9 e";"Status max plus 9 e";""
"Status zero 0.25 d";"Status zero 0.25 d";""
"Status stand still 1 on";"Status stand still 1 on";""
"Status scale ist calibrated";"Status scale ist calibrated";""
"Operation error bits";"Operation error bits";""
"Actual weight process value gross ";"Actual weight process value gross ";""
"Actual weight process value netto";"Actual weight process value netto";""
"Actual weight process value tare";"Actual weight process value tare";""
"Actual weihgt process legal value";"Actual weihgt process legal value";""
"Actual weight process legal value x 10";"Actual weight process legal value x 10";""
"Actual weight tare process legal value";"Actual weight tare process legal value";""
"Actual ADC digit value before filtering";"Actual ADC digit value before filtering";""
"Actual ADC digit value after filtering";"Actual ADC digit value after filtering";""
"Actaul weight as ASCII string";"Actaul weight as ASCII string";""
"Actual runtime miliseconds";"Actual runtime miliseconds";""
"Actual runtime seconds";"Actual runtime seconds";""
"Actual runtime minutes";"Actual runtime minutes";""
"Actual runtime hours";"Actual runtime hours";""
"1: DS4: Grenzwertparameter im Flash sichern";"1: DS4: Grenzwertparameter im Flash sichern";""
"2: DS26: Tara- und Nullstellwert im FLASH sichern";"2: DS26: Tara- und Nullstellwert im FLASH sichern";""
"3: Justagebefehl Nullpunkt gültig";"3: Justagebefehl Nullpunkt gültig";""
"4: Justagebefehl Justagegewicht 1 gültig";"4: Justagebefehl Justagegewicht 1 gültig";""
"5: Justagebefehl Justagegewicht 2 gültig";"5: Justagebefehl Justagegewicht 2 gültig";""
"8: Alle Datensätze mit Defaultwerten besetzen";"8: Alle Datensätze mit Defaultwerten besetzen";""
"21: Waage nullstellen";"21: Waage nullstellen";""
"22: Tarieren";"22: Tare";""
"23: Tara löschen";"23: Tara löschen";""
"24: Eingegebenes Tara aus DS15 übernehmen";"24: Eingegebenes Tara aus DS15 übernehmen";""
"25: Erhöhte Auflösung einschalten";"25: Erhöhte Auflösung einschalten";""
"26: Taragewicht aus S7-Steuerungbereich übernehmen";"26: Taragewicht aus S7-Steuerungbereich übernehmen";""
"605: Alle Datensätze lesen";"605: Alle Datensätze lesen";""
"610: Alle Datensätze schreiben";"610: Alle Datensätze schreiben";""
"Datablock for scale parameters";"Datablock for scale parameters";""
"Datablock for vector information";"Datablock for vector information";""
"Command input";"Command input";""
"Command in progress";"Command in progress";""
"Command finished ok";"Command finished ok";""
"Error by command execution";"Error by command execution";""
"Error code for command execution";"Error code for command execution";""
"Refresh counter";"Refresh counter";""
"Process value 1";"Process value 1";""
"Status of the scale";"Status of the scale";""
"Error message code";"Error message code";""
"Function block error occured";"Function block error occured";""
"Function block error code";"Function block error code";""
"Start up of siwarex in progress";"Start up of siwarex in progress";""
"Execute command";"Execute command";""
"203: Datensatz DS3 lesen";"203: Datensatz DS3 lesen";""
"Select Process Value";"Select Process Value";""
"external Tara";"external Tara";""
"Actual selected  Process Value";"Actual selected  Process Value";""
"lenght of data block";"lenght of data block";""
"position of command 605";"position of command 605";""
"position of command 610";"position of command 610";""
"DR4: Basic scale parameters";"DR4: Basic scale parameters";""
"DR9: Application identification";"DR9: Application identification";""
"DR0: Last Datarecord";"DR0: Last Datarecord";""
" lenght of command bundle";" lenght of command bundle";""
"read";"read";""
"command";"command";""
"write";"write";""
"Lenght of the DB";"Lenght of the DB";""
"Lifebit check";"Lifebit check";""
"Communication error RET_VAL of sfc58/59";"Communication error RET_VAL of sfc58/59";""
"Command code input";"Command code input";""
"Command trigger";"Command trigger";""
"Command error occured";"Command error occured";""
"Command error code";"Command error code";""
"Prest tare value";"Prest tare value";""
"Selection of the process value for output";"Selection of the process value for output";""
"Process value ";"Process value ";""
"Refresh counter info";"Refresh counter info";""
"Scale status info";"Scale status info";""
"Error in function block occured";"Error in function block occured";""
"Errorcode for function block";"Errorcode for function block";""
"Start up of function block in progress";"Start up of function block in progress";""
" Command input 1";" Command input 1";""
" Command code";" Command code";""
" Command finished with error";" Command finished with error";""
" Command input 2   ";" Command input 2   ";""
"Word for internal use of FB SICS...";"Word for internal use of FB SICS...";""
"1=editieren aktiv; 2=Editieren fertig";"1=editieren aktiv; 2=Editieren fertig";""
"Koppel-DB OP für Waagenarbeits-DB";"Link DB OP for scales working DB";""
"Koppel-DB OP für Lagerortsdaten und Rezeptdaten";"Link DB OP for storage location data and recipe data";""
"Kontroll-/Handverwiegung";"Kontroll-/Handverwiegung";""
"DB Lagerort-/Rezeptparameter";"DB Lagerort-/Rezeptparameter";""
"Wertebereich: 0..65535 sec";"Wertebereich: 0..65535 sec";""
"0 = nein; 1 = ja";"0 = nein; 1 = ja";""
"Sekundenimpuls";"Second pulse";""
"Kontrollverwiegung / Handverwiegung / Abholauftrag";"Kontrollverwiegung / Handverwiegung / Abholauftrag";""
"in kg/dm³";"in kg/dm³";""
"in dm³/Puls (bei Flüssigkeiten)";"in dm³/Puls (bei Flüssigkeiten)";""
"Obergrenze Waagennummer";"Upper limit, scales number";""
"Untergrenze Waagennummer";"Lower limit, scales number";""
"Kontrollverwiegung, Abholauftrag, Handzugabe";"Kontrollverwiegung, Abholauftrag, Handzugabe";""
"weitere Daten sind abhängig vom Typ des Messverstärkers";"weitere Daten sind abhängig vom Typ des Messverstärkers";""
"1= OP7, OP17; 2= OP27, OP37, MP270, MP370";"1= OP7, OP17; 2= OP27, OP37, MP270, MP370";""
"OP5, OP15, OP7, OP17";"OP5, OP15, OP7, OP17";""
"1= Bild, 2=Rezeptur, 3=Sonderbild";"1= Bild, 2=Rezeptur, 3=Sonderbild";""
"0-8";"0-8";""
"OP25, OP35, OP27, OP37, TP27, TP37, MP270, MP370";"OP25, OP35, OP27, OP37, TP27, TP37, MP270, MP370";""
"1=Bild, 2= Permanentf., 3=Störmeldef, 4=Betriebsmeldef.";"1=Bild, 2= Permanentf., 3=Störmeldef, 4=Betriebsmeldef.";""
"1..65535";"1..65535";""
"1..65535 (nur OP25, OP35, OP27, OP37, TP27, TP37)";"1..65535 (nur OP25, OP35, OP27, OP37, TP27, TP37)";""
"Number_of components per global recipe";"Number_of components per global recipe";""
"Koppel-DB Fargrafik für Waagenarbeits-DB";"Link DB colour graphics for scales working DB";""
"Koppel-DB Fargrafik für Lagerortsdaten und Rezeptdaten";"Link DB colour graphics for storage location data and recipe data";""
"True = Auftragsebene";"True = order level";""
"Anzahl der Komponenten im Globalrezept festlegen!";"Determine number of components in global recipe!";""
"<- !Konfiguration! maximale Anzahl gleichzeitig aktiver Chargen, !Maximum = 3!";"<- !Konfiguration! maximale Anzahl gleichzeitig aktiver Chargen, !Maximum = 3!";""
"03.02.04 sra";"03.02.04 sra";""
"10.03.04 sra";"10.03.04 sra";""
"0=keine Leitverwiegung, 1=Leitverwiegung";"0=keine Leitverwiegung, 1=Leitverwiegung";""
"0=Sollwertvorgabe in kg, 1=Sollwertvorgabe in %";"0=Sollwertvorgabe in kg, 1=Sollwertvorgabe in %";""
"0=Toleranzwertvorgabe in kg, 1=Toleranzwertvorgabe in %";"0=Toleranzwertvorgabe in kg, 1=Toleranzwertvorgabe in %";""
"bei Leitverwiegung";"bei Leitverwiegung";""
"Anzahl der Komponenten im Globalrezept!";"Number of components per global recipe!";""
"R,K,B,C siehe Beschreibung";"R,K,B,C see description";""
"L,S,D,I,B,K siehe Beschreibung";"L,S,D,I,B,K see description";""
"T = Terminal";"T = Terminal";""
"DW erste Rezeptbilanz in Bilanzen-DB (ältester Eintrag in FIFO)";"DW erste Rezeptbilanz in Bilanzen-DB (ältester Eintrag in FIFO)";""
"DW aktuelle Rezeptbilanz in Bilanzen-DB";"DW aktuelle Rezeptbilanz in Bilanzen-DB";""
"DW erste Komponentenbilanz in Bilanzen-DB (ältester Eintrag in FIFO)";"DW erste Komponentenbilanz in Bilanzen-DB (ältester Eintrag in FIFO)";""
"DW aktuelle Komponentenbilanz in Bilanzen-DB";"DW aktuelle Komponentenbilanz in Bilanzen-DB";""
"DW Anfang der aktuellen Komponente des Rezeptes";"DW Anfang der aktuellen Komponente des Rezeptes";""
"DW Anfang der nächsten Komponente des Rezeptes";"DW Anfang der nächsten Komponente des Rezeptes";""
"DW Ende der vorletzten Komponente des Rezeptes";"DW Ende der vorletzten Komponente des Rezeptes";""
"DW leere Komponente (leerer Pufferplatz nach Rezept)";"DW leere Komponente (leerer Pufferplatz nach Rezept)";""
"DW Anfang des Puffers der aktuellen Komponente";"DW Anfang des Puffers der aktuellen Komponente";""
"DW Anfang der Rezeptdaten im Koppel-DB";"DW Anfang der Rezeptdaten im Koppel-DB";""
"Lagerort-/Rezeptparameter-DB";"Lagerort-/Rezeptparameter-DB";""
"DW Rezeptanfang im Lagerort-/Rezeptparameter-DB";"DW Rezeptanfang im Lagerort-/Rezeptparameter-DB";""
"DW Anfang der akt. Komponente im Lagerort-/Rezeptparameter-DB";"DW Anfang der akt. Komponente im Lagerort-/Rezeptparameter-DB";""
"DW Anfang der Tauschkomponente im Lagerort-/Rezeptparameter-DB";"DW Anfang der Tauschkomponente im Lagerort-/Rezeptparameter-DB";""
"DW Anfang der Zusatzkomponente im Lagerort-/Rezeptparameter-DB";"DW Anfang der Zusatzkomponente im Lagerort-/Rezeptparameter-DB";""
"DW Rezeptkopie im Lagerort-/Rezeptparameter-DB";"DW Rezeptkopie im Lagerort-/Rezeptparameter-DB";""
"Datenbaustein-Adresse des Datenbereiches 1";"Data block address of data range 1";""
"Datenwort-Adresse des Datenbereiches 1";"Data word address of data range 1";""
"Datenbaustein-Adresse des Datenbereiches 2";"Data block address of data range 2";""
"Datenwort-Adresse des Datenbereiches 2";"Data word address of data range 2";""
"Länge des Datenbereiches";"Length of data range";""
"1 = Datenblöcke sind gleich";"Result:  1 = Data sets are the same";""
"Befehl für FIFO-controller";"Command for FIFO controller";""
"FIFO-DB";"FIFO-DB";""
"FIFO-DW";"FIFO-DW";""
"Länge eines Elementes im FIFO (Bytes)";"Length of an element in FIFO (bytes)";""
"maxiamle Anzahl Einträge im FIFO";"Maximum number of entries in FIFO";""
"Addresse des Elements/Ergebnisses (DB)";"Address of element/result (DB)";""
"Addresse des Elements/Ergebnisses (DW)";"Address of element/result (DW)";""
"Ergenis des Befehl";"Result of command";""
"SFC 24 test DB";"SFC 24 test DB";""
"general functions";"general functions";""
"Fehlernummer Kopier-FC";"Fehlernummer Kopier-FC";""
"Instanz DB";"Instanz DB";""
"DB-Nummer Quelle";"DB-Nummer Quelle";""
"DW-Nummer Quelle";"DW-Nummer Quelle";""
"Länge Quelle";"Länge Quelle";""
"DB-Nummer Ziel";"DB-Nummer Ziel";""
"DW-Nummer Ziel";"DW-Nummer Ziel";""
"Länge Ziel";"Länge Ziel";""
" Enable Manual mode";" Enable Manual mode";""
" Manual mode PV tracking";" Manual mode PV tracking";""
" overpressure=0; underpressure=1";" overpressure=0; underpressure=1";""
" overflow/underflow/broken wire error enable";" overflow/underflow/broken wire error enable";""
" Alarm high enable";" Alarm high enable";""
" Alarm high acknowledge enable";" Alarm high acknowledge enable";""
" scaling digit max";" scaling digit max";""
" scaling digit min";" scaling digit min";""
" scaling value max";" scaling value max";""
" scaling value min";" scaling value min";""
" substitude value";" substitude value";""
" external Configuration (0=use internal)";" external Configuration (0=use internal)";""
" external Uom  (0=use internal)";" external Uom  (0=use internal)";""
" System activated";" System activated";""
" input digit value";" input digit value";""
" Pressure montioring active";" Pressure montioring active";""
" Alarm high acknowledge";" Alarm high acknowledge";""
"Bits 0-3 = 1 (Coming event), Bits 4-7 = 1 (Event class 1)";"Bits 0-3 = 1 (Coming event), Bits 4-7 = 1 (Event class 1)";""
"1 (Cold restart scan 1 of OB 1), 3 (Scan 2-n of OB 1)";"1 (Cold restart scan 1 of OB 1), 3 (Scan 2-n of OB 1)";""
"1 (Priority of 1 is lowest)";"1 (Priority of 1 is lowest)";""
"1 (Organization block 1, OB1)";"1 (Organization block 1, OB1)";""
"Reserved for system";"Reserved for system";""
"Cycle time of previous OB1 scan (milliseconds)";"Cycle time of previous OB1 scan (milliseconds)";""
"Minimum cycle time of OB1 (milliseconds)";"Minimum cycle time of OB1 (milliseconds)";""
"Maximum cycle time of OB1 (milliseconds)";"Maximum cycle time of OB1 (milliseconds)";""
"Date and time OB1 started";"Date and time OB1 started";""
"16#35, Event class 3, Entering event state, Internal fault event";"16#35, Event class 3, Entering event state, Internal fault event";""
"16#XX, Fault identifcation code";"16#XX, Fault identifcation code";""
"26 (Priority of 1 is lowest)";"26 (Priority of 1 is lowest)";""
"80 (Organization block 80, OB80)";"80 (Organization block 80, OB80)";""
"Error information on event";"Error information on event";""
"Class of event causing error";"Class of event causing error";""
"Number of event causing error";"Number of event causing error";""
"Priority of OB causing error";"Priority of OB causing error";""
"Number of OB causing error";"Number of OB causing error";""
"Date and time OB80 started   ";"Date and time OB80 started   ";""
"16#39, Event class 3, Entering event state, Internal fault event";"16#39, Event class 3, Entering event state, Internal fault event";""
"26/28 (Priority of 1 is lowest)";"26/28 (Priority of 1 is lowest)";""
"82 (Organization block 82, OB82)";"82 (Organization block 82, OB82)";""
"Input (01010100), Output (01010101)";"Input (01010100), Output (01010101)";""
"Base address of module with fault";"Base address of module with fault";""
"Module defective";"Module defective";""
"Internal fault";"Internal fault";""
"External fault";"External fault";""
"Point information";"Point information";""
"External voltage low";"External voltage low";""
"Field wiring connector missing";"Field wiring connector missing";""
"Module has no configuration data";"Module has no configuration data";""
"Module has configuration error";"Module has configuration error";""
"Type of module";"Type of module";""
"Sub-Module is missing or has error";"Sub-Module is missing or has error";""
"Communication fault";"Communication fault";""
"Module is stopped";"Module is stopped";""
"Watch dog timer stopped module";"Watch dog timer stopped module";""
"Internal power supply fault";"Internal power supply fault";""
"Primary battery is in fault";"Primary battery is in fault";""
"Backup battery is in fault";"Backup battery is in fault";""
"Rack fault, only for bus interface module";"Rack fault, only for bus interface module";""
"Processor fault";"Processor fault";""
"EPROM fault";"EPROM fault";""
"RAM fault";"RAM fault";""
"ADU fault";"ADU fault";""
"Fuse fault";"Fuse fault";""
"Hardware interupt input in fault";"Hardware interupt input in fault";""
"Date and time OB82 started   ";"Date and time OB82 started   ";""
"16#38/39, Event class 3, module inserted/removed (8/9)";"16#38/39, Event class 3, module inserted/removed (8/9)";""
"83 (Organization block 83, OB83)";"83 (Organization block 83, OB83)";""
"Input module (01010100), Output module (01010101)";"Input module (01010100), Output module (01010101)";""
"Base address of module with point fault";"Base address of module with point fault";""
"Number of rack that has module with point fault";"Number of rack that has module with point fault";""
"Module type with point fault";"Module type with point fault";""
"Date and time OB83 started   ";"Date and time OB83 started   ";""
"16#35 Event class 3";"16#35 Event class 3";""
"16#XX, Fault identification code";"16#XX, Fault identification code";""
"85 (Organization block 85, OB85)";"85 (Organization block 85, OB85)";""
"Date and time OB85 started   ";"Date and time OB85 started   ";""
"16#38/39 Event class 3";"16#38/39 Event class 3";""
"16#C1/C4/C5, Fault identification code";"16#C1/C4/C5, Fault identification code";""
"86 (Organization block 86, OB86)";"86 (Organization block 86, OB86)";""
"Depending on fault identification code";"Depending on fault identification code";""
"Racks in fault";"Racks in fault";""
"Date and time OB86 started";"Date and time OB86 started";""
"87 (Organization block 87, OB87)";"87 (Organization block 87, OB87)";""
"Date and time OB87 started";"Date and time OB87 started";""
"16#13, Event class 1, Entering event state, Event logged in diagnostic buffer";"16#13, Event class 1, Entering event state, Event logged in diagnostic buffer";""
"16#81/82/83/84 Method of startup";"16#81/82/83/84 Method of startup";""
"27 (Priority of 1 is lowest)";"27 (Priority of 1 is lowest)";""
"100 (Organization block 100, OB100)";"100 (Organization block 100, OB100)";""
"Event that caused CPU to stop (16#4xxx)";"Event that caused CPU to stop (16#4xxx)";""
"Information on how system started";"Information on how system started";""
"Date and time OB100 started";"Date and time OB100 started";""
"16#25, Event class 2, Entering event state, Internal fault event";"16#25, Event class 2, Entering event state, Internal fault event";""
"16#XX Software programming fault";"16#XX Software programming fault";""
"X = Priority of OB where fault occured (Priority of 1 is lowest)";"X = Priority of OB where fault occured (Priority of 1 is lowest)";""
"121 (Organization block 121, OB121)";"121 (Organization block 121, OB121)";""
"16#88/8A/8B/8C/8E Type of block fault occured in";"16#88/8A/8B/8C/8E Type of block fault occured in";""
"16#XX Specific register that caused fault";"16#XX Specific register that caused fault";""
"Number of block that programming fault occured in";"Number of block that programming fault occured in";""
"Address in block where programming fault occured";"Address in block where programming fault occured";""
"Date and time OB121 started";"Date and time OB121 started";""
"Zeitfehler OB 80";"Zeitfehler OB 80";""
"Stromversorgungsfehler OB 81";"Stromversorgungsfehler OB 81";""
"Diagnose-Alarm OB82";"Diagnose-Alarm OB82";""
"Ziehen/Stecken-Alarm OB83";"Ziehen/Stecken-Alarm OB83";""
"CPU-Hardwarefehler OB84";"CPU-Hardwarefehler OB84";""
"Programmablauffehler OB85";"Programmablauffehler OB85";""
"Baugruppenträgerausfall OB86";"Baugruppenträgerausfall OB86";""
"Kommunikationsfehler OB87";"Communication error OB87";""
"Programmierfehler OB121";"Programmierfehler OB121";""
"Peripheriezugriffsfehler OB 122";"Peripheriezugriffsfehler OB 122";""
"Bearbeitungsabbruch eines Bausteins OB88";"Bearbeitungsabbruch eines Bausteins OB88";""
"Fehlercode OB 80";"Fehlercode OB 80";""
"Fehlercode OB 81";"Fehlercode OB 81";""
"Fehlercode OB 82";"Fehlercode OB 82";""
"Fehlercode OB 83";"Fehlercode OB 83";""
"Fehlercode OB 84";"Fehlercode OB 84";""
"Fehlercode OB 85";"Fehlercode OB 85";""
"Fehlercode OB 86";"Fehlercode OB 86";""
"Fehlercode OB 87";"Fehlercode OB 87";""
"Fehlercode OB 121";"Fehlercode OB 121";""
"Fehlercode OB 122";"Fehlercode OB 122";""
"Anzahl der Motordaten abhängig von der Anzahl der verschied. benutzten Motoren";"Anzahl der Motordaten abhängig von der Anzahl der verschied. benutzten Motoren";""
"Reserve für weitere Motordaten";"Reserve für weitere Motordaten";""
"Basisadresse für EA-Daten im PEA-Bereich";"Basic address for IO data in PIO range";""
"nicht vorhanden => 0";"not available => 0";""
"Frequenzumformer Linkslauf ein";"Frequency converter, counterclockwise, on";""
"Istfrequenz in Hz";"Actual frequency in Hz";""
"zeigt 1 an, wenn Istwert gleich Sollwert ist";"shows 1 when actual value is equal to setpoint";""
"=1 wenn Istdrehzahl > 0 ";"=1 when actual speed > 0";""
"1=Gerätestörung ";"1=Device fault";""
"Freigabe = '110', sonst Halt";"Freigabe = '110', sonst Halt";""
"FU Nummer zur Berechnung des Offsets der Peripherie-EAs";"FC number to calculate the offset of the periphery Ios";""
"Steuersignal 1 setzen zum Starten des FUs";"Set control signal 1 to start FC";""
"Störung quittieren";"Acknowledge fault";""
"Wertebereich: 0 - 100 Hz";"value range: 0 - 100 Hz";""
"Wertebereich: 0 - 10000 U/min";"value range: 0 - 10000 rpm";""
"Istdrehzahl in U/min";"Actual frequency in rpm";""
"0 = ok ; sonst Fehler_Code_L2Dp";"0 = OK; otherwise error_code_L2Dp";""
"Stoerungsnummer, bzw. Betriebszustand wenn keine Störung aktiv";"Fault number or operating status when no fault active";""
"0 = 1. Satz; 1 = 2. Satz";"0 = 1. Satz; 1 = 2. Satz";""
"0 = rechts; 1 = links";"0 = rechts; 1 = links";""
"00=11= keine Änderung; 01=Hochlauf, 02=Tieflauf";"00=11= keine Änderung; 01=Hochlauf, 02=Tieflauf";""
"00 = Feldbus";"00 = Feldbus";""
"0 = 1.Satz; 1 = 2.Satz";"0 = 1.Satz; 1 = 2.Satz";""
"nicht möglich => CLR";"not possible => CLR";""
"Sollfrequenz in Hz ";"Target frequency in Hz";""
"Wertebereich: 0- ... A";"value range: 0 - ... A";""
"Ausgangsstrom des FU";"FC Output current";""
"Prozesseingangsdaten";"Prozesseingangsdaten";""
"Prozessausgangsdaten";"Prozessausgangsdaten";""
"Motornennleistungsfaktor cos phi";"Motornennleistungsfaktor cos phi";""
"Motornennfrequenz in Einheit Hz ";"Motornennfrequenz in Einheit Hz ";""
"Motornenndrehzal in U/min";"Motornenndrehzal in U/min";""
"Motornennstrom in A";"Motornennstrom in A";""
"Motornennspannung in V";"Motornennspannung in V";""
"Motornennleistung kW";"Motornennleistung kW";""
"Impulszeit fuer Takt in Sekunden";"Pulse time for cycle in seconds";""
"Pausezeit fuer Takt in Sekunden";"Pause time for cycle in seconds";""
"Sollanzahl Takte wenn nicht Dauertakt";"Number of cycles if not continuous cycle";""
"Taktzähler";"Cycle counter";""
"Zeitzähler (abgelaufene Zeit)";"Time counter (time elapsed)";""
"Impulseingang Takt";"Cycle pulse input";""
"Impulszeit in 100ms";"Pulse time in 100ms";""
"Verzögerungszeit in Sekunden";"Delay time in Seconds";""
"Taktausgang";"Cycle output";""
"Freigabe Takt";"Cycle enable";""
"Rueckmeldung z.B. Eingang ein";"Feedback, e.g. input ON";""
"Takt mit positivem Impuls starten";"Start cycle with positive pulse";""
"Dauertakt ? (1=Ja / 0=Nein)";"Continuous cycle? (1 = Yes / 0 = No)";""
"Meldung Taktanzahl erreicht";"Message: Number of cycles reached";""
"Freigabe Timernachbildung";"Freigabe Timernachbildung";""
"Reset (z.B. Steuerspannung aus)";"Reset (z.B. Steuerspannung aus)";""
"Impulseingang (M1.7)";"Impulseingang (M1.7)";""
"Impulszeit in 100ms (MW6)";"Pulse time in 100ms (MW6)";""
"Timerausgang";"Timerausgang";""
"Quittierung Fehlermeldung";"Error acknowledgement";""
"configuration bit: ackowledge done by Siemens OP (011)";"configuration bit: ackowledge done by Siemens OP (011)";""
"Takt für Störauswertung";"Cycle for fault evaluation";""
"Stör-Datenbaustein";"Fault data block";""
"Quittier-Datenbaustein Farbgrafik";"Acknowledge data block, colour graphics";""
"Anzahl Störungsbyte im Stör-Db (Blocklänge der 4 Bereiche)";"Number of fault bytes in fault DB (block length of 4 ranges)";""
"Anfangs-DW der Störmeldungen im Stör-DB (wenn Bereich nicht bei Byte 0 anfängt)";"Start DW of fault messages in fault DB (when range does not start at byte 0)";""
"Adresse des ersten Datenwortes das ausgewertet wird";"Address of first data word that is evaluated";""
"Länge des Bereiches der ausgewertet wird (!!Muss durch 4 teilbar sein!!)";"Length of evaluated range (!!must be divisible by 4!!)";""
"Sammelstörung";"Collective fault";""
"Erstmeldung aktiv";"First-out alarm active";""
"Erstmeldung an PC";"First-out alarm to PC";""
"Quittierung von PC";"Acknowledgement from PC";""
"Stoerungs-DB lokal";"Stoerungs-DB lokal";""
"Quittierungs-DB extern";"Quittierungs-DB extern";""
"= Störungsbyte + Offset";"= Störungsbyte + Offset";""
"Störungsindex";"Störungsindex";""
"Kopierindex";"Kopierindex";""
"Spiegelungsindex PC";"Spiegelungsindex PC";""
"Quittierungsindex PC";"Quittierungsindex PC";""
"Quitierungsindex SCADA";"Quitierungsindex SCADA";""
"Quittierungsindex Siemens OP (011)";"Quittierungsindex Siemens OP (011)";""
"Kopie Quittierungsindex Siemens OP (011)";"Kopie Quittierungsindex Siemens OP (011)";""
"Stoerungsdoppelwort";"Stoerungsdoppelwort";""
"Kopiedoppelwort";"Kopiedoppelwort";""
"Spiegelungsdoppelwort";"Spiegelungsdoppelwort";""
"Quittierungsdoppelwort";"Quittierungsdoppelwort";""
"Quittierungsdoppelwort von PC";"Quittierungsdoppelwort von PC";""
"Quittierungsdoppelwort von SCADA";"Quittierungsdoppelwort von SCADA";""
"Quittierungdoppelwort von OP (011)";"Quittierungdoppelwort von OP (011)";""
"Kopie Quittierungdoppelwort von OP (011)";"Kopie Quittierungdoppelwort von OP (011)";""
"acknowledge bits from Siemens panel";"acknowledge bits from Siemens panel";""
"acknowledge bits from Siemens panel one cycle before";"acknowledge bits from Siemens panel one cycle before";""
"Ziel-DB bei DW-Transfer ";"Target DB for DW transfer";""
"Byte-Adresse der Quelle";"Byte address of source";""
"Fehlermeldung ";"Error message";""
"Blocklänge in Byte";"Blocklänge in Byte";""
"Tabellen-DB-Nr.";"Table DB No.";""
"Offset erster Tabelleneintrag in Tabellen-DB";"Offset of first table entry in table DB";""
"Eintrag in Tabelle, der gelesen werden soll";"Entry in table that is to be read";""
"Global-DB-Register";"Global-DB-Register";""
"Instanz-DB-Register";"Instanz-DB-Register";""
"ANY-Zeiger auf Quelle";"ANY pointer as source";""
"E=Eingang, A=Ausgang, M=Merker, D=DB, I=Instanz-DB";"E=Input, A=Output, M=flag, D=DB, I=Instance-DB";""
"Ziel-DW Byte-Adresse des Ziels";"Target DW byte address of target";""
"1=Ziel-Typ ungültig, 2=DB existiert nicht, 3= DB zu kurz, SFC20 Fehlermeldung";"1=Target type invalid, 2=DB does not exist, 3=DB too short, SFC20 error message";""
"E=Eingang, A=Ausgang, M=Merker, D=DB, I=Instanz-DB, K=Löschen";"E=Input, A=Output, M=flag, D=DB, I=Instance-DB, K=Delete";""
"Quell-Datenbaustein bei DW-Transfer ";"Source Datablock for DW transfer";""
"Quell-Datenwort, Byte-Adresse der Quelle";"Source Dataword byte address of target";""
"Ziel-Datenbaustein bei DW-Transfer ";"Target Datablock for DW transfer";""
"Ziel-Datenwort, Byte-Adresse des Zieles";"Target Dataword byte address of target";""
"Datenbausteinnummer";"Data block number";""
"-1=Q,-2=Z,-3=Blocklänge,-4=DB n. vorh.,-5=DB zu kurz,-6=Datentyp,-7=Anfangsbyte";"-1=S,-2=T,-3=length,-4=DB not exist,-5=DB too short,-6=data type,-7=start byte";""
"Zeiger auf Zieldaten Block in den kopiert wird";"Pointer at target data block to which data is to be copied";""
"ANY-Zeiger";"ANY pointer";""
"Anfangs-Datenwortnummer";"Start data word number";""
"Länge des Bereiches in Byte";"Length of range in bytes";""
"Anfangs-Datenwort im Datenbaustein";"Start data word in data block";""
"Anzahl der Bytes die vorbelegt werden sollen";"Number of bytes that are to be pre-assigned";""
"Wert mit dem der Bereich vorbelegt werden soll";"Value with which the range is to be pre-assigned";""
"Freigabe der Kopierfunktion";"release copy functon";""
"Ziel-Datenbaustein";"target data block";""
"Ziel-Datenwort im Ziel-Datenbaustein";"target dataword in target data block";""
"ANY-Zeiger auf Schnittstellen von Slave";"ANY pointer to interface from Slave";""
"ANY-Zeiger auf Schnittstellen an Slave";"ANY pointer to interface to Slave";""
"""Slave"" ist nicht durch anderen Master belegt,die Daten können umkopiert werden";"""Slave"" is not assigned by another, the datas can be copied";""
"ANY-Zeiger auf Schnittstelle von Master";"ANY pointer to interface from Master";""
"ANY-Zeiger auf Schnittstelle an Master";"ANY pointer to interface to Master";""
"Steuerbits = Anfangs-DW + Länge -2";"Steuerbits = Anfangs-DW + Länge -2";""
"Eingang des Ventils wenn Stellung 1 angesteuert";"Valve intake when position 1 actuated";""
"Eingang des Ventils wenn Stellung 2 angesteuert";"Valve intake when position 2 actuated";""
"Signal ""Stellung 1 in Betrieb"" (Stellung 1 angesteuert)";"Signal ""position 1 in operation"" (position 1 actuated)";""
"Signal ""Stellung 2 in Betrieb"" (Stellung 2 angesteuert)";"Signal ""position 2 in operation"" (position 2 actuated)";""
"Signal ""Störung Ventil""";"Signal ""valve fault""";""
"1 = Quittierung Störung nötig, 0 = automatische Quittierung der Störung";"1 = fault acknowledgement required, 0 = automatic fault acknowledgement";""
"1 = Handbedienung erlaubt, 0 = Handbedienung nicht erlaubt";"1 = manual operation permitted, 0 = manual operation not permitted/locked";""
"Quittierung der Stoerung wenn Quitt_Stoerung_noetig = 1";"Fault acknowledgement when fault_acknowledgement_required = 1";""
"Signal ""Störung Motor""";"Signal ""motor fault""";""
"ANY-Zeiger der Motorstruktur";"ANY pointer of motor structure";""
"Ansteuerung des Motors im Automatibetrieb";"Actuation of motor in automatic mode";""
"Eingang des Motors";"Input of motor";""
"Ausgang des Motors";"Output of motor";""
"Signal ""Motor in Betrieb""";"Signal ""motor in operation""";""
"siehe Funktionsbeschreibung unten";"see Functional description below";""
"Ansteuerung des Ventils im Automatibetrieb";"Actuation of valve in automatic mode";""
"Eingang des Ventils wenn angesteuert";"Valve intake when actuated";""
"Eingang des Ventils wenn nicht angesteuert";"Valve intake when not actuated";""
"Ausgang des Ventils";"Valve outlet";""
"Signal ""Ventil in Betrieb"" (angesteuert)";"Signal ""valve in operation"" (actuated)";""
"ANY-Zeiger der Ventilstruktur";"ANY pointer of valve structure";""
"Ansteuerung Stellung 1 des Ventils im Automatibetrieb";"Actuation of valve position 1 in automatic mode";""
"Ansteuerung Stellung 2 des ventils im Automatibetrieb";"Actuation of valve position 2 in automatic mode";""
"Ausgang des Ventils um Stellung 1 anzusteuern";"Valve output to actuate position 1";""
"Ausgang des Ventils um Stellung 2 anzusteuern";"Valve output to actuate position 2";""
"Taktmerker für alle Zeitfunktionen (abhängig von Zykluszeit)";"clock flag for all timer functions(depending on the cycle time)";""
"Zeitwert Basistakt in 100 ms";"value of time basicclock in 100 ms";""
"Z = zuweisen; A = abfragen";"Z = assign; A = query";""
"Fehlerauswertung";"Fault evaluation";""
"Byte-Nummer";"Byte number";""
"Bitnummer";"Bit number";""
"Wert der gelesen/geschrieben wird";"Value that is read/written";""
"Eintrag in Tabelle, der geschrieben werden soll";"Entry in table that is to be written";""
"Zeiger auf Quelldaten Block";"Pointer to source data block";""
"Ansteuerung der Ventile im Automatibetrieb mit Takt 1";"Actuation of valve position 1 in automatic mode with cycle 1";""
"Ansteuerung der Ventile im Automatibetrieb mit Takt 2";"Actuation of valve position 1 in automatic mode with cycle 2";""
"Ausgang des 1. Ventils";"Output 1. Valve";""
"Ausgang des 2. Ventils";"Output 2. Valve";""
"Ausgang des 3. Ventils";"Output 3. Valve";""
"Ausgang des 4. Ventils";"Output 4. Valve";""
"Ausgang des 5. Ventils";"Output 5. Valve";""
"Ausgang des 6. Ventils";"Output 6. Valve";""
"Ausgang des 7. Ventils";"Output 7. Valve";""
"Ausgang des 8. Ventils";"Output 8. Valve";""
"Ausgang des 9. Ventils";"Output 9. Valve";""
"Ausgang des 10. Ventils";"Output 10. Valve";""
"Freigabe ein Ventil anzusteuern";"Freigabe ein Ventil anzusteuern";""
"wenn eines der Ventil agesteuert ist --> 1-Signal";"wenn eines der Ventil agesteuert ist --> 1-Signal";""
"Dauertakt";"Continuous cycle";""
"Sollvorgabe für FC2";"Sollvorgabe für FC2";""
"aktuelles Ventil";"aktuelles Ventil";""
