"V01.00.000"
"$_Languages"
"7(1) German (Germany)";"9(2) English (United Kingdom)";"513(1) Key"
"$_Timestamp"
"02.08.2018  11:15:40";"02.08.2018  11:15:40";"02.08.2018  11:15:40"
"$_Typ(LineComment)"
"Zeiger auf EA-Adresse";"Zeiger auf EA-Adresse";""
"Zeiger auf EA-DB";"Zeiger auf EA-DB";""
" Abfrage Drahtbruchüberwachung";" Abfrage Drahtbruchüberwachung";""
" ""Z"" = Zentralbaugruppe";" ""Z"" = Zentralbaugruppe";""
" 7FFF Ersatzwert für Drahtbruch";" 7FFF Ersatzwert für Drahtbruch";""
" ""B"" = ET200B Baugruppe";" ""B"" = ET200B Baugruppe";""
" 8000 Ersatzwert für Drahtbruch";" 8000 Ersatzwert für Drahtbruch";""
" -> (009)";" -> (009)";""
" Abfrage Kartentyp";" Abfrage Kartentyp";""
" ""W"" = Wago System 750-466";" ""W"" = Wago System 750-466";""
" Karte meldet mit den rechten 3 Bis ein Kurzschluss bzw. Überlauf";" Karte meldet mit den rechten 3 Bis ein Kurzschluss bzw. Überlauf";""
" <- (009)";" <- (009)";""
"NO Pressure Adaptation";"NO Pressure Adaptation";""
"SUction FEeding";"SUction FEeding";""
"END of Function";"END of Function";""
" Instanz-DB Nummer";" Instanz-DB Nummer";""
" Impulsvolumen von l/Puls in kg/Puls umrechnen";" Impulsvolumen von l/Puls in kg/Puls umrechnen";""
" *2";" *2";""
" Offset Bilanz-DB Waagen";" Offset Bilanz-DB Waagen";""
" Anfang Rezeptbilanzeinträge";" Anfang Rezeptbilanzeinträge";""
" aktueller Rezeptbilanzeintrag";" aktueller Rezeptbilanzeintrag";""
" aktueller Komponentenbilanzeintrag";" aktueller Komponentenbilanzeintrag";""
" Anzahl Komponentenbilanzeinträge";" Anzahl Komponentenbilanzeinträge";""
" wenn max. Anzahl Bilanzeinträge überschritten ist -> Anfang";" wenn max. Anzahl Bilanzeinträge überschritten ist -> Anfang";""
" Anzahl Rezeptbilanzeinträge";" Anzahl Rezeptbilanzeinträge";""
"Statusbits";"Statusbits";""
"Waage gestartet";"Waage gestartet";""
" Anfang Komponentenbilanzeinträge";" Anfang Komponentenbilanzeinträge";""
" Länge der Lagerortsparameter";" Länge der Lagerortsparameter";""
" Offset je Waage";" Offset je Waage";""
" DW (Offset + 0) = Waagennummer  ";" DW (Offset + 0) = Waagennummer  ";""
" akt. Istwerte ab DW (Offset + 2)";" akt. Istwerte ab DW (Offset + 2)";""
" Waagen der Linie";" Waagen der Linie";""
" Start Waage";" Start Waage";""
" Waage aktiv";" Waage aktiv";""
" Waage angehalten";" Waage angehalten";""
"-------------------------------------------------------------------------------";"-------------------------------------------------------------------------------";""
" Anhalten Waage";" Anhalten Waage";""
"       Auswahl           :='I'";"       Auswahl           :='I'";""
" Offset Lagerort-/Rezept-DB Waage";" Offset Lagerort-/Rezept-DB Waage";""
" Befüllung / Entleerung";" Befüllung / Entleerung";""
" Werte vorbelegen";" Werte vorbelegen";""
" Schrittzähler erhöhen";" Schrittzähler erhöhen";""
" wenn Lagerortnummer nicht ok";" wenn Lagerortnummer nicht ok";""
" wenn Lagerortnummer ok";" wenn Lagerortnummer ok";""
" weiter wenn Einzelschrittebene aktiv ist";" weiter wenn Einzelschrittebene aktiv ist";""
" registrierten Gewichtswert umspeichern";" registrierten Gewichtswert umspeichern";""
" Fehlermeldungen";" Fehlermeldungen";""
" Schrittnummer rücksetzen";" Schrittnummer rücksetzen";""
" SST_Anwenderprogramm";" SST_Anwenderprogramm";""
" in kg";" in kg";""
" Lagerortnummer / Verbrauchernummer";" Lagerortnummer / Verbrauchernummer";""
" Fehlermeldung / allgemeine Signale";" Fehlermeldung / allgemeine Signale";""
" Entleerung";" Entleerung";""
" Zwischenentleerung";" Zwischenentleerung";""
" Handverwiegung";" Handverwiegung";""
" Negativverwiegung";" Negativverwiegung";""
" Steuerbits löschen";" Steuerbits löschen";""
" Lagerort freigeben";" Lagerort freigeben";""
" *2 und SLW3";" *2 und SLW3";""
"bei Rezeptoptimierung wird das Rezept auf das letzte Rezept (""max Anzahl Rezepte"") kopiert und gestartet";"bei Rezeptoptimierung wird das Rezept auf das letzte Rezept (""max Anzahl Rezepte"") kopiert und gestartet";""
" Komponentennummer erhöhen";" Komponentennummer erhöhen";""
" prüfen ob max. Anzahl Komponenten überschritten ist";" prüfen ob max. Anzahl Komponenten überschritten ist";""
" Komponentendaten laden wenn Komponente erlaubt ist";" Komponentendaten laden wenn Komponente erlaubt ist";""
" Rezept fertig ? -> Rezeptabbruch";" Rezept fertig ? -> Rezeptabbruch";""
" Komponentendaten sichern";" Komponentendaten sichern";""
" Sollwerte in Bilanz-DB eintragen wenn Rezeptbilanzierung angewählt ist";" Sollwerte in Bilanz-DB eintragen wenn Rezeptbilanzierung angewählt ist";""
" Pointer auf Komponentensatz in Bilanz-DB in AR1";" Pointer auf Komponentensatz in Bilanz-DB in AR1";""
" Werte umkopieren";" Werte umkopieren";""
" Lagerort freigeben wenn Rezeptptimierung";" Lagerort freigeben wenn Rezeptptimierung";""
" akt. Istgewicht umkopieren";" akt. Istgewicht umkopieren";""
" wenn Anzahl Rezepteinträge = 0 -> keine Bilanzierung";" wenn Anzahl Rezepteinträge = 0 -> keine Bilanzierung";""
" Rezeptbilanzspeicher löschen wenn Anzahl Rezeptbilanzeinträge > 1 ist. ";" Rezeptbilanzspeicher löschen wenn Anzahl Rezeptbilanzeinträge > 1 ist. ";""
" Komponentendaten laden";" Komponentendaten laden";""
" prüfen ob Lagerort belegt ist; wenn Lagerort frei ist -> Schritt beendet";" prüfen ob Lagerort belegt ist; wenn Lagerort frei ist -> Schritt beendet";""
" wenn Lagerort belegt ist -> nächste Komponente prüfen";" wenn Lagerort belegt ist -> nächste Komponente prüfen";""
" Verwiegeart und Lagerortnummer prüfen";" Verwiegeart und Lagerortnummer prüfen";""
" prüfen ob Lagerort belegt ist";" prüfen ob Lagerort belegt ist";""
" Komponenten tauschen";" Komponenten tauschen";""
" Lagerort belegen";" Lagerort belegen";""
"Istwert Dosierzeit";"Istwert Dosierzeit";""
" Offset Linien-DB Waagen";" Offset Linien-DB Waagen";""
" Chargenzähler der Linie in Linien-DB (008)";" Chargenzähler der Linie in Linien-DB (008)";""
" begonnene Chargen der Linie in Linien-DB (008)";" begonnene Chargen der Linie in Linien-DB (008)";""
" Rezept gestartet (005)";" Rezept gestartet (005)";""
" Waage angehalten (005)";" Waage angehalten (005)";""
" Rezept abgebrochen (005)";" Rezept abgebrochen (005)";""
" nach Charge angehalten (005)";" nach Charge angehalten (005)";""
" Chargenende (005)";" Chargenende (005)";""
" Waage aktiv (005)";" Waage aktiv (005)";""
" Komponente abgebrochen (005)";" Komponente abgebrochen (005)";""
" Rezept angehalten (005)";" Rezept angehalten (005)";""
" Waagenfehler aktiv (005)";" Waagenfehler aktiv (005)";""
" Rezeptnummer in Linien-DB";" Rezeptnummer in Linien-DB";""
" Chargensoll Linie in Linien-DB";" Chargensoll Linie in Linien-DB";""
" Chargenzähler der Linie in Linien-DB";" Chargenzähler der Linie in Linien-DB";""
" begonnene Chargen der Linie in Linien-DB";" begonnene Chargen der Linie in Linien-DB";""
" Abbruch  Rezept";" Abbruch  Rezept";""
" nach Charge anhalten Waage";" nach Charge anhalten Waage";""
" Waage rücksetzen";" Waage rücksetzen";""
" Abbruch Komponente (003)";" Abbruch Komponente (003)";""
" *2 und 3 nach links schieben";" *2 und 3 nach links schieben";""
" Chargenist der Waage";" Chargenist der Waage";""
" Waage gestartet (Bit/Waage)";" Waage gestartet (Bit/Waage)";""
" Sprung wenn keine Leitkomponentenverwiegung          // (001)";" Sprung wenn keine Leitkomponentenverwiegung          // (001)";""
" Leitkomponente verwogen";" Leitkomponente verwogen";""
" Chargenanforderung in Linien-DB";" Chargenanforderung in Linien-DB";""
" Quittierung Chargenanforderung in Linien-DB";" Quittierung Chargenanforderung in Linien-DB";""
" Chargenist der Waage rücksetzen ";" Chargenist der Waage rücksetzen ";""
" Start rücksetzen wenn ""Chargensoll < 0""oder Rezeptnummer <=0 oder >max.Anzahl Rezepte oder ""Abbruch Waage"" oder ""Waage rücksetzen""";" Start rücksetzen wenn ""Chargensoll < 0""oder Rezeptnummer <=0 oder >max.Anzahl Rezepte oder ""Abbruch Waage"" oder ""Waage rücksetzen""";""
" wenn Chargenanforderung aktiv und Quit-Chargenanforderung nicht aktiv ist";" wenn Chargenanforderung aktiv und Quit-Chargenanforderung nicht aktiv ist";""
" oder noch keine Waage der Linie gestartet ist und Chargenist < begonnene Chargen";" oder noch keine Waage der Linie gestartet ist und Chargenist < begonnene Chargen";""
" -> Start";" -> Start";""
" Chargenanzahl der Linie auf 0 setzen wenn noch keine Waage gestartet ist";" Chargenanzahl der Linie auf 0 setzen wenn noch keine Waage gestartet ist";""
" Start Rezeptebene wenn keine Leitverwiegung aktiv ";" Start Rezeptebene wenn keine Leitverwiegung aktiv ";""
" oder wenn Leitverwiegung aktiv und Waage = Leitwaage ";" oder wenn Leitverwiegung aktiv und Waage = Leitwaage ";""
" oder wenn Leitverwiegung aktiv und Leitkomponente verwogen und nicht Leitkomponente abgeholt ";" oder wenn Leitverwiegung aktiv und Leitkomponente verwogen und nicht Leitkomponente abgeholt ";""
" prüfen ob Auftrag fertig";" prüfen ob Auftrag fertig";""
" Waagenstart rücksetzen";" Waagenstart rücksetzen";""
" Ablauf fertig";" Ablauf fertig";""
" Warten auf neue Chargenanforderung";" Warten auf neue Chargenanforderung";""
"  max Anzahl gleichzeitig aktiver Chargen";"  max Anzahl gleichzeitig aktiver Chargen";""
"    U     #Daten_Auftragsebene.Steuerbits.Anhalten_Waage      // (004)";"    U     #Daten_Auftragsebene.Steuerbits.Anhalten_Waage      // (004)";""
"    U     #SST_R_zu_A_Ebene.Statusbitleiste.R_Ebene_aktiv     // (004)";"    U     #SST_R_zu_A_Ebene.Statusbitleiste.R_Ebene_aktiv     // (004)";""
"      =     #SST_A_zu_R_Ebene.Steuerbitleiste.Komponente_abbrechen    // (003)";"      =     #SST_A_zu_R_Ebene.Steuerbitleiste.Komponente_abbrechen    // (003)";""
" (009) begonnene Chargen der Linie in Linien-DB";" (009) begonnene Chargen der Linie in Linien-DB";""
" (009) max Anzahl aktiver Chargen";" (009) max Anzahl aktiver Chargen";""
" Chargenist";" Chargenist";""
" Abbruch Komponente     // (003)";" Abbruch Komponente     // (003)";""
" Waage/Rezept angehalten ";" Waage/Rezept angehalten ";""
"      U     #SST_R_zu_A_Ebene.Statusbitleiste.Waage_angehalten    // (007)";"      U     #SST_R_zu_A_Ebene.Statusbitleiste.Waage_angehalten    // (007)";""
" Rezept abgebrochen";" Rezept abgebrochen";""
" nach Charge angehalten";" nach Charge angehalten";""
" Chargenende";" Chargenende";""
" Komponente abgebrochen // (003)";" Komponente abgebrochen // (003)";""
" Rezept angehalten // (004)";" Rezept angehalten // (004)";""
" Waagenfehler aktiv // (005)";" Waagenfehler aktiv // (005)";""
"------------------------------------------------------------------------------";"------------------------------------------------------------------------------";""
" Quittierung Chargenanforderung";" Quittierung Chargenanforderung";""
" Quit Chargenende von Anwender //(001)";" Quit Chargenende von Anwender //(001)";""
" Chargenist der Linie in Linien-DB";" Chargenist der Linie in Linien-DB";""
" (009) maximaler Wert = 30000 -> 0";" (009) maximaler Wert = 30000 -> 0";""
" (009) Chargenist der Linie in Linien-DB";" (009) Chargenist der Linie in Linien-DB";""
" beteiligte Waagen der Linie";" beteiligte Waagen der Linie";""
" Chargenende der Waagen";" Chargenende der Waagen";""
" Quit Chargenende von Anwender";" Quit Chargenende von Anwender";""
" Offset Lagerortsparameter  (013)";" Offset Lagerortsparameter  (013)";""
" wenn kein Linien-DB vorhanden ist wird die Dosierfreigabe immer gesetzt (z.B. Intouch Leitsystem)";" wenn kein Linien-DB vorhanden ist wird die Dosierfreigabe immer gesetzt (z.B. Intouch Leitsystem)";""
" (020)   (021)";" (020)   (021)";""
" wenn Linien-DB vorhanden ist wird die Dosierfreigabe von dort abgefragt";" wenn Linien-DB vorhanden ist wird die Dosierfreigabe von dort abgefragt";""
" (005) ->";" (005) ->";""
" Zeiger in Chargenbilanz-FIFO erhöhen und nächsten Eintrag löschen (016)";" Zeiger in Chargenbilanz-FIFO erhöhen und nächsten Eintrag löschen (016)";""
" beim Start wird der Linien-DB aktualisiert wenn dort die Option ""Leitverwiegung"" aktiviert ist";" beim Start wird der Linien-DB aktualisiert wenn dort die Option ""Leitverwiegung"" aktiviert ist";""
" (001->)";" (001->)";""
" Leitverwiegung aktiv";" Leitverwiegung aktiv";""
" interne Bits ruecksetzen";" interne Bits ruecksetzen";""
" wenn Waage nicht Leitwaage ist -> Schrittende";" wenn Waage nicht Leitwaage ist -> Schrittende";""
" Leitwaage ";" Leitwaage ";""
" wenn Waage Leitwaage ist muß gewartet werden bis alle Waagen den Leitkomponentenwert abgeholt haben";" wenn Waage Leitwaage ist muß gewartet werden bis alle Waagen den Leitkomponentenwert abgeholt haben";""
" abgeholte Waagen";" abgeholte Waagen";""
" Leitkomponentengröße in %";" Leitkomponentengröße in %";""
" (<-001)";" (<-001)";""
" wenn Waage nicht Leitwaage sind folgende Bedingungen zu erfüllen damit das Rezept gestartet wird:";" wenn Waage nicht Leitwaage sind folgende Bedingungen zu erfüllen damit das Rezept gestartet wird:";""
" 1. die Leitkomponente muß verwogen sein";" 1. die Leitkomponente muß verwogen sein";""
" 2. das Rezept auf dieser Waage darf noch nicht produziert sein, d.h. die Leitkomponente darf noch nicht abgeholt sein ";" 2. das Rezept auf dieser Waage darf noch nicht produziert sein, d.h. die Leitkomponente darf noch nicht abgeholt sein ";""
" 1. Leitkomponente ist verwogen (004)";" 1. Leitkomponente ist verwogen (004)";""
" 2. Waage hat Leitkomponente schon abgeholt (004)";" 2. Waage hat Leitkomponente schon abgeholt (004)";""
"      O                                 // (016) (017)";"      O                                 // (016) (017)";""
"      U     #SST_Anwenderprogramm.von.Mode.SPS_Hand_Auftrag_Mode    // (016) keine Chargenfreigabe im Auftragsmode (017)";"      U     #SST_Anwenderprogramm.von.Mode.SPS_Hand_Auftrag_Mode    // (016) keine Chargenfreigabe im Auftragsmode (017)";""
"      UN    #Daten_Rezeptebene.intern.Dosierfreigabe_Linien_DB    // (016) (017)";"      UN    #Daten_Rezeptebene.intern.Dosierfreigabe_Linien_DB    // (016) (017)";""
" Komponentennummer evtl. korrigieren";" Komponentennummer evtl. korrigieren";""
" *2 und SLW3    // (014)";" *2 und SLW3    // (014)";""
" wenn Verwiegeart keine Befüllung oder wenn Lagerort nicht erlaubt ist -> akt. Komponentendaten laden";" wenn Verwiegeart keine Befüllung oder wenn Lagerort nicht erlaubt ist -> akt. Komponentendaten laden";""
" wenn kein Auftrags-DB vorhanden ist -> Schrittende";" wenn kein Auftrags-DB vorhanden ist -> Schrittende";""
" wenn keine Leitverwiegung aktiv ist -> Schrittende";" wenn keine Leitverwiegung aktiv ist -> Schrittende";""
" wenn Waage Leitwaage ist -> Schrittende";" wenn Waage Leitwaage ist -> Schrittende";""
" wenn Leitkomponente bereits abgeholt -> Leitkomponentengröße nicht mehr laden";" wenn Leitkomponente bereits abgeholt -> Leitkomponentengröße nicht mehr laden";""
" Leitkomponente abgeholt";" Leitkomponente abgeholt";""
" Leitkomponentengröße laden";" Leitkomponentengröße laden";""
" Datenbit Waage abgeholt setzen ";" Datenbit Waage abgeholt setzen ";""
" Schritt beendet";" Schritt beendet";""
" wenn Komponente nicht gefunden -> Schritt 10 ausführen";" wenn Komponente nicht gefunden -> Schritt 10 ausführen";""
" wenn die Rezeptvorgabe nicht in % ist -> Leitkomponente";" wenn die Rezeptvorgabe nicht in % ist -> Leitkomponente";""
" Sollwertvorgabe in % (012)";" Sollwertvorgabe in % (012)";""
" Sollgewicht = Chargengewicht * Komponentenmenge (%) / 100.0";" Sollgewicht = Chargengewicht * Komponentenmenge (%) / 100.0";""
" Chargengröße";" Chargengröße";""
" in %";" in %";""
" Leitverwiegung aktiv      (005)";" Leitverwiegung aktiv      (005)";""
" wenn (Waage = Leitwaage) und (Komponentennummer =1) ";" wenn (Waage = Leitwaage) und (Komponentennummer =1) ";""
" oder wenn (Verwiegeart = Befüllen) ";" oder wenn (Verwiegeart = Befüllen) ";""
" -> keine Korrektur";" -> keine Korrektur";""
" Sollgewicht = Sollgewicht * Leitkomponentengröße";" Sollgewicht = Sollgewicht * Leitkomponentengröße";""
" Toleranzen berechnen";" Toleranzen berechnen";""
" Toleranzwertvorgabe in % (012)";" Toleranzwertvorgabe in % (012)";""
" Lagerortparameter laden";" Lagerortparameter laden";""
"      L     #DW_Anf_Lagerortsdaten                                               // (010)";"      L     #DW_Anf_Lagerortsdaten                                               // (010)";""
"      SLD   3                                                                    // (010)";"      SLD   3                                                                    // (010)";""
"      LAR1                                                                       // (010)";"      LAR1                                                                       // (010)";""
"      L     #SST_R_zu_K_Ebene.Lagerortparameter.spezifisches_Gewicht             // (010)";"      L     #SST_R_zu_K_Ebene.Lagerortparameter.spezifisches_Gewicht             // (010)";""
"      L     #SST_R_zu_K_Ebene.Lagerortparameter.Impulsvolumen    // in l/Puls    // (010)";"      L     #SST_R_zu_K_Ebene.Lagerortparameter.Impulsvolumen    // in l/Puls    // (010)";""
"      *R                                                                         // (010)";"      *R                                                                         // (010)";""
"      T     #SST_R_zu_K_Ebene.Lagerortparameter.Impulsvolumen    // in kg/Puls   // (010)";"      T     #SST_R_zu_K_Ebene.Lagerortparameter.Impulsvolumen    // in kg/Puls   // (010)";""
" Länge eines Bilanzdatensatzes";" Länge eines Bilanzdatensatzes";""
" Registrieren ?";" Registrieren ?";""
" wenn Anforderung registrierter Wert übernehmen -> Schritt 20 ausführen";" wenn Anforderung registrierter Wert übernehmen -> Schritt 20 ausführen";""
" Programmteil gelöscht -> siehe Schritt 1 (006)";" Programmteil gelöscht -> siehe Schritt 1 (006)";""
" Schritt 30 ausführen";" Schritt 30 ausführen";""
" wenn Anforderung Lagerortdaten -> Schritt 40 ausführen";" wenn Anforderung Lagerortdaten -> Schritt 40 ausführen";""
" wenn Waage Leitwaage ist oder das Bit der Waage in Statusleiste ""abgeholte Waage"" = 1 -> keine Berechnung";" wenn Waage Leitwaage ist oder das Bit der Waage in Statusleiste ""abgeholte Waage"" = 1 -> keine Berechnung";""
" Leitkomponente abgeholt (Bit/Waage)";" Leitkomponente abgeholt (Bit/Waage)";""
" Korrekturfaktor berechnen";" Korrekturfaktor berechnen";""
" Istwerte in Bilanz-DB speichern";" Istwerte in Bilanz-DB speichern";""
" im Rezeptmode wird automatisch quittiert (002)";" im Rezeptmode wird automatisch quittiert (002)";""
" weiter bei Schritt 10";" weiter bei Schritt 10";""
" Signal R-Ebene starten";" Signal R-Ebene starten";""
" Signal Rezept abbrechen";" Signal Rezept abbrechen";""
" Signal Komponente abbrechen und Waage anhalten";" Signal Komponente abbrechen und Waage anhalten";""
" Offset Lagerortbilanz-DB Waagen";" Offset Lagerortbilanz-DB Waagen";""
" Wert muß auf ganze Zahl gerundet werden !!";" Wert muß auf ganze Zahl gerundet werden !!";""
" Mode , allgemeine Signale";" Mode , allgemeine Signale";""
" Positivverwiegung, Negativverwiegung ";" Positivverwiegung, Negativverwiegung ";""
" Befüllung, Entleerung";" Befüllung, Entleerung";""
" Kontrollverwiegung, Handverwiegung";" Kontrollverwiegung, Handverwiegung";""
" (042) Verwiegung beenden bei Kontrollverwiegung mit Chargenopt. wenn Waagengrenzen überschritten werden";" (042) Verwiegung beenden bei Kontrollverwiegung mit Chargenopt. wenn Waagengrenzen überschritten werden";""
" (042) Verwiegung beenden bei Kontrollverwiegung mit Chargenopt. wenn Teilverwiegung fertig";" (042) Verwiegung beenden bei Kontrollverwiegung mit Chargenopt. wenn Teilverwiegung fertig";""
" (042) (067)";" (042) (067)";""
" (061) Verwiegung beenden bei negativer Kontrollverwiegung mit Chargenopt. wenn Leerpegel unterschritten wird";" (061) Verwiegung beenden bei negativer Kontrollverwiegung mit Chargenopt. wenn Leerpegel unterschritten wird";""
" (061) Verwiegung beenden bei negativer Kontrollverwiegung mit Chargenopt. wenn Teilverwiegung fertig";" (061) Verwiegung beenden bei negativer Kontrollverwiegung mit Chargenopt. wenn Teilverwiegung fertig";""
"Komponentenparameter von SST Rezept- zu Komponentenebene in aktuelle Komponentenparameter kopieren. ";"Komponentenparameter von SST Rezept- zu Komponentenebene in aktuelle Komponentenparameter kopieren. ";""
" Lagerortparameter von SST Rezept- zu Komponentenebene in aktuelle Lagerortparameter kopieren. ";" Lagerortparameter von SST Rezept- zu Komponentenebene in aktuelle Lagerortparameter kopieren. ";""
" beim Start wird die Komponentenbilanz gelöscht wenn nur 1 Pufferplatz für die Bilanzierung vorhanden ist";" beim Start wird die Komponentenbilanz gelöscht wenn nur 1 Pufferplatz für die Bilanzierung vorhanden ist";""
" (061)  11 =  negativer Förderauftrag / Kontrollverwiegung ohne Chargenoptimierung";" (061)  11 =  negativer Förderauftrag / Kontrollverwiegung ohne Chargenoptimierung";""
" (061)  12 =  negativer Förderauftrag / Kontrollverwiegung mit Chargenoptimierung";" (061)  12 =  negativer Förderauftrag / Kontrollverwiegung mit Chargenoptimierung";""
" 2 = Positivverwiegung mit Chargenoptimierung";" 2 = Positivverwiegung mit Chargenoptimierung";""
" 7 = Negativverwiegung mit Chargenoptimierung";" 7 = Negativverwiegung mit Chargenoptimierung";""
" (039)  9 = Handverwiegung";" (039)  9 = Handverwiegung";""
" (042)  10 =  Förderauftrag / Kontrollverwiegung mit Chargenoptimierung";" (042)  10 =  Förderauftrag / Kontrollverwiegung mit Chargenoptimierung";""
"                           (071)  16 =  Funktionszeit / Kontrollverwiegung";"                           (071)  16 =  Funktionszeit / Kontrollverwiegung";""
" wenn Verbrauchernummer nicht ok ";" wenn Verbrauchernummer nicht ok ";""
" wenn Verbrauchernummer ok";" wenn Verbrauchernummer ok";""
" Verwiegeartfreigabe";" Verwiegeartfreigabe";""
" Restgewicht = Gesamtsollgewicht ";" Restgewicht = Gesamtsollgewicht ";""
"      L     #SST_R_zu_K_Ebene.Komponentenparameter.Sollgewicht_gesamt    // (039)";"      L     #SST_R_zu_K_Ebene.Komponentenparameter.Sollgewicht_gesamt    // (039)";""
"      T     #Daten_Komponentenebene.Restgewicht_Ch_Opt    // (039)";"      T     #Daten_Komponentenebene.Restgewicht_Ch_Opt    // (039)";""
" Sollvolumen berechnen";" Sollvolumen berechnen";""
" Prüfung bei Positiv-, Kontroll-, Handverwiegung und Abholauftrag ";" Prüfung bei Positiv-, Kontroll-, Handverwiegung und Abholauftrag ";""
" Sollgewicht > Wiegebereich";" Sollgewicht > Wiegebereich";""
" bei Waagenvolumen = 0 -> keine Prüfung  (031)";" bei Waagenvolumen = 0 -> keine Prüfung  (031)";""
" Sollvolumen > Waagenvolumen";" Sollvolumen > Waagenvolumen";""
" Prüfung bei Negativverwiegung";" Prüfung bei Negativverwiegung";""
" Bruttogewicht-Leerpegel > Sollgewicht";" Bruttogewicht-Leerpegel > Sollgewicht";""
" Prüfung bei Befüllung";" Prüfung bei Befüllung";""
" Prüfung ob bei einer Verwiegung das Schüttgewicht <= 0.0 kg/l";" Prüfung ob bei einer Verwiegung das Schüttgewicht <= 0.0 kg/l";""
" Prüfung Sollgewicht zu klein (043)";" Prüfung Sollgewicht zu klein (043)";""
" wenn Sollgewicht nicht ok ";" wenn Sollgewicht nicht ok ";""
" wenn Sollgewicht ok";" wenn Sollgewicht ok";""
" wenn keine Chargenoptimierung angewäht ist -> Schrittende";" wenn keine Chargenoptimierung angewäht ist -> Schrittende";""
" wenn Chargenoptimierung bereits aktiv -> keine Prüfung";" wenn Chargenoptimierung bereits aktiv -> keine Prüfung";""
" Prüfen ob Sollgewicht > Wiegebereich bzw. Sollvolumen > Waagenvolmen";" Prüfen ob Sollgewicht > Wiegebereich bzw. Sollvolumen > Waagenvolmen";""
" bei Positiv-, Kontroll- und Handverwiegung auf Wiegebereich prüfen";" bei Positiv-, Kontroll- und Handverwiegung auf Wiegebereich prüfen";""
" bei Negativverwiegung auf restlichen Inhalt prüfen";" bei Negativverwiegung auf restlichen Inhalt prüfen";""
" (042) bei Kontrollverwiegung mit Chargenoptimierung ist immer Optimierung aktiv";" (042) bei Kontrollverwiegung mit Chargenoptimierung ist immer Optimierung aktiv";""
" (039) Reihenfolge geändert";" (039) Reihenfolge geändert";""
" wenn keine Chargenoptimierung nötig ist -> Schrittende";" wenn keine Chargenoptimierung nötig ist -> Schrittende";""
" wenn Negativverwiegung aktiv ist -> Sprung zu Chargenoptimierung neg. Verwiegung sonst pos. Verwiegung";" wenn Negativverwiegung aktiv ist -> Sprung zu Chargenoptimierung neg. Verwiegung sonst pos. Verwiegung";""
" Bed.1.1";" Bed.1.1";""
" Bed.2.1";" Bed.2.1";""
" Bed.2.2";" Bed.2.2";""
" Bed.3.1 (M001)";" Bed.3.1 (M001)";""
" Bed.3.2 (M001)";" Bed.3.2 (M001)";""
" Bed.3.3";" Bed.3.3";""
" Datensatz für Entleerung erzeugen";" Datensatz für Entleerung erzeugen";""
" Datensatz für pos. Verwiegung / Kontrollverwiegung erzeugen";" Datensatz für pos. Verwiegung / Kontrollverwiegung erzeugen";""
"    Sollgewicht = Restgewicht, wenn Restgewicht < (max. Sollwert - Bruttogewicht + Nachlauf) und";"    Sollgewicht = Restgewicht, wenn Restgewicht < (max. Sollwert - Bruttogewicht + Nachlauf) und";""
"    Restvolumen < Waagenvolumen - reg. Volumen";"    Restvolumen < Waagenvolumen - reg. Volumen";""
" Gewicht prüfen";" Gewicht prüfen";""
" Volumen prüfen (027)";" Volumen prüfen (027)";""
"    Sollgewicht = Restgewicht/2, wenn Restgewicht < 2*(max Sollwert - Bruttogewicht) und";"    Sollgewicht = Restgewicht/2, wenn Restgewicht < 2*(max Sollwert - Bruttogewicht) und";""
"    Restvolumen < 2*(Waagenvolumen - reg. Volumen)";"    Restvolumen < 2*(Waagenvolumen - reg. Volumen)";""
" 027)";" 027)";""
"    Sollgewicht = max. Sollwert - Bruttogewicht, wenn Restgewicht > 2*(max Sollwert - Bruttogewicht)";"    Sollgewicht = max. Sollwert - Bruttogewicht, wenn Restgewicht > 2*(max Sollwert - Bruttogewicht)";""
"    oder Sollgewicht = Waagenvolumen * spezifisches_Gewicht wenn dieses kleiner max. Sollgewicht";"    oder Sollgewicht = Waagenvolumen * spezifisches_Gewicht wenn dieses kleiner max. Sollgewicht";""
" Datensatz für Befüllung erzeugen";" Datensatz für Befüllung erzeugen";""
" Datensatz für neg. Verwiegung erzeugen";" Datensatz für neg. Verwiegung erzeugen";""
"    Sollgewicht = Restgewicht, wenn Restgewicht < (Bruttogewicht - Leerpegel + Nachlauf)";"    Sollgewicht = Restgewicht, wenn Restgewicht < (Bruttogewicht - Leerpegel + Nachlauf)";""
"    Sollgewicht = Restgewicht/2, wenn Restgewicht < 2*(Bruttogewicht - Leerpegel)";"    Sollgewicht = Restgewicht/2, wenn Restgewicht < 2*(Bruttogewicht - Leerpegel)";""
"    Sollgewicht=Bruttogewicht-Leerpegel, wenn Restgewicht > 2*(Bruttogewicht - Leerpegel)";"    Sollgewicht=Bruttogewicht-Leerpegel, wenn Restgewicht > 2*(Bruttogewicht - Leerpegel)";""
" (061) negative Kontrollverwiegung mit Chargenoptimierung";" (061) negative Kontrollverwiegung mit Chargenoptimierung";""
" Negativverwiegung mit Chargenoptmierung";" Negativverwiegung mit Chargenoptmierung";""
"Parameter die nach dem Start nicht mehr geändert werden können";"Parameter die nach dem Start nicht mehr geändert werden können";""
" (052) Zeilen gelöscht";" (052) Zeilen gelöscht";""
" bei Entleerung wird Schüttgewicht berechnet wenn registriertes Volumen <> 0.0 ";" bei Entleerung wird Schüttgewicht berechnet wenn registriertes Volumen <> 0.0 ";""
" Ersatzwert 1.0 wenn Ergebnis = 0.0 oder Ergebnis undefiniert";" Ersatzwert 1.0 wenn Ergebnis = 0.0 oder Ergebnis undefiniert";""
" Parameter die auch während der Verwiegung geändert werden können (006)";" Parameter die auch während der Verwiegung geändert werden können (006)";""
" Werte in Bilanz-DB eintragen wenn Komponentenbilanzierung angewählt ist (007)";" Werte in Bilanz-DB eintragen wenn Komponentenbilanzierung angewählt ist (007)";""
" registriertes Gewicht an Rezeptebene kopieren, wenn keine Chargenoptimierung durchgeführt wurde";" registriertes Gewicht an Rezeptebene kopieren, wenn keine Chargenoptimierung durchgeführt wurde";""
"        (071) (075)";"        (071) (075)";""
" Zwischenentleerung einleiten wenn vorher verwogen wurde";" Zwischenentleerung einleiten wenn vorher verwogen wurde";""
" (042) 10 = Förderauftrag mit Chargenoptimierung";" (042) 10 = Förderauftrag mit Chargenoptimierung";""
" Befüllung einleiten wenn vorher verwogen wurde";" Befüllung einleiten wenn vorher verwogen wurde";""
" (061) 12 = Negative Kontrollverwiegung mit Chargenoptimierung";" (061) 12 = Negative Kontrollverwiegung mit Chargenoptimierung";""
" registriertes Gewicht aufsummieren, wenn Chargenoptimierung durchgeführt wird";" registriertes Gewicht aufsummieren, wenn Chargenoptimierung durchgeführt wird";""
" Restgewicht berechnen";" Restgewicht berechnen";""
" Schrittnummer = 7 wenn nicht letzte Teilverwiegung aktiv";" Schrittnummer = 7 wenn nicht letzte Teilverwiegung aktiv";""
" zurück zu Chargenoptimierung, wenn nicht die letzte Teilverwiegung durchgeführt wurde";" zurück zu Chargenoptimierung, wenn nicht die letzte Teilverwiegung durchgeführt wurde";""
"      UN    #Daten_Komponentenebene.Verwiegeart.Kontrollverwieg_Negativ    // (061) (065)";"      UN    #Daten_Komponentenebene.Verwiegeart.Kontrollverwieg_Negativ    // (061) (065)";""
"      U(                                // (061) (065)";"      U(                                // (061) (065)";""
"      O     #Daten_Komponentenebene.Verwiegeart.Kontrollverwieg_Negativ    // (061) (065)";"      O     #Daten_Komponentenebene.Verwiegeart.Kontrollverwieg_Negativ    // (061) (065)";""
"      )                                 // (061) (065)";"      )                                 // (061) (065)";""
" Zeiger ""aktueller Komponentenbilanzeintrag reduzieren";" Zeiger ""aktueller Komponentenbilanzeintrag reduzieren";""
"      L     DBW   12                    // Anzahl Komponentenbilanzeinträge";"      L     DBW   12                    // Anzahl Komponentenbilanzeinträge";""
"      <=I   ";"      <=I   ";""
"      L     1                           // wenn max. Anzahl Bilanzeinträge überschritten ist -> Anfang";"      L     1                           // wenn max. Anzahl Bilanzeinträge überschritten ist -> Anfang";""
" aktueller Komponentetbilanzeintrag";" aktueller Komponentetbilanzeintrag";""
" Anzahl Komponentebilanzeinträge";" Anzahl Komponentebilanzeinträge";""
" Komponentebilanzspeicher löschen wenn Anzahl Rezeptbilanzeinträge > 1 ist. ";" Komponentebilanzspeicher löschen wenn Anzahl Rezeptbilanzeinträge > 1 ist. ";""
" nächster Schritt";" nächster Schritt";""
" Pointer auf Lagerortbilanz in Lagerortbilanz-DB in AR1 laden";" Pointer auf Lagerortbilanz in Lagerortbilanz-DB in AR1 laden";""
" Istwerte zu Lagerortbilanz in Lagerortbilanz-DB addieren";" Istwerte zu Lagerortbilanz in Lagerortbilanz-DB addieren";""
" Nachlaufberechnung wenn die Anlage im PC-Mode läuft und Nachlaufkorrektur angewählt ist";" Nachlaufberechnung wenn die Anlage im PC-Mode läuft und Nachlaufkorrektur angewählt ist";""
" (062) Wert um den der Nachlauf noch korrigiert werden muß";" (062) Wert um den der Nachlauf noch korrigiert werden muß";""
" (062) Der neue Nachlaufwert wird um 1/5 dieses Wertes korrigiert ";" (062) Der neue Nachlaufwert wird um 1/5 dieses Wertes korrigiert ";""
" Nachlaufberechnung wenn die Anlage nicht im PC-Mode läuft oder wenn im PC-Mode keine Nachlaufkorrektur aktiviert ist";" Nachlaufberechnung wenn die Anlage nicht im PC-Mode läuft oder wenn im PC-Mode keine Nachlaufkorrektur aktiviert ist";""
" wenn keine Nachlaufkorrektur angewählt ist wird mit dem eingegebenen Nachlaufwert gerechnet";" wenn keine Nachlaufkorrektur angewählt ist wird mit dem eingegebenen Nachlaufwert gerechnet";""
" -> tatsächlicher Nachlauf";" -> tatsächlicher Nachlauf";""
" Wert um den der Nachlauf noch korrigiert werden muß";" Wert um den der Nachlauf noch korrigiert werden muß";""
" Der neue Nachlaufwert wird um 1/5 dieses Wertes korrigiert ";" Der neue Nachlaufwert wird um 1/5 dieses Wertes korrigiert ";""
" wenn die Nachlaufkorrektur angewählt ist wird mit dem berechneten Nachlaufwert gerechnet";" wenn die Nachlaufkorrektur angewählt ist wird mit dem berechneten Nachlaufwert gerechnet";""
" neuen Nachlaufwert in Lagerortparameter-DB speichern";" neuen Nachlaufwert in Lagerortparameter-DB speichern";""
" Offset Lagerortparameter (Anfangs-DW)";" Offset Lagerortparameter (Anfangs-DW)";""
" (029) Fehlermeldungen";" (029) Fehlermeldungen";""
" (037) Fehlerquittierungen";" (037) Fehlerquittierungen";""
" im Komponentenmode wird automatisch quittiert (002)";" im Komponentenmode wird automatisch quittiert (002)";""
" Schleichmengenspeicher aktualisieren";" Schleichmengenspeicher aktualisieren";""
" Fehlermeldung";" Fehlermeldung";""
" während Verwiegung (Schritt 11) -> Istgewicht gesamt = registriertes Gewicht + aktuelles Gewicht";" während Verwiegung (Schritt 11) -> Istgewicht gesamt = registriertes Gewicht + aktuelles Gewicht";""
" sonst Istgewicht gesamt = registriertes Gewicht";" sonst Istgewicht gesamt = registriertes Gewicht";""
" noch nicht verwendet";" noch nicht verwendet";""
"      U     #SST_Anwenderprogramm.an.Steuersignale.Handverwiegung.Verwiegung_in_Toleranz    // (055)";"      U     #SST_Anwenderprogramm.an.Steuersignale.Handverwiegung.Verwiegung_in_Toleranz    // (055)";""
" Dosierfrequenz / AZO-Parameter 4";" Dosierfrequenz / AZO-Parameter 4";""
" AZO-Parameter 5 / Istgewicht Netto";" AZO-Parameter 5 / Istgewicht Netto";""
" Istgewicht Netto / registriertes Gewicht";" Istgewicht Netto / registriertes Gewicht";""
" registriertes Gewicht / Fehlermeldung";" registriertes Gewicht / Fehlermeldung";""
" Positivverwiegung / Negativverwiegung";" Positivverwiegung / Negativverwiegung";""
" Kontrollverwiegung / Handverwiegung";" Kontrollverwiegung / Handverwiegung";""
" interne Daten";" interne Daten";""
" (028) nicht bei Promass";" (028) nicht bei Promass";""
" (028) nicht bei FM350-2";" (028) nicht bei FM350-2";""
" (028) nicht bei WMD";" (028) nicht bei WMD";""
" Verwiegung ausser Negativverwiegung";" Verwiegung ausser Negativverwiegung";""
" pos. Verwiegung / Förderauftrag / Abholauftrag / Handverwiegung / Handzugabe";" pos. Verwiegung / Förderauftrag / Abholauftrag / Handverwiegung / Handzugabe";""
" neg. Verwiegung";" neg. Verwiegung";""
" während der Entleerung";" während der Entleerung";""
" Entleerung ohne Abbruch ";" Entleerung ohne Abbruch ";""
" während des Verwiegens";" während des Verwiegens";""
" während des Entleerens";" während des Entleerens";""
" während der Negativverwiegung oder der Befüllung";" während der Negativverwiegung oder der Befüllung";""
"      UN    #Waagenparameter.Waagenkonfiguration.Lagerortkonfiguration    // (014) (040)";"      UN    #Waagenparameter.Waagenkonfiguration.Lagerortkonfiguration    // (014) (040)";""
"      SPB   FG1                         // (014) (040)";"      SPB   FG1                         // (014) (040)";""
"      CALL  ""FC36 LO-Konfiguration""  // (040)";"      CALL  ""FC36 LO-Konfiguration""  // (040)";""
"       Lagerort_DB       :=#Lagerort_Rezept_DB_Waage";"       Lagerort_DB       :=#Lagerort_Rezept_DB_Waage";""
"       int_Lagerortnummer:=#SST_R_zu_K_Ebene.Komponentenparameter.Lagerortnummer";"       int_Lagerortnummer:=#SST_R_zu_K_Ebene.Komponentenparameter.Lagerortnummer";""
"       ext_Lagerortnummer:=#aktuelle_Istdaten.Lagerortnummer";"       ext_Lagerortnummer:=#aktuelle_Istdaten.Lagerortnummer";""
" (050)  11 =  negativer Förderauftrag / Kontrollverwiegung ohne Chargenoptimierung";" (050)  11 =  negativer Förderauftrag / Kontrollverwiegung ohne Chargenoptimierung";""
" (050)  12 =  negativer Förderauftrag / Kontrollverwiegung mit Chargenoptimierung";" (050)  12 =  negativer Förderauftrag / Kontrollverwiegung mit Chargenoptimierung";""
" Förderauftrag / Kontrollverwiegung ohne Quittieung";" Förderauftrag / Kontrollverwiegung ohne Quittieung";""
"                                 // (034)";"                                 // (034)";""
" Befüllung                       // (034)";" Befüllung                       // (034)";""
" (042) Förderaufrag / Kontrollverwiegung mit Quittierung";" (042) Förderaufrag / Kontrollverwiegung mit Quittierung";""
" Abholauftrag";" Abholauftrag";""
" Handzugabe";" Handzugabe";""
" Befüllung";" Befüllung";""
" Funktionszeit";" Funktionszeit";""
" Überwachungszeit Dosierfreigabe";" Überwachungszeit Dosierfreigabe";""
" fehlt";" fehlt";""
" wenn in diesem Schritt die Waage abgebrochen wird erfolgt ein Sprung direkt zum Registrieren";" wenn in diesem Schritt die Waage abgebrochen wird erfolgt ein Sprung direkt zum Registrieren";""
" Schrittnummer erhöhen";" Schrittnummer erhöhen";""
" Statusbit ""Anforderung_Verwiegung starten"" rücksetzen";" Statusbit ""Anforderung_Verwiegung starten"" rücksetzen";""
" Taraspeicher löschen                                      // (009)";" Taraspeicher löschen                                      // (009)";""
" Statusbit ""Tarieren aktiv""";" Statusbit ""Tarieren aktiv""";""
" Beruhigungszeit rücksetzen";" Beruhigungszeit rücksetzen";""
" Beruhigungszeit erhöhen";" Beruhigungszeit erhöhen";""
" Tarieren an A-Ebene nur wenn nicht angehalten wurde (012)";" Tarieren an A-Ebene nur wenn nicht angehalten wurde (012)";""
" Beruhigungszeit abgelaufen ?";" Beruhigungszeit abgelaufen ?";""
" Befüllung / Handzugabe";" Befüllung / Handzugabe";""
"      U(                                                                             // (027)";"      U(                                                                             // (027)";""
"      O     #SST_A_zu_E_Ebene.Statusbitleiste.Waage_tariert    // (003)              // (027)";"      O     #SST_A_zu_E_Ebene.Statusbitleiste.Waage_tariert    // (003)              // (027)";""
"      O     #Daten_Einzelschrittebene.Statusbits.Waage_wurde_angehalten    // (013)  // (027)";"      O     #Daten_Einzelschrittebene.Statusbits.Waage_wurde_angehalten    // (013)  // (027)";""
"      )                                                                              // (027)";"      )                                                                              // (027)";""
" Fehlermeldung ausgeben";" Fehlermeldung ausgeben";""
" Beruhigugszeit 1x wiederholen, wenn kein Stillstand";" Beruhigugszeit 1x wiederholen, wenn kein Stillstand";""
" (035) Befüllung / Handzugabe";" (035) Befüllung / Handzugabe";""
" Schritt beenden";" Schritt beenden";""
" Taraspeicher setzen wenn Waage nicht aus dem Schritt angehalten kommt";" Taraspeicher setzen wenn Waage nicht aus dem Schritt angehalten kommt";""
" Statusbit ""Tarieren aktiv"" rücksetzen";" Statusbit ""Tarieren aktiv"" rücksetzen";""
" internes Bit Schritt fertig setzen";" internes Bit Schritt fertig setzen";""
" sonstige Bits rücksetzen";" sonstige Bits rücksetzen";""
" Positivverwiegung";" Positivverwiegung";""
" mit eichfähiger Waage wird das Nettogewicht direkt vom Meßverstärker geladen  (016)";" mit eichfähiger Waage wird das Nettogewicht direkt vom Meßverstärker geladen  (016)";""
" während Schritt 12 und 13 wird das registrierte Gewicht als Nettogewicht ausgegeben (001)";" während Schritt 12 und 13 wird das registrierte Gewicht als Nettogewicht ausgegeben (001)";""
" Statusbit ""Grob dosieren"" setzen";" Statusbit ""Grob dosieren"" setzen";""
" Prüfen ob Grob dosieren fertig";" Prüfen ob Grob dosieren fertig";""
" Gewichtswert erreicht bei pos./neg. Verwiegung und Befüllung";" Gewichtswert erreicht bei pos./neg. Verwiegung und Befüllung";""
" Quittierung bei Kontrollverwiegung, Handverwiegung und Abholauftrag";" Quittierung bei Kontrollverwiegung, Handverwiegung und Abholauftrag";""
" Statusbit ""Grob dosieren"" rücksetzen";" Statusbit ""Grob dosieren"" rücksetzen";""
" Statusbit ""Fein dosieren"" setzen";" Statusbit ""Fein dosieren"" setzen";""
" Prüfen ob Fein dosieren fertig";" Prüfen ob Fein dosieren fertig";""
" Statusbit ""Fein dosieren"" rücksetzen";" Statusbit ""Fein dosieren"" rücksetzen";""
" Statusbit ""Extrafein dosieren"" setzen";" Statusbit ""Extrafein dosieren"" setzen";""
" Prüfen ob Extrafein dosieren fertig";" Prüfen ob Extrafein dosieren fertig";""
" Statusbit ""Extrafein dosieren"" rücksetzen";" Statusbit ""Extrafein dosieren"" rücksetzen";""
" Statusbit ""Nachlauf aktiv""";" Statusbit ""Nachlauf aktiv""";""
" Nachlaufzeit erhöhen";" Nachlaufzeit erhöhen";""
" Nachlaufzeit rücksetzen";" Nachlaufzeit rücksetzen";""
" Statusbit ""Nachlauf aktiv"" rücksetzen";" Statusbit ""Nachlauf aktiv"" rücksetzen";""
" Bedingung für Sprung zum Registrieren";" Bedingung für Sprung zum Registrieren";""
" Statusbit ""Waage angehalten""";" Statusbit ""Waage angehalten""";""
" Statusbit ""Waage wurde angehalten""";" Statusbit ""Waage wurde angehalten""";""
" zu Schritt Tarieren springen";" zu Schritt Tarieren springen";""
" Statusbit ""Registrieren aktiv""";" Statusbit ""Registrieren aktiv""";""
" (041) wenn Registrierung bereits aktiviert";" (041) wenn Registrierung bereits aktiviert";""
" (016) (037)";" (016) (037)";""
" Wert registrieren";" Wert registrieren";""
" Bei Abholauftrag oder bei abgebrochener Handzugabe wird 0.0 kg verbucht";" Bei Abholauftrag oder bei abgebrochener Handzugabe wird 0.0 kg verbucht";""
" Bei Handzugabe wird das Sollgewicht verbucht";" Bei Handzugabe wird das Sollgewicht verbucht";""
" Statusbit ""Registrieren aktiv"" rücksetzen";" Statusbit ""Registrieren aktiv"" rücksetzen";""
" Toleranz berechnen";" Toleranz berechnen";""
" prüfen auf negative Toleranzverletzung und (Sollgewicht - registriertes Gewicht - Nachlauf) > 0.0 kg";" prüfen auf negative Toleranzverletzung und (Sollgewicht - registriertes Gewicht - Nachlauf) > 0.0 kg";""
" positive Zahl -> negieren für Vergleich";" positive Zahl -> negieren für Vergleich";""
"      UN    #Daten_Einzelschrittebene.Statusbits.Nachdosieren    // max. 1 x Nachdosieren (04&)";"      UN    #Daten_Einzelschrittebene.Statusbits.Nachdosieren    // max. 1 x Nachdosieren (04&)";""
" maximal 5 x Nachdosieren (052)";" maximal 5 x Nachdosieren (052)";""
" -> Nachdosieren";" -> Nachdosieren";""
" -> Nachdosieren innerhalb Nachlauf ausserhalb Toleranz";" -> Nachdosieren innerhalb Nachlauf ausserhalb Toleranz";""
" Nachdosieren wenn Istgewicht außerhalb Toleranz und nur bei Positiv- oder Negativverwiegungen";" Nachdosieren wenn Istgewicht außerhalb Toleranz und nur bei Positiv- oder Negativverwiegungen";""
" Istwert innerhalb der Toleranz ";" Istwert innerhalb der Toleranz ";""
" Toleranz = 0.0 kg";" Toleranz = 0.0 kg";""
" maximal 5 x Nachdosieren";" maximal 5 x Nachdosieren";""
" Gewicht für Nachdosierung berechen (=Sollgewicht - Solltoleranz - registriertes Gewicht)";" Gewicht für Nachdosierung berechen (=Sollgewicht - Solltoleranz - registriertes Gewicht)";""
" Wert auf max. 10 Sekunden begrenzen";" Wert auf max. 10 Sekunden begrenzen";""
" Bedingung für Ende der Nachdosierung";" Bedingung für Ende der Nachdosierung";""
" wenn Nachdosierzeit beendet ist";" wenn Nachdosierzeit beendet ist";""
" wenn Sollgewicht überschritten ist";" wenn Sollgewicht überschritten ist";""
" Dosiersignale Nachdosierung";" Dosiersignale Nachdosierung";""
" Statusbits Nachdosierung";" Statusbits Nachdosierung";""
" Nachdosierzeit";" Nachdosierzeit";""
" Taktimpuls";" Taktimpuls";""
" Zeit Taktimpuls in 100ms";" Zeit Taktimpuls in 100ms";""
" in 0,1 Sekunden";" in 0,1 Sekunden";""
" Sprung zu Schritt Nachlauf";" Sprung zu Schritt Nachlauf";""
" Sprung zu Schritt Toleranzprüfung";" Sprung zu Schritt Toleranzprüfung";""
" prüfen auf positive Toleranzverletzung";" prüfen auf positive Toleranzverletzung";""
" prüfen auf negative Toleranzverletzung";" prüfen auf negative Toleranzverletzung";""
" (049) -> Nachdosieren";" (049) -> Nachdosieren";""
" Bedingungen für Schrittweiterschaltung";" Bedingungen für Schrittweiterschaltung";""
" Statusbit ""Entleerung aktiv""";" Statusbit ""Entleerung aktiv""";""
" Waage nullstellen bei Pseudo-Entleerung                            // (008)";" Waage nullstellen bei Pseudo-Entleerung                            // (008)";""
" Restentleerzeit rücksetzen";" Restentleerzeit rücksetzen";""
" Restentleerzeit erhöhen";" Restentleerzeit erhöhen";""
" Signal Zwischenentleerung fertig";" Signal Zwischenentleerung fertig";""
" Signal Endentleerung fertig";" Signal Endentleerung fertig";""
" Bedingung für Schrittende (004)";" Bedingung für Schrittende (004)";""
" Signale rückseten";" Signale rückseten";""
" Grob dosieren";" Grob dosieren";""
" Tarieren / Beruhigen";" Tarieren / Beruhigen";""
" Gewicht ist innerhalb der positiven Toleranz";" Gewicht ist innerhalb der positiven Toleranz";""
" Resetgewicht ist negativ bei Überschreitung des Sollgewichtes";" Resetgewicht ist negativ bei Überschreitung des Sollgewichtes";""
" Toleranzvorgabe == 0.0 kg";" Toleranzvorgabe == 0.0 kg";""
" Gewicht ist innerhalb der negativen Toleranz";" Gewicht ist innerhalb der negativen Toleranz";""
" Startbedingung";" Startbedingung";""
" beim ersten Intervall wird keine Durchsatzstörung ausgelöst";" beim ersten Intervall wird keine Durchsatzstörung ausgelöst";""
"      SPBN  EDSF // (020)";"      SPBN  EDSF // (020)";""
" Sprung gelöscht (056)";" Sprung gelöscht (056)";""
" (025)  // (056)";" (025)  // (056)";""
" (054) Befüllung und Handzugabe";" (054) Befüllung und Handzugabe";""
" (054) (056)";" (054) (056)";""
" Statusbits zu Komponentenebene";" Statusbits zu Komponentenebene";""
" Daten zu Analogebene";" Daten zu Analogebene";""
" Gewichtswert an SST Analog zu Einzelschrittebene";" Gewichtswert an SST Analog zu Einzelschrittebene";""
" Statusbits an SST Analog zu Einzelschrittebene";" Statusbits an SST Analog zu Einzelschrittebene";""
" Fehlermeldungen an SST Analog zu Einzelschrittebene löschen";" Fehlermeldungen an SST Analog zu Einzelschrittebene löschen";""
"      UC    ""FB36 WMD""                  // (016) ";"      UC    ""FB36 WMD""                  // (016) ";""
" Simulation Isttemperatur und registrierte Temperatur";" Simulation Isttemperatur und registrierte Temperatur";""
" keine Simulation";" keine Simulation";""
" wenn keine Rezeptbilanzierung vorhanden ist kann auch der letzte Sollwert nicht korrigiert werden";" wenn keine Rezeptbilanzierung vorhanden ist kann auch der letzte Sollwert nicht korrigiert werden";""
" -> Prüfen ob Komponente schon mal verwogen wurde";" -> Prüfen ob Komponente schon mal verwogen wurde";""
" Anmerkung:";" Anmerkung:";""
" evtl. müsste der Nachlauf noch angepasst werden, da ohne Feindosieren der Istwert wahrscheinlich immer über dem Sollwert liegt";" evtl. müsste der Nachlauf noch angepasst werden, da ohne Feindosieren der Istwert wahrscheinlich immer über dem Sollwert liegt";""
" Differenz aller bisherigen Verwiegungen aufsummieren und Komponente um diesen Wert korrigieren ";" Differenz aller bisherigen Verwiegungen aufsummieren und Komponente um diesen Wert korrigieren ";""
" Umschaltpunkt Grob-Fein-Dosierung und Nachlauf bleibt auf gleichem Wert";" Umschaltpunkt Grob-Fein-Dosierung und Nachlauf bleibt auf gleichem Wert";""
" Fehlermeldungen an SST Analog zu Einzelschrittebene";" Fehlermeldungen an SST Analog zu Einzelschrittebene";""
"      L     #Daten_Analogebene.intern.Nachkommastellen    //(003)";"      L     #Daten_Analogebene.intern.Nachkommastellen    //(003)";""
"      UN    #Daten_Analogebene.intern.Kommunikation.StatusIntern.Befehl_aktiv";"      UN    #Daten_Analogebene.intern.Kommunikation.StatusIntern.Befehl_aktiv";""
"      R     #Daten_Analogebene.intern.Kommunikation.StatusIntern.Befehl_fertig";"      R     #Daten_Analogebene.intern.Kommunikation.StatusIntern.Befehl_fertig";""
"      S     #Daten_Analogebene.intern.interneFehler.Fehler_Befehlsausfuehr";"      S     #Daten_Analogebene.intern.interneFehler.Fehler_Befehlsausfuehr";""
"(003)(004)";"(003)(004)";""
"      L     #Waagenparameter.Nachkommastellen                   //(003)";"      L     #Waagenparameter.Nachkommastellen                   //(003)";""
"      T     #Daten_Analogebene.intern.Nachkommastellen          //(003)";"      T     #Daten_Analogebene.intern.Nachkommastellen          //(003)";""
"      UN    #Daten_Analogebene.intern.Kommunikation.FB_ERR     // (005)";"      UN    #Daten_Analogebene.intern.Kommunikation.FB_ERR     // (005)";""
" Offset Anfangs-DW Waagenarbeits-DB";" Offset Anfangs-DW Waagenarbeits-DB";""
" Offset Waagenarbeits-DB";" Offset Waagenarbeits-DB";""
" Offset Lagerort-/Rezept-Parameter-DB";" Offset Lagerort-/Rezept-Parameter-DB";""
"    SPS-Handmode";"    SPS-Handmode";""
" SPS-Hand-Rezeptmode";" SPS-Hand-Rezeptmode";""
" Anfang Lagerortsdaten ";" Anfang Lagerortsdaten ";""
" Komponentenparameter in Waagenarbeits-DB umkopieren";" Komponentenparameter in Waagenarbeits-DB umkopieren";""
" Lagerortsparameter in Waagenarbeits-DB umkopieren";" Lagerortsparameter in Waagenarbeits-DB umkopieren";""
" Komponenten- / Rezeptmode Schalter";" Komponenten- / Rezeptmode Schalter";""
" Waagenparameter speichern";" Waagenparameter speichern";""
" Daten Messwertverarbeitung, Kalibrierdaten kopieren";" Daten Messwertverarbeitung, Kalibrierdaten kopieren";""
" Anfang Lagerortparameter ";" Anfang Lagerortparameter ";""
" Anfang Lagerortsparameter ";" Anfang Lagerortsparameter ";""
" HSH-Mode";" HSH-Mode";""
" SPS-Auftragsmode";" SPS-Auftragsmode";""
" SPS-Hand-Komponentenmode";" SPS-Hand-Komponentenmode";""
" Betriebsart";" Betriebsart";""
" Offset Bilanz-DB";" Offset Bilanz-DB";""
" Bilanzen kopieren";" Bilanzen kopieren";""
" bei OP5, OP15, OP7, OP17 ";" bei OP5, OP15, OP7, OP17 ";""
" bei OP25, OP35, OP27, OP37, TP27. TP37, MP270, MP370 ";" bei OP25, OP35, OP27, OP37, TP27. TP37, MP270, MP370 ";""
" Offset Anfangs-DW Lagerort-/Rezept-DB";" Offset Anfangs-DW Lagerort-/Rezept-DB";""
" Offset Anfangs-DW Bilanz-DB";" Offset Anfangs-DW Bilanz-DB";""
" Untergrenze prüfen";" Untergrenze prüfen";""
" Obergrenze prüfen";" Obergrenze prüfen";""
"      L     #Daten_von_OP.Lagerortnummer            // (008)";"      L     #Daten_von_OP.Lagerortnummer            // (008)";""
"      L     #Editor_Steuerung.max_Lagerortnummer    // (008)";"      L     #Editor_Steuerung.max_Lagerortnummer    // (008)";""
"      >I                                            // (008)";"      >I                                            // (008)";""
"      SPB   LoP1                                    // (008)";"      SPB   LoP1                                    // (008)";""
"      T     #Daten_von_OP.Lagerortnummer            // (008)";"      T     #Daten_von_OP.Lagerortnummer            // (008)";""
"LoP1: NOP   0                                       // (008)";"LoP1: NOP   0                                       // (008)";""
"      L     #Daten_von_OP.Rezeptnummer              // (008)";"      L     #Daten_von_OP.Rezeptnummer              // (008)";""
"      L     #Editor_Steuerung.max_Rezeptnummer      // (008)";"      L     #Editor_Steuerung.max_Rezeptnummer      // (008)";""
"      SPB   ReP1                                    // (008)";"      SPB   ReP1                                    // (008)";""
"      T     #Daten_von_OP.Rezeptnummer              // (008)";"      T     #Daten_von_OP.Rezeptnummer              // (008)";""
"ReP1: NOP   0                                       // (008)";"ReP1: NOP   0                                       // (008)";""
" Kastor-Mode";" Kastor-Mode";""
" Auftrags-Mode";" Auftrags-Mode";""
" Rezept-/Komponenten-Mode";" Rezept-/Komponenten-Mode";""
" Waage Anwender-DB";" Waage Anwender-DB";""
" Waage Anwender-DW";" Waage Anwender-DW";""
" SST A_zu_R_Ebene Steuerbitleiste";" SST A_zu_R_Ebene Steuerbitleiste";""
" SST A_zu_R_Ebene Fehlerquittierungen (007)";" SST A_zu_R_Ebene Fehlerquittierungen (007)";""
" SST R_zu_A_Ebene Statusbitleiste";" SST R_zu_A_Ebene Statusbitleiste";""
" SST R_zu_A_Ebene Fehlermeldungen (007)";" SST R_zu_A_Ebene Fehlermeldungen (007)";""
" SST R_zu_K_Ebene Steuerbitleiste";" SST R_zu_K_Ebene Steuerbitleiste";""
" SST K_zu_R_Ebene Statusbitleiste";" SST K_zu_R_Ebene Statusbitleiste";""
" SST K_zu_R_Ebene Fehlermeldungen";" SST K_zu_R_Ebene Fehlermeldungen";""
" Messverstärkertyp";" Messverstärkertyp";""
" PESA Waage";" PESA Waage";""
" aktuelle Lagerortnummer laden";" aktuelle Lagerortnummer laden";""
" R->K Ebene.Komponentenparameter.Lagerortnummer";" R->K Ebene.Komponentenparameter.Lagerortnummer";""
" Lagerortparameter in Waagenarbeits-DB Farbgrafik umkopieren";" Lagerortparameter in Waagenarbeits-DB Farbgrafik umkopieren";""
"      L     #in_Waagenarbeits_DB_OP                                       // (003)";"      L     #in_Waagenarbeits_DB_OP                                       // (003)";""
"      T     #Arbeits_DB_Waage_OP                                          // (003)";"      T     #Arbeits_DB_Waage_OP                                          // (003)";""
"      AUF   DB [#Arbeits_DB_Waage_OP]                                     // (003)";"      AUF   DB [#Arbeits_DB_Waage_OP]                                     // (003)";""
"      L     DBD  424                    // spezifische Gewicht            // (003)";"      L     DBD  424                    // spezifische Gewicht            // (003)";""
"      L     DBD  428                    // Impulsvolumen in l/Puls        // (003)";"      L     DBD  428                    // Impulsvolumen in l/Puls        // (003)";""
"      *R                                                                  // (003)";"      *R                                                                  // (003)";""
"      T     DBD  428                    // -> Impulsvolumen in kg/Puls    // (003)";"      T     DBD  428                    // -> Impulsvolumen in kg/Puls    // (003)";""
" bei Maske 1101 und 1002 Toleranzwert negativ und Dosierzeit belegen";" bei Maske 1101 und 1002 Toleranzwert negativ und Dosierzeit belegen";""
" Toleranz positiv";" Toleranz positiv";""
" Toleranz negativ";" Toleranz negativ";""
" Dosierzeit";" Dosierzeit";""
" Verbrauchernummer auf alle Komponenten verteilen";" Verbrauchernummer auf alle Komponenten verteilen";""
" Verbrauchernr Komponente 1";" Verbrauchernr Komponente 1";""
" Verbrauchernr Komponente 2";" Verbrauchernr Komponente 2";""
" Verbrauchernr Komponente 3";" Verbrauchernr Komponente 3";""
" Verbrauchernr Komponente 4";" Verbrauchernr Komponente 4";""
" Verbrauchernr Komponente 5";" Verbrauchernr Komponente 5";""
" Verbrauchernr Komponente 6";" Verbrauchernr Komponente 6";""
" Verbrauchernr Komponente 7";" Verbrauchernr Komponente 7";""
" Verbrauchernr Komponente 8";" Verbrauchernr Komponente 8";""
" Verbrauchernr Komponente 9";" Verbrauchernr Komponente 9";""
" Verbrauchernr Komponente 10";" Verbrauchernr Komponente 10";""
" Verbrauchernr Komponente 11";" Verbrauchernr Komponente 11";""
" Verbrauchernr Komponente 12";" Verbrauchernr Komponente 12";""
" Verbrauchernr Komponente 13";" Verbrauchernr Komponente 13";""
" Verbrauchernr Komponente 14";" Verbrauchernr Komponente 14";""
" Verbrauchernr Komponente 15";" Verbrauchernr Komponente 15";""
" Verbrauchernr Komponente 16";" Verbrauchernr Komponente 16";""
" Verbrauchernr Komponente 17";" Verbrauchernr Komponente 17";""
" Verbrauchernr Komponente 18";" Verbrauchernr Komponente 18";""
" Verbrauchernr Komponente 19";" Verbrauchernr Komponente 19";""
" Verbrauchernr Komponente 20";" Verbrauchernr Komponente 20";""
" Bilanznummer initialisieren";" Bilanznummer initialisieren";""
" Bilanz auf max setzen, falls ausgewählte Bilanznummer größer als max Bilanznummer";" Bilanz auf max setzen, falls ausgewählte Bilanznummer größer als max Bilanznummer";""
" Prüfen ob Überlauf des Ringpuffers";" Prüfen ob Überlauf des Ringpuffers";""
"    Bilanzlänge berechnen!";"    Bilanzlänge berechnen!";""
" Anfangs-DW Bilanzdaten";" Anfangs-DW Bilanzdaten";""
" 10 Einträge auf einer Bilanzseite am OP";" 10 Einträge auf einer Bilanzseite am OP";""
"      +     -1";"      +     -1";""
" Teil 1 der Bilanzeinträge kopieren (10 Einträge oder bis Ende des Ringpuffers wenn dieser überschritten wird)";" Teil 1 der Bilanzeinträge kopieren (10 Einträge oder bis Ende des Ringpuffers wenn dieser überschritten wird)";""
" Teil 2 der Bilanzeinträge kopieren (restliche Einträge ab Anfang des Ringpuffers)";" Teil 2 der Bilanzeinträge kopieren (restliche Einträge ab Anfang des Ringpuffers)";""
" Nachkommastellen kopieren";" Nachkommastellen kopieren";""
" Einstelldaten kopieren";" Einstelldaten kopieren";""
"**************************************************************************";"**************************************************************************";""
" Fehlermeldungen SST K- zu R-Ebene";" Fehlermeldungen SST K- zu R-Ebene";""
" Editierbutton aktuelle Verwiegung einblenden";" Editierbutton aktuelle Verwiegung einblenden";""
" Rezeptnummer aktuelle Verwiegung einblenden";" Rezeptnummer aktuelle Verwiegung einblenden";""
" Rezeptnummer aktuelle Verwiegung freigeben zu editieren";" Rezeptnummer aktuelle Verwiegung freigeben zu editieren";""
" Komponentendaten aktuelle Verwiegung freigeben zu editieren";" Komponentendaten aktuelle Verwiegung freigeben zu editieren";""
" Lagerortparameter Teil 1 aktuelle Verwiegung freigeben zu editieren ";" Lagerortparameter Teil 1 aktuelle Verwiegung freigeben zu editieren ";""
" Lagerortparameter Teil 2 aktuelle Verwiegung freigeben zu editieren ";" Lagerortparameter Teil 2 aktuelle Verwiegung freigeben zu editieren ";""
" sonstige Editierfreigabe";" sonstige Editierfreigabe";""
" Anzeigefreigabe Rezepte";" Anzeigefreigabe Rezepte";""
" Editierfreigabe Rezepte";" Editierfreigabe Rezepte";""
" Anzeigefreigabe Globalrezepte";" Anzeigefreigabe Globalrezepte";""
" Editierfreigabe Globalrezepte";" Editierfreigabe Globalrezepte";""
" SPS-Hand-Rezepetmode (008)";" SPS-Hand-Rezepetmode (008)";""
" SPS-Handmode (008)";" SPS-Handmode (008)";""
" SPS-Hand-Komponentenmode (008)";" SPS-Hand-Komponentenmode (008)";""
" SPS-Hand-Rezepetnmode";" SPS-Hand-Rezepetnmode";""
" pos. Verwiegung ohne Chargenoptimierung";" pos. Verwiegung ohne Chargenoptimierung";""
" pos. Verwiegung mit Chargenoptimierung";" pos. Verwiegung mit Chargenoptimierung";""
" Kontrollverwiegung ohne Chargenoptimierung (014)";" Kontrollverwiegung ohne Chargenoptimierung (014)";""
" Kontrollverwiegung mit Chargenoptimierung (014)";" Kontrollverwiegung mit Chargenoptimierung (014)";""
" Handverwiegung // (011)";" Handverwiegung // (011)";""
" Abholauftrag // (011)";" Abholauftrag // (011)";""
" Handzugabe // (011)";" Handzugabe // (011)";""
" neg. Verwiegung ohne Chargenoptimierung";" neg. Verwiegung ohne Chargenoptimierung";""
" neg. Verwiegung mit Chargenoptimierung";" neg. Verwiegung mit Chargenoptimierung";""
" neues Bit";" neues Bit";""
" Fehlerquittierung mit bestehenden Quittierungen verODERn";" Fehlerquittierung mit bestehenden Quittierungen verODERn";""
" Fehlerquittierung in Waagen-DB schreiben";" Fehlerquittierung in Waagen-DB schreiben";""
" Fehlerquittierung löschen";" Fehlerquittierung löschen";""
" Freigabe pos.Verw. mit Chargenoptimierung";" Freigabe pos.Verw. mit Chargenoptimierung";""
" Freigabe pos.Verw. ohne Chargenoptimierung";" Freigabe pos.Verw. ohne Chargenoptimierung";""
" Freigabe Kontrollverwiegung mit Chargenoptimierung (014)";" Freigabe Kontrollverwiegung mit Chargenoptimierung (014)";""
" Freigabe Kontrollverwiegung ohne Chargenoptimierung (002)";" Freigabe Kontrollverwiegung ohne Chargenoptimierung (002)";""
" Freigabe neg.Verw. mit Chargenoptimierung";" Freigabe neg.Verw. mit Chargenoptimierung";""
" Freigabe neg.Verw. ohne Chargenoptimierung";" Freigabe neg.Verw. ohne Chargenoptimierung";""
" Freigabe Handverwiegung // (011)";" Freigabe Handverwiegung // (011)";""
" Freigabe Abholauftrag // (011)";" Freigabe Abholauftrag // (011)";""
" Freigabe Handzugabe // (011)";" Freigabe Handzugabe // (011)";""
" Nachkommastellen kopieren (023)";" Nachkommastellen kopieren (023)";""
" Linien-DB öffnen";" Linien-DB öffnen";""
" Rezeptnummer";" Rezeptnummer";""
" Chargensoll";" Chargensoll";""
" Rezept im Rezept_DB des OP löschen";" Rezept im Rezept_DB des OP löschen";""
" Rezeptanfang im Rezept-DB des OP festlegen";" Rezeptanfang im Rezept-DB des OP festlegen";""
"  beteiligte Waage an Linie";"  beteiligte Waage an Linie";""
" Lagerorts/Rezept-DB öffnen";" Lagerorts/Rezept-DB öffnen";""
" Rezept-DB der aktuellen Waage geöffnet";" Rezept-DB der aktuellen Waage geöffnet";""
" Konfiguration Lagerort-/Rezept-DB laden";" Konfiguration Lagerort-/Rezept-DB laden";""
" Anfangs-DW des aktuellen Rezeptes im Lagerort-/Rezept-DB laden";" Anfangs-DW des aktuellen Rezeptes im Lagerort-/Rezept-DB laden";""
" DW Rezeptende des aktuellen Rezeptes im Lagerort/Rezept-DB laden";" DW Rezeptende des aktuellen Rezeptes im Lagerort/Rezept-DB laden";""
" Schleife über alle Komponenten, und Vergleich, ob Komponente kopiert werden soll";" Schleife über alle Komponenten, und Vergleich, ob Komponente kopiert werden soll";""
" kein Wiegearteintrag ";" kein Wiegearteintrag ";""
" Komponentenzeiger in Rezept-DB des OPs hochsetzen";" Komponentenzeiger in Rezept-DB des OPs hochsetzen";""
" Schleife zurück";" Schleife zurück";""
" E N D E  Globalrezeptdaten aktualisieren";" E N D E  Globalrezeptdaten aktualisieren";""
" altes Rezept löschen";" altes Rezept löschen";""
" ab hier innere Schleife";" ab hier innere Schleife";""
" passende Waagennummer ";" passende Waagennummer ";""
" Komponentenzeiger in Rezept-DB hochsetzen";" Komponentenzeiger in Rezept-DB hochsetzen";""
"nächste Waage";"nächste Waage";""
"Waage anhalten";"Waage anhalten";""
" Waage abbrechen";" Waage abbrechen";""
" Waage nach Charge anhalten";" Waage nach Charge anhalten";""
" Chargenzähler (001)";" Chargenzähler (001)";""
" Chargengrösse";" Chargengrösse";""
" (002) //Eingaben bei aktivem Auftrag zurückweisen";" (002) //Eingaben bei aktivem Auftrag zurückweisen";""
" Rezeptnummer (002)";" Rezeptnummer (002)";""
" Chargengrösse (002)";" Chargengrösse (002)";""
" Chargensoll (002)";" Chargensoll (002)";""
" Auftrag weiter";" Auftrag weiter";""
" Auftrag abbrechen";" Auftrag abbrechen";""
" Abbruch Waage";" Abbruch Waage";""
" Anhalten Waage   (004)";" Anhalten Waage   (004)";""
" Auftrag nach Charge anhalten";" Auftrag nach Charge anhalten";""
" Auftrag nach Charge weiter";" Auftrag nach Charge weiter";""
" Ruecksetzen Waage";" Ruecksetzen Waage";""
"      UN    #SST_Auftragsebene.von.angehalten      //(002)";"      UN    #SST_Auftragsebene.von.angehalten      //(002)";""
" Waage abgebrochen";" Waage abgebrochen";""
" Waage nach Charge angehalten";" Waage nach Charge angehalten";""
" DW Rezeptende des aktuellen Rezeptes im OP-DB laden";" DW Rezeptende des aktuellen Rezeptes im OP-DB laden";""
" Auftrag-Mode aktiv";" Auftrag-Mode aktiv";""
" NachChargeAnhalten Waage";" NachChargeAnhalten Waage";""
" Offset Anfangs-DW Linien-DB";" Offset Anfangs-DW Linien-DB";""
"      U     #SST_Auftragsebene.an.Steuerbits.Auftrag_starten    // (002) (013)";"      U     #SST_Auftragsebene.an.Steuerbits.Auftrag_starten    // (002) (013)";""
"      UN    #SST_Auftragsebene.von.Statusbits.Auftrag_angehalten    // (010)";"      UN    #SST_Auftragsebene.von.Statusbits.Auftrag_angehalten    // (010)";""
" (010) Waage anhalten";" (010) Waage anhalten";""
"      U     #SST_Auftragsebene.von.Statusbits.Auftrag_angehalten    // (010)";"      U     #SST_Auftragsebene.von.Statusbits.Auftrag_angehalten    // (010)";""
" Abbruch Rezept je Waage";" Abbruch Rezept je Waage";""
" Abbruch Komponente je Waage";" Abbruch Komponente je Waage";""
" (009) Chargenende ";" (009) Chargenende ";""
" (009) Waagen der Linie";" (009) Waagen der Linie";""
" 1-Komplement";" 1-Komplement";""
" (008) Rezept angehalten (vorher DW134)";" (008) Rezept angehalten (vorher DW134)";""
" (008) Waage anhalten";" (008) Waage anhalten";""
" Waagenfehler aktiv";" Waagenfehler aktiv";""
" Chargenenforderung";" Chargenenforderung";""
" Auftragsmode aktiv";" Auftragsmode aktiv";""
"      U     #Editor_Steuerung.Linie_gewechselt    // (003) (013)";"      U     #Editor_Steuerung.Linie_gewechselt    // (003) (013)";""
"      R     #Editor_Steuerung.Linie_gewechselt    // (003) (013)";"      R     #Editor_Steuerung.Linie_gewechselt    // (003) (013)";""
" Waagennummer hinzufügen";" Waagennummer hinzufügen";""
" restliche Komponenten löschen";" restliche Komponenten löschen";""
" Ende Komponente 20 im DB72";" Ende Komponente 20 im DB72";""
" Bilanzanfang im Rezept-/Bilanz-DB des OP festlegen";" Bilanzanfang im Rezept-/Bilanz-DB des OP festlegen";""
" Bilanz-DB der aktuellen Waage geöffnet";" Bilanz-DB der aktuellen Waage geöffnet";""
" Konfiguration Bilanz-DB laden";" Konfiguration Bilanz-DB laden";""
"#Quell_DW";"#Quell_DW";""
" DW Bilanzende der aktuellen Bilanz im Lagerort/Rezept-/Bilanz-DB laden";" DW Bilanzende der aktuellen Bilanz im Lagerort/Rezept-/Bilanz-DB laden";""
" Schleife über alle Komponenten";" Schleife über alle Komponenten";""
" prüfen ob Eintrag vorhanden";" prüfen ob Eintrag vorhanden";""
" Komponentenzeiger in Rezept-/Bilanz-DB des OPs hochsetzen";" Komponentenzeiger in Rezept-/Bilanz-DB des OPs hochsetzen";""
" nächste Komponente ";" nächste Komponente ";""
" Offset Arbeis-DB Waagen";" Offset Arbeis-DB Waagen";""
" Offset Lagerort-/Rezeptparameter-DB";" Offset Lagerort-/Rezeptparameter-DB";""
" Offset Komponentenparameter";" Offset Komponentenparameter";""
" Länge der Komponentenparameter";" Länge der Komponentenparameter";""
" Anzahl Komponenten je Rezept";" Anzahl Komponenten je Rezept";""
" Bearbeitungsende   ";" Bearbeitungsende   ";""
" Pointer auf Bereich 2 um 1 Byte erhöhen";" Pointer auf Bereich 2 um 1 Byte erhöhen";""
" Pointer auf Bereich 1 um 1 Byte erhöhen";" Pointer auf Bereich 1 um 1 Byte erhöhen";""
" Tabellebnlänge = MAX_Einträge * Element_Länge";" Tabellebnlänge = MAX_Einträge * Element_Länge";""
" Offset = 4 + FIFO_DW";" Offset = 4 + FIFO_DW";""
" Offset zu aktuellem Element";" Offset zu aktuellem Element";""
" kein Read-Befehl";" kein Read-Befehl";""
" Element vorbelegen";" Element vorbelegen";""
" Offset für ersten Eintrag";" Offset für ersten Eintrag";""
" ersten Eintrag auf Element schieben";" ersten Eintrag auf Element schieben";""
" Offset für erstes Element";" Offset für erstes Element";""
" Tabelle einen Eintrag schieben";" Tabelle einen Eintrag schieben";""
" Letzten Tabelleneintrag löschen";" Letzten Tabelleneintrag löschen";""
" aktuelle Elementnummer dekrementieren ";" aktuelle Elementnummer dekrementieren ";""
" Ergebnis = TRUE";" Ergebnis = TRUE";""
" kein Schreib-Befehl";" kein Schreib-Befehl";""
" Element in Tabelle kopieren";" Element in Tabelle kopieren";""
" aktuelle Elementnummer inkrementieren ";" aktuelle Elementnummer inkrementieren ";""
" Kein Lifo Schreibbefehl ";" Kein Lifo Schreibbefehl ";""
" Tabelle nicht verschieben (LIFO)";" Tabelle nicht verschieben (LIFO)";""
" LIfo Loop 1";" LIfo Loop 1";""
" Tabelle um einen Eintrag schieben";" Tabelle um einen Eintrag schieben";""
" kein Check-Befehl";" kein Check-Befehl";""
" Start Vergleich mit Tabelleneintrag #1";" Start Vergleich mit Tabelleneintrag #1";""
" Vergleich Schleife 1 ";" Vergleich Schleife 1 ";""
" ELement Gefunden";" ELement Gefunden";""
" kein Delete-Befehl";" kein Delete-Befehl";""
" Vergleich Schleife 2";" Vergleich Schleife 2";""
" Delete Element";" Delete Element";""
" DElete ELement";" DElete ELement";""
" Tabelle nicht verschieben (Delete)";" Tabelle nicht verschieben (Delete)";""
" kein First-Read-Befehl";" kein First-Read-Befehl";""
" kein Top-Read-Befehl";" kein Top-Read-Befehl";""
" letzten Eintrag auf Element schieben";" letzten Eintrag auf Element schieben";""
" erster Komponentenbilanzeintrag";" erster Komponentenbilanzeintrag";""
" Offset Bilanzen-DBs";" Offset Bilanzen-DBs";""
" AnalogInOn on";" AnalogInOn on";""
" switch counter on";" switch counter on";""
" switch level input";" switch level input";""
" switch level hysteresis input";" switch level hysteresis input";""
" alarm high level input";" alarm high level input";""
" alarm low level input";" alarm low level input";""
" alarm level hysteresis input";" alarm level hysteresis input";""
" ManModeOp";" ManModeOp";""
" ManModeLock";" ManModeLock";""
"   AN ""M 0.0 LockManualMode"";// manual mode general disabled";"   AN ""M 0.0 LockManualMode"";// manual mode general disabled";""
" ManModAct";" ManModAct";""
" manual mode local disabled";" manual mode local disabled";""
"    O ""M 0.0 LockManualMode"";// manual mode general disabled";"    O ""M 0.0 LockManualMode"";// manual mode general disabled";""
"overflow";"overflow";""
"bipolar";"bipolar";""
"underflow bipolar";"underflow bipolar";""
"unipolar";"unipolar";""
"underflow //unipolar";"underflow //unipolar";""
"enable overflow / underflow error";"enable overflow / underflow error";""
"ManModePV      ";"ManModePV      ";""
"AlarmHiPV";"AlarmHiPV";""
"PVact>AlarmHiPV";"PVact>AlarmHiPV";""
"AlarmHystPV";"AlarmHystPV";""
"PVact<(AlarmHiPV-AlarmHystPV";"PVact<(AlarmHiPV-AlarmHystPV";""
"AlarmLoPV";"AlarmLoPV";""
"PVact<AlarmLoPV";"PVact<AlarmLoPV";""
"SwitchLevelPV";"SwitchLevelPV";""
"SwitchHysteresis";"SwitchHysteresis";""
"Switch level high hysteresis";"Switch level high hysteresis";""
"Switch level low hysteresis";"Switch level low hysteresis";""
"(SwitchPolarity=positive) * (PVAct>SwitchLevel)";"(SwitchPolarity=positive) * (PVAct>SwitchLevel)";""
"(SwitchPolarity=negative) * (PVAct<SwitchLevel)";"(SwitchPolarity=negative) * (PVAct<SwitchLevel)";""
"(SwitchPolarity=positive) * (PVAct<(SwitchLevel-SwitchLevelhysteresis)";"(SwitchPolarity=positive) * (PVAct<(SwitchLevel-SwitchLevelhysteresis)";""
"(SwitchPolarity=negative) * (PVAct<(SwitchLevel+SwitchLevelhysteresis)";"(SwitchPolarity=negative) * (PVAct<(SwitchLevel+SwitchLevelhysteresis)";""
" Switch counter edge";" Switch counter edge";""
" Configuarion switching counter";" Configuarion switching counter";""
" Switch counter";" Switch counter";""
" Switch counter Reset";" Switch counter Reset";""
" Switch counter warning count";" Switch counter warning count";""
" Switch counter warning ";" Switch counter warning ";""
" Switch counter alarm count";" Switch counter alarm count";""
" Sollwert Alarm (Struktur)";" Sollwert Alarm (Struktur)";""
" Switch counter alarm ";" Switch counter alarm ";""
" 19 = system not on (interlock) ==> orange";" 19 = system not on (interlock) ==> orange";""
" 16 = alarm high ==> red";" 16 = alarm high ==> red";""
" 16 = alarm low ==> yellow";" 16 = alarm low ==> yellow";""
" 5 = switch on ==> green";" 5 = switch on ==> green";""
" 1 = switch off ==> white";" 1 = switch off ==> white";""
" #Objektstatus  (Struktur) ";" #Objektstatus  (Struktur) ";""
" PressureAinOn";" PressureAinOn";""
" counter overpressure on";" counter overpressure on";""
" counter emptypressure on";" counter emptypressure on";""
" counter activepressure on";" counter activepressure on";""
" overpressure parameter on";" overpressure parameter on";""
" emptypressure parameter on";" emptypressure parameter on";""
" activeypressure parameter on";" activeypressure parameter on";""
" manual operation simulation on";" manual operation simulation on";""
" manual operation adjust on";" manual operation adjust on";""
"PressureOffset";"PressureOffset";""
" ManOpPressureEmpty";" ManOpPressureEmpty";""
" ManOpPressureConveying";" ManOpPressureConveying";""
" ManOpPressureAlarm";" ManOpPressureAlarm";""
" ManOpSimEn";" ManOpSimEn";""
"EmptypressurePV     ";"EmptypressurePV     ";""
"ActivePressurePV    ";"ActivePressurePV    ";""
"MaxpressurePV     ";"MaxpressurePV     ";""
"MinpressurePV ";"MinpressurePV ";""
" EmptyDelayCounter";" EmptyDelayCounter";""
" EmptyDelay";" EmptyDelay";""
" ActiveDelayCounter";" ActiveDelayCounter";""
" ActiveDelay";" ActiveDelay";""
" AlarmDelayCounter";" AlarmDelayCounter";""
" AlarmDelay";" AlarmDelay";""
"AdjustRelease";"AdjustRelease";""
" ManModeAct";" ManModeAct";""
"AdjustPulse";"AdjustPulse";""
"value: filter";"value: filter";""
" parameter.MapOpAdjustEn";" parameter.MapOpAdjustEn";""
" ManOpPressureAdjust";" ManOpPressureAdjust";""
" ManAdjustReq";" ManAdjustReq";""
" ManAdjustRdy";" ManAdjustRdy";""
" done!";" done!";""
" parameter.counterOverPressure";" parameter.counterOverPressure";""
" parameter.counterEmptyPressure";" parameter.counterEmptyPressure";""
" parameter.counterActivePressure";" parameter.counterActivePressure";""
" 16 = alarm overpressure ==> red";" 16 = alarm overpressure ==> red";""
" 16 = overpressure ==> yellow";" 16 = overpressure ==> yellow";""
" 1 = switch off ==> cyan";" 1 = switch off ==> cyan";""
" kommendes Ereignis";" kommendes Ereignis";""
" Daten des jeweiligen FU = PEA-Adresse + 8 Byte + (FU-Nr. - 1) * 6";" Daten des jeweiligen FU = PEA-Adresse + 8 Byte + (FU-Nr. - 1) * 6";""
" (1 == 0,2 U/min)";" (1 == 0,2 U/min)";""
" in Hz";" in Hz";""
" in % des FU-Nennstomes ";" in % des FU-Nennstomes ";""
" maximale Drehzahl ausgeben wenn angeforderte größer als Maximalwert ist";" maximale Drehzahl ausgeben wenn angeforderte größer als Maximalwert ist";""
" Drehzahl ausgeben wenn angeforderte kleiner als Maximalwert ist";" Drehzahl ausgeben wenn angeforderte kleiner als Maximalwert ist";""
" 8-Byte Parameterkanal";" 8-Byte Parameterkanal";""
" 6-Byte Prozessdatenkanal";" 6-Byte Prozessdatenkanal";""
" Länge eines Parameterkanals je FU";" Länge eines Parameterkanals je FU";""
" Offset für Parameterkanal";" Offset für Parameterkanal";""
"  wenn kleiner 0 dann negieren ";"  wenn kleiner 0 dann negieren ";""
" Störmeldung nur wenn Bit Störung = 1";" Störmeldung nur wenn Bit Störung = 1";""
"      /R    ";"      /R    ";""
"      O                                        // (004)";"      O                                        // (004)";""
"      *R    ";"      *R    ";""
"No Clock Counter Reset";"No Clock Counter Reset";""
" wenn Taktausgang nicht gesetzt ist -> Pausephase ";" wenn Taktausgang nicht gesetzt ist -> Pausephase ";""
" solange keine Rückmeldung -> Zeit läuft nicht";" solange keine Rückmeldung -> Zeit läuft nicht";""
" Zeitzähler löschen wenn keine Rückmeldung";" Zeitzähler löschen wenn keine Rückmeldung";""
" Zeitzähler erhöhen";" Zeitzähler erhöhen";""
" Zeitzähler löschen";" Zeitzähler löschen";""
" wenn Taktausgang gesetzt ist -> ENDE";" wenn Taktausgang gesetzt ist -> ENDE";""
" solange Rückmeldung -> Zeit läuft nicht";" solange Rückmeldung -> Zeit läuft nicht";""
"    O     #io_Ausgangssignal // (006)";"    O     #io_Ausgangssignal // (006)";""
" Zeitzähler wird gelöscht, wenn Zeit abgelaufen und FRG weg geht";" Zeitzähler wird gelöscht, wenn Zeit abgelaufen und FRG weg geht";""
"      ON    #Steuerspannung // (012)";"      ON    #Steuerspannung // (012)";""
"      SPB   FCEN                       // FunCtion ENd // (012)";"      SPB   FCEN                       // FunCtion ENd // (012)";""
" QUITtierung Erstmeldung prüfen";" QUITtierung Erstmeldung prüfen";""
"Offsetende = Offset + Anzahl // (007)";"Offsetende = Offset + Anzahl // (007)";""
"Stoerungsindex = Offsetende + Anzahl -4";"Stoerungsindex = Offsetende + Anzahl -4";""
"Quittierungsindex SCADA = Stoerungsindex (007)";"Quittierungsindex SCADA = Stoerungsindex (007)";""
"Kopierindex = Offsetende + Anzahl*2 -4";"Kopierindex = Offsetende + Anzahl*2 -4";""
"Spiegelungsindex PC = Offsetende + Anzahl*3 -4";"Spiegelungsindex PC = Offsetende + Anzahl*3 -4";""
"Quittierungsindex PC = Offsetende + Anzahl*4 -4";"Quittierungsindex PC = Offsetende + Anzahl*4 -4";""
" >>>>>>>>>> (011)";" >>>>>>>>>> (011)";""
"Quittierungsindex OP = Offsetende + Anzahl*5 -4";"Quittierungsindex OP = Offsetende + Anzahl*5 -4";""
"Kopie Quittierungsindex OP = Offsetende + Anzahl*6 -4";"Kopie Quittierungsindex OP = Offsetende + Anzahl*6 -4";""
" <<<<<<<<<< (011)";" <<<<<<<<<< (011)";""
"/*(007)";"/*(007)";""
" (011) kein Quittierungsbaustein vorhanden";" (011) kein Quittierungsbaustein vorhanden";""
"(007)*/";"(007)*/";""
" vorbelegen, falls nicht vorhanden";" vorbelegen, falls nicht vorhanden";""
" No OP Acknowledge";" No OP Acknowledge";""
" No Processing of Op Acknowledge";" No Processing of Op Acknowledge";""
" -";" -";""
" |";" |";""
" | positive Flanke Quittierung OP";" | positive Flanke Quittierung OP";""
" => Quittierung in QuitSCADA setzen";" => Quittierung in QuitSCADA setzen";""
" => Hilfsmerker Flanke (Kopie ALT)";" => Hilfsmerker Flanke (Kopie ALT)";""
" => Quittierung OP merken";" => Quittierung OP merken";""
" Quittierung von Kastor oder SCADA";" Quittierung von Kastor oder SCADA";""
" PC Quittierung";" PC Quittierung";""
" SCADA Quittierung";" SCADA Quittierung";""
" (008) (009)";" (008) (009)";""
" Störungs LOOP";" Störungs LOOP";""
"QUITtierung";"QUITtierung";""
" wenn OP vorhanden ist muss dasd Bit gesetzt werden";" wenn OP vorhanden ist muss dasd Bit gesetzt werden";""
"Quelle ist Instanz-DB ";"Quelle ist Instanz-DB ";""
"Nummer akt. Instanz-DB";"Nummer akt. Instanz-DB";""
"Quelle ist Global-DB";"Quelle ist Global-DB";""
"DB existiert nicht";"DB existiert nicht";""
"DB nicht ausreichend lang";"DB nicht ausreichend lang";""
"Syntax-ID ist immer 10h bei AWL";"Syntax-ID ist immer 10h bei AWL";""
" Datentyp ";" Datentyp ";""
" Anzahl der Bytes die kopiert werden sollen";" Anzahl der Bytes die kopiert werden sollen";""
" Datenbaustzeinnummer";" Datenbaustzeinnummer";""
" 128 addieren (Bit 31 muß 1 sein)";" 128 addieren (Bit 31 muß 1 sein)";""
" 24 Stellen nach links schieben";" 24 Stellen nach links schieben";""
" Quell-DW an Byte-Adresse schieben ";" Quell-DW an Byte-Adresse schieben ";""
" Zeiger zusammenfügen";" Zeiger zusammenfügen";""
" siehe Aufbau Bereichszeiger NW1";" siehe Aufbau Bereichszeiger NW1";""
" Ziel = Eingänge";" Ziel = Eingänge";""
" Ziel = Ausgänge";" Ziel = Ausgänge";""
" Ziel = Merker";" Ziel = Merker";""
" Ziel = DB (Globaldaten)";" Ziel = DB (Globaldaten)";""
" Ziel = Instanz-DB";" Ziel = Instanz-DB";""
" Ziel = Temporäre-Lokal-Daten";" Ziel = Temporäre-Lokal-Daten";""
" Ziel = temp. Lokaldaten des Vorgängerbausteins";" Ziel = temp. Lokaldaten des Vorgängerbausteins";""
" Kein gültiger Parameter -> Fehler und Ende";" Kein gültiger Parameter -> Fehler und Ende";""
"Ziel ist Instanz-DB ";"Ziel ist Instanz-DB ";""
"Ziel ist Global-DB";"Ziel ist Global-DB";""
" Quelle = Eingänge";" Quelle = Eingänge";""
" Quelle = Ausgänge";" Quelle = Ausgänge";""
" Quelle = Merker";" Quelle = Merker";""
" Quelle = DB (Globaldaten)";" Quelle = DB (Globaldaten)";""
" Quelle = Instanz-DB";" Quelle = Instanz-DB";""
" Quelle = Temporäre-Lokal-Daten";" Quelle = Temporäre-Lokal-Daten";""
" Quelle = temp. Lokaldaten des Vorgängerbausteins";" Quelle = temp. Lokaldaten des Vorgängerbausteins";""
" Datentyp = 2 (Byte)";" Datentyp = 2 (Byte)";""
" 24 Stellen nach rechts schieben";" 24 Stellen nach rechts schieben";""
"Blocklänge Fehler";"Blocklänge Fehler";""
"Datentyp = Byte oder Struct";"Datentyp = Byte oder Struct";""
"Start des n-ten Eintrags";"Start des n-ten Eintrags";""
"      L     #DB_Quelle                               //(003)";"      L     #DB_Quelle                               //(003)";""
"      L     0                                        //(003)";"      L     0                                        //(003)";""
"      <>I                                            //(003)";"      <>I                                            //(003)";""
"      SPBN  QNDB                                     //(003)";"      SPBN  QNDB                                     //(003)";""
"Fehler DB existiert nicht";"Fehler DB existiert nicht";""
"Fehler DB Länge nicht ausreichend";"Fehler DB Länge nicht ausreichend";""
"Anfangsbyte";"Anfangsbyte";""
"Schleifenzähler Blocklaenge->AKKU1";"Schleifenzähler Blocklaenge->AKKU1";""
"Schleifenzähler AKKU1->AKKU2";"Schleifenzähler AKKU1->AKKU2";""
"Schleifenzähler in AKKU2->AKKU1";"Schleifenzähler in AKKU2->AKKU1";""
"Gerade Byteanzahl A1=0 und A0=0 nach ""SRW 1""";"Gerade Byteanzahl A1=0 und A0=0 nach ""SRW 1""";""
"Ungerade Bytezahl letztes Byte einzeln Kopieren";"Ungerade Bytezahl letztes Byte einzeln Kopieren";""
"kein Fehler";"kein Fehler";""
"  setze Fehlerausgang";"  setze Fehlerausgang";""
"Bereichszeiger Quelle falsch";"Bereichszeiger Quelle falsch";""
"Bereichszeiger Ziel falsch";"Bereichszeiger Ziel falsch";""
"Blocklänge falsch";"Blocklänge falsch";""
"Datenbaustein nicht existent ";"Datenbaustein nicht existent ";""
"Datenbaustein Längenfehler";"Datenbaustein Längenfehler";""
"Fehler Datentyp in ANY-Zeiger";"Fehler Datentyp in ANY-Zeiger";""
"  setze Fehlerausgang         (004)";"  setze Fehlerausgang         (004)";""
"Fehler Anfangsbyte negativ    (004)";"Fehler Anfangsbyte negativ    (004)";""
"Bereichskennung falsch Quelle";"Bereichskennung falsch Quelle";""
"Konstante für vorbelegen";"Konstante für vorbelegen";""
"  In AKKU1LL und AKKU1LH";"  In AKKU1LL und AKKU1LH";""
"Schleifenzähler AKKU1->AKKU2; Vorbelegwert in AKKU1";"Schleifenzähler AKKU1->AKKU2; Vorbelegwert in AKKU1";""
"Schleifenzähler in AKKU2->AKKU1; Vorbelegwert in AKKU2";"Schleifenzähler in AKKU2->AKKU1; Vorbelegwert in AKKU2";""
"Datentyp = Byte oder Struct //(003)";"Datentyp = Byte oder Struct //(003)";""
" Quell-DW an Byte-Adresse schieben   //(002)";" Quell-DW an Byte-Adresse schieben   //(002)";""
" Quell-DW an Byte-Adresse schieben (003)";" Quell-DW an Byte-Adresse schieben (003)";""
" Wortadresse um 1 erhöhen";" Wortadresse um 1 erhöhen";""
" Slave bereits belegt ?";" Slave bereits belegt ?";""
" Slave frei ?";" Slave frei ?";""
" Länge der Struktur";" Länge der Struktur";""
" Anfangs-DW der Struktur";" Anfangs-DW der Struktur";""
" Ziel-DB";" Ziel-DB";""
" Steuerbits";" Steuerbits";""
" Ziel-DB aus Struktur ""SST_von"" ermitteln";" Ziel-DB aus Struktur ""SST_von"" ermitteln";""
" Ziel-DW aus Struktur ""SST_von"" ermitteln";" Ziel-DW aus Struktur ""SST_von"" ermitteln";""
" Handmode ";" Handmode ";""
" Simulation ein (Struktur)";" Simulation ein (Struktur)";""
" Handmode von Farbgrafik (Struktur)";" Handmode von Farbgrafik (Struktur)";""
" Handmode gesperrt (Struktur)";" Handmode gesperrt (Struktur)";""
" Handbedienung zentral sperren (008)";" Handbedienung zentral sperren (008)";""
" Handmode zu Farbgrafik (Struktur)";" Handmode zu Farbgrafik (Struktur)";""
" Freigabe Takt (Struktur)";" Freigabe Takt (Struktur)";""
" Start mit Impuls (Struktur)";" Start mit Impuls (Struktur)";""
" Taktanzahl erreicht (Struktur)";" Taktanzahl erreicht (Struktur)";""
" Dauertakt (Struktur)";" Dauertakt (Struktur)";""
" Taktausgang (Struktur)";" Taktausgang (Struktur)";""
" Impulszeit (Struktur)";" Impulszeit (Struktur)";""
" Pausezeit (Struktur)";" Pausezeit (Struktur)";""
" Sollanzahl Takte (Struktur)";" Sollanzahl Takte (Struktur)";""
" Impuls-/Pausezähler (Struktur)";" Impuls-/Pausezähler (Struktur)";""
" Motor gesperrt (Struktur)";" Motor gesperrt (Struktur)";""
" Wenn die Stoerung quittiert werden muß ";" Wenn die Stoerung quittiert werden muß ";""
" wird der Ausgang bei einer anstehenden";" wird der Ausgang bei einer anstehenden";""
" Stoerung zurück gesetzt";" Stoerung zurück gesetzt";""
" Automatikmode zu Farbgrafik (Struktur)";" Automatikmode zu Farbgrafik (Struktur)";""
" FU in Betrieb (Struktur)              ";" FU in Betrieb (Struktur)              ";""
" Ausschalten nur möglich, wenn Bit = 0 ";" Ausschalten nur möglich, wenn Bit = 0 ";""
" Wenn keine Diskrepanz dann Zähler löschen";" Wenn keine Diskrepanz dann Zähler löschen";""
" Istzeit Störung (Struktur)";" Istzeit Störung (Struktur)";""
" Störungszähler in jeder Sekunde erhöhen";" Störungszähler in jeder Sekunde erhöhen";""
" Sekundenimpuls (Standardmerker)";" Sekundenimpuls (Standardmerker)";""
" Sollzeit Störung (Struktur)";" Sollzeit Störung (Struktur)";""
" Stoerung steht noch an";" Stoerung steht noch an";""
" Stoerung muß quittiert werden ?";" Stoerung muß quittiert werden ?";""
" Stoerung muß nicht quittiert werden";" Stoerung muß nicht quittiert werden";""
" Störung (Struktur)";" Störung (Struktur)";""
" #Objektstatus  (Struktur)   // (011)";" #Objektstatus  (Struktur)   // (011)";""
" Kennung Betriebsstundenzähler ein (Struktur)";" Kennung Betriebsstundenzähler ein (Struktur)";""
" Sekundentakt";" Sekundentakt";""
" Reset Betriebsstundenzähler (Struktur)";" Reset Betriebsstundenzähler (Struktur)";""
" Betriebsstundenzähler (Struktur)";" Betriebsstundenzähler (Struktur)";""
" Sollzeit Warnung (Struktur)";" Sollzeit Warnung (Struktur)";""
" Warnmeldung Betriebsstundenzähler (Struktur)";" Warnmeldung Betriebsstundenzähler (Struktur)";""
" Sollzeit Alarm (Struktur)";" Sollzeit Alarm (Struktur)";""
" Handmode gesperrt (Struktur)//(010)";" Handmode gesperrt (Struktur)//(010)";""
" Handmode zu Farbgrafik (Struktur) (008)";" Handmode zu Farbgrafik (Struktur) (008)";""
" Ansteuerung Handmode von Farbgrafik (Struktur)";" Ansteuerung Handmode von Farbgrafik (Struktur)";""
" Taktzähler (Struktur)";" Taktzähler (Struktur)";""
" Betriebsstunden Sekundenzähler bis 3600 (007)";" Betriebsstunden Sekundenzähler bis 3600 (007)";""
" Betriebsstundenzähler (007)";" Betriebsstundenzähler (007)";""
" Eingang Motor (Struktur)";" Eingang Motor (Struktur)";""
" Ausgang Motor (Struktur)";" Ausgang Motor (Struktur)";""
" Motor in Betrieb (Struktur)";" Motor in Betrieb (Struktur)";""
" Handbedienung zentral sperren (007)";" Handbedienung zentral sperren (007)";""
" Handmode gesperrt (Struktur)//(013)";" Handmode gesperrt (Struktur)//(013)";""
" Handmode von Farbgrafik (Struktur) (007)";" Handmode von Farbgrafik (Struktur) (007)";""
" Sprung zu Ventil Typ 0";" Sprung zu Ventil Typ 0";""
" Sprung zu Ventil Typ 1";" Sprung zu Ventil Typ 1";""
" Sprung zu Ventil Typ 2";" Sprung zu Ventil Typ 2";""
" Sprung zu Ventil Typ 3";" Sprung zu Ventil Typ 3";""
" (011) Istzeit Verzögerung (Struktur) ";" (011) Istzeit Verzögerung (Struktur) ";""
" (011) Sollzeit Verzögerung (Struktur)";" (011) Sollzeit Verzögerung (Struktur)";""
" Betriebsmeldung anzeigen";" Betriebsmeldung anzeigen";""
" Istzeit Verzögerung (Struktur)";" Istzeit Verzögerung (Struktur)";""
" keine Diskrepanz möglich";" keine Diskrepanz möglich";""
" Flankenmerker Ausgang (Struktur)";" Flankenmerker Ausgang (Struktur)";""
" Kennung Schalthäufigkeitzähler ein (Struktur)";" Kennung Schalthäufigkeitzähler ein (Struktur)";""
" Schalthäufigkeitzähler (Struktur)";" Schalthäufigkeitzähler (Struktur)";""
" Reset Schalthäufigkeitzähler (Struktur)";" Reset Schalthäufigkeitzähler (Struktur)";""
" Sollwert Warnung (Struktur)";" Sollwert Warnung (Struktur)";""
" Warnmeldung Schalthäufigkeitzähler (Struktur)";" Warnmeldung Schalthäufigkeitzähler (Struktur)";""
" Alarmmeldung Schalthäufigkeitzähler (Struktur)";" Alarmmeldung Schalthäufigkeitzähler (Struktur)";""
" (014) Kennung ""invers""";" (014) Kennung ""invers""";""
" Eingang angesteuert (Struktur)";" Eingang angesteuert (Struktur)";""
" Eingang nicht angesteuert (Struktur)";" Eingang nicht angesteuert (Struktur)";""
" Ausgang Ventil (Struktur)";" Ausgang Ventil (Struktur)";""
" Ventil in Betrieb (Struktur)";" Ventil in Betrieb (Struktur)";""
" #Objektstatus  (Struktur)   // (009)";" #Objektstatus  (Struktur)   // (009)";""
" Eingang Stellung 1 (Struktur)";" Eingang Stellung 1 (Struktur)";""
" Eingang Stellung 2 (Struktur)";" Eingang Stellung 2 (Struktur)";""
" Handbedienung zentral sperren (009)";" Handbedienung zentral sperren (009)";""
" Handmode gesperrt (Struktur) (013)";" Handmode gesperrt (Struktur) (013)";""
" Handmode von Farbgrafik (Struktur) (009)";" Handmode von Farbgrafik (Struktur) (009)";""
" Ansteuerung Stellung 1 Handmode von Farbgrafik (Struktur)";" Ansteuerung Stellung 1 Handmode von Farbgrafik (Struktur)";""
" Ansteuerung Stellung 2 Handmode von Farbgrafik (Struktur)";" Ansteuerung Stellung 2 Handmode von Farbgrafik (Struktur)";""
" Nicht auf Abzweig";" Nicht auf Abzweig";""
" Nicht auf Gerade";" Nicht auf Gerade";""
" Stellung nicht definiert";" Stellung nicht definiert";""
" Ansteuerung nicht zulässig";" Ansteuerung nicht zulässig";""
" Diskrepanz feststellen";" Diskrepanz feststellen";""
"      U     #Diskrepanz                 // (007)";"      U     #Diskrepanz                 // (007)";""
"      UN    #in_Quitt_Stoerung_noetig   // (007)";"      UN    #in_Quitt_Stoerung_noetig   // (007)";""
" 1 ==> grau";" 1 ==> grau";""
" Kennung ""gerade/abzweig""";" Kennung ""gerade/abzweig""";""
" Kennung ""Stellung1/Stellung2""";" Kennung ""Stellung1/Stellung2""";""
" Kennung ""invers""";" Kennung ""invers""";""
" Kennung ""auf/zu""";" Kennung ""auf/zu""";""
" Kennung ""grob/fein""";" Kennung ""grob/fein""";""
" Kennung ""ein/aus""";" Kennung ""ein/aus""";""
" Kennung ""spannen/lösen""";" Kennung ""spannen/lösen""";""
" Kennung ""andocken/abdocken""";" Kennung ""andocken/abdocken""";""
" 2 ==> grau";" 2 ==> grau";""
" 5 ==> grün";" 5 ==> grün";""
" 6 ==> grün";" 6 ==> grün";""
" 9 ==> weiß";" 9 ==> weiß";""
" 10 ==> weiß";" 10 ==> weiß";""
" 11 ==> hellgrün";" 11 ==> hellgrün";""
" 14 = Störung, quittierpflichtig, Ausgang nicht angesteuert, Störung ==> rot/weiß";" 14 = Störung, quittierpflichtig, Ausgang nicht angesteuert, Störung ==> rot/weiß";""
" 15 = Störung, nicht quittierpflichtig, Ausgang angesteuert, Störung ==> rot/grün";" 15 = Störung, nicht quittierpflichtig, Ausgang angesteuert, Störung ==> rot/grün";""
" 16 = Störung quittiert ==> rot";" 16 = Störung quittiert ==> rot";""
" Ausgang Stellung 1 (Struktur)";" Ausgang Stellung 1 (Struktur)";""
" Ausgang Stellung 2 (Struktur)";" Ausgang Stellung 2 (Struktur)";""
" Stellung 1 in Betrieb (Struktur)";" Stellung 1 in Betrieb (Struktur)";""
" Stellung 2 in Betrieb (Struktur)";" Stellung 2 in Betrieb (Struktur)";""
" Automatikmode";" Automatikmode";""
"Störung = log. 0";"Störung = log. 0";""
"Störung = log. 1";"Störung = log. 1";""
" Störzustand (Struktur)";" Störzustand (Struktur)";""
" Handbedienung zentral sperren ";" Handbedienung zentral sperren ";""
" Datenbaustein_NR uebergeben";" Datenbaustein_NR uebergeben";""
" Datenbaustein indiziert aufschlagen";" Datenbaustein indiziert aufschlagen";""
" Bit_ NR durch 8 dividieren";" Bit_ NR durch 8 dividieren";""
" Ergebnis zur Wort-Adresse dazuadieren";" Ergebnis zur Wort-Adresse dazuadieren";""
" = Datenwort Adresse";" = Datenwort Adresse";""
" DW Adresse zurecht ruecken";" DW Adresse zurecht ruecken";""
" Bit Adresse hinzufügen";" Bit Adresse hinzufügen";""
" Pointer Adresse aus Adressregister";" Pointer Adresse aus Adressregister";""
" Sprung Datenbit zuweisen";" Sprung Datenbit zuweisen";""
" Sprung Datenbit abfragen";" Sprung Datenbit abfragen";""
"Pointer auf Structuranfang";"Pointer auf Structuranfang";""
" Handbedienung zentral sperren (010)";" Handbedienung zentral sperren (010)";""
" Handmode von Farbgrafik (Struktur) (010)";" Handmode von Farbgrafik (Struktur) (010)";""
" Ansteuerung des 1. Ventils im Handmode von Farbgrafik (Struktur)";" Ansteuerung des 1. Ventils im Handmode von Farbgrafik (Struktur)";""
" Ansteuerung des 2. Ventils im Handmode von Farbgrafik (Struktur)";" Ansteuerung des 2. Ventils im Handmode von Farbgrafik (Struktur)";""
" Ansteuerung des 3. Ventils im Handmode von Farbgrafik (Struktur)";" Ansteuerung des 3. Ventils im Handmode von Farbgrafik (Struktur)";""
" Ansteuerung des 4. Ventils im Handmode von Farbgrafik (Struktur)";" Ansteuerung des 4. Ventils im Handmode von Farbgrafik (Struktur)";""
" Ansteuerung des 5. Ventils im Handmode von Farbgrafik (Struktur)";" Ansteuerung des 5. Ventils im Handmode von Farbgrafik (Struktur)";""
" Ansteuerung des 6. Ventils im Handmode von Farbgrafik (Struktur)";" Ansteuerung des 6. Ventils im Handmode von Farbgrafik (Struktur)";""
" Ansteuerung des 7. Ventils im Handmode von Farbgrafik (Struktur)";" Ansteuerung des 7. Ventils im Handmode von Farbgrafik (Struktur)";""
" Ansteuerung des 8. Ventils im Handmode von Farbgrafik (Struktur)";" Ansteuerung des 8. Ventils im Handmode von Farbgrafik (Struktur)";""
" Ansteuerung des 9. Ventils im Handmode von Farbgrafik (Struktur)";" Ansteuerung des 9. Ventils im Handmode von Farbgrafik (Struktur)";""
" Ansteuerung des 10. Ventils im Handmode von Farbgrafik (Struktur)";" Ansteuerung des 10. Ventils im Handmode von Farbgrafik (Struktur)";""
" Anzahl Ventile (Struktur)";" Anzahl Ventile (Struktur)";""
" Impulszeit Befüllung (Struktur)";" Impulszeit Befüllung (Struktur)";""
" Pausezeit Befüllung (Struktur)";" Pausezeit Befüllung (Struktur)";""
" Impulszeit Entleerung (Struktur)";" Impulszeit Entleerung (Struktur)";""
" Pausezeit Entleerung (Struktur)";" Pausezeit Entleerung (Struktur)";""
" Ausgang Ventil 1 (Struktur)";" Ausgang Ventil 1 (Struktur)";""
" Ausgang Ventil 2 (Struktur)";" Ausgang Ventil 2 (Struktur)";""
" Ausgang Ventil 3 (Struktur)";" Ausgang Ventil 3 (Struktur)";""
" Ausgang Ventil 4 (Struktur)";" Ausgang Ventil 4 (Struktur)";""
" Ausgang Ventil 5 (Struktur)";" Ausgang Ventil 5 (Struktur)";""
" Ausgang Ventil 6 (Struktur)";" Ausgang Ventil 6 (Struktur)";""
" Ausgang Ventil 7 (Struktur)";" Ausgang Ventil 7 (Struktur)";""
" Ausgang Ventil 8 (Struktur)";" Ausgang Ventil 8 (Struktur)";""
" Ausgang Ventil 9 (Struktur)";" Ausgang Ventil 9 (Struktur)";""
" Ausgang Ventil 10 (Struktur)";" Ausgang Ventil 10 (Struktur)";""
"      U     DBxyz.DBX  x.y";"      U     DBxyz.DBX  x.y";""
"      =     #Auto_Handmode_A[x, y]";"      =     #Auto_Handmode_A[x, y]";""
