"V01.00.000"
"$_Languages"
"7(1) German (Germany)";"9(2) English (United Kingdom)";"513(1) Key"
"$_Timestamp"
"02.08.2018  11:15:40";"02.08.2018  11:15:40";"02.08.2018  11:15:40"
"$_Typ(NetworkTitle)"
"Zwischenwerte berechnen";"Zwischenwerte berechnen";""
"Zeiger berechnen";"Zeiger berechnen";""
"Analogwert einlesen";"Analogwert einlesen";""
"AnalogWert ausgeben:  ";"AnalogWert ausgeben:  ";""
"Verzögerung Druckabgleich";"Verzögerung Druckabgleich";""
"MemoryDruck nachführen";"MemoryDruck nachführen";""
"Relativdruck berechnen";"Relativdruck berechnen";""
"Min-/Leer-/Maxdruck Druckfoerderung";"Min-/Leer-/Maxdruck Druckfoerderung";""
"Min-/Maxdruck Saugfoerderung";"Min-/Maxdruck Saugfoerderung";""
"End of Function";"End of Function";""
"Instanz-DB ermitteln";"Instanz-DB ermitteln";""
"Zuordnungsliste-DB";"Zuordnungsliste-DB";""
"Rezept abbrechen";"Rezept abbrechen";""
"Analogeingang";"Analogeingang";""
"SIWAREX-U";"SIWAREX-U";""
"MCS-DP Messverstärker";"MCS-DP Messverstärker";""
"SIWAREX-M";"SIWAREX-M";""
"SIWAREX-M eichfähig";"SIWAREX-M eichfähig";""
"FM350-2";"FM350-2";""
"PESA";"PESA";""
"Bizerba Wägeterminal-ST";"Bizerba Wägeterminal-ST";""
"Mettler-Toledo Multirange mit Feldbuskarte Profibus-DP-ID7";"Mettler-Toledo Multirange mit Feldbuskarte Profibus-DP-ID7";""
"FM350-1";"FM350-1";""
"gwt PR5210/00";"gwt PR5210/00";""
"ET200S 1 Count 24V/100kHz";"ET200S 1 Count 24V/100kHz";""
"Siwarex CS";"Siwarex CS";""
"Siwarex FTA";"Siwarex FTA";""
"Waagenstatus in aktuelle Istdaten kopieren";"Waagenstatus in aktuelle Istdaten kopieren";""
"Waagenfehler in aktuelle Istdaten kopieren";"Waagenfehler in aktuelle Istdaten kopieren";""
"aktuelle Waagenistdaten in DB19 umkopieren";"aktuelle Waagenistdaten in DB19 umkopieren";""
"Bilanz-DB ermitteln                                     ";"Bilanz-DB ermitteln                                     ";""
"Linien-DB ermitteln";"Linien-DB ermitteln";""
"Entleerzeit ermitteln";"Entleerzeit ermitteln";""
"Lagerort-/Rezept-DB ermitteln";"Lagerort-/Rezept-DB ermitteln";""
"Schnittstellensignale von Anwenderprogramm einlesen";"Schnittstellensignale von Anwenderprogramm einlesen";""
"Schrittzähler rücksetzen";"Schrittzähler rücksetzen";""
"Komponentenebene starten";"Komponentenebene starten";""
"Schritt 1: Initialisierung";"Schritt 1: Initialisierung";""
"Fehlermeldungen an Anwenderschnittstelle";"Fehlermeldungen an Anwenderschnittstelle";""
"allgemeine Signale an SST Anwenderprogramm ";"allgemeine Signale an SST Anwenderprogramm ";""
"Signale Befüllung an SST Anwenderprogramm";"Signale Befüllung an SST Anwenderprogramm";""
"Signale Entleerung an SST Anwenderprogramm";"Signale Entleerung an SST Anwenderprogramm";""
"Komponentenebene rücksetzen";"Komponentenebene rücksetzen";""
"Schnittstellensignale an Anwenderprogramm schreiben";"Schnittstellensignale an Anwenderprogramm schreiben";""
"Waage anhalten ";"Waage anhalten ";""
"Schrittzähler initialisieren";"Schrittzähler initialisieren";""
"DB belegte Lagerorte ermitteln";"DB belegte Lagerorte ermitteln";""
"Rezeptebene initialisieren ";"Rezeptebene initialisieren ";""
"Störungen quittieren";"Störungen quittieren";""
"Rezeptnummer überprüfen";"Rezeptnummer überprüfen";""
"Initialisierung bei Start";"Initialisierung bei Start";""
"Schritt 1: Waagenstart";"Schritt 1: Waagenstart";""
"Schritt 2: Komponente lesen";"Schritt 2: Komponente lesen";""
"Schritt weiter schalten";"Schritt weiter schalten";""
"wenn Linien-DB = 0 -> Bausteinende";"wenn Linien-DB = 0 -> Bausteinende";""
"Linien-DB öffnen";"Linien-DB öffnen";""
"Waagennummer in Linien-DB eintragen";"Waagennummer in Linien-DB eintragen";""
"Mode in Linien-DB eintragen";"Mode in Linien-DB eintragen";""
"Bausteinende wenn nicht SPS-Auftragsmode aktiv";"Bausteinende wenn nicht SPS-Auftragsmode aktiv";""
"Daten aus Linien-DB laden";"Daten aus Linien-DB laden";""
"Rezeptnummer aus Linien-DB laden";"Rezeptnummer aus Linien-DB laden";""
"Chargensoll der Linie aus Linien-DB laden";"Chargensoll der Linie aus Linien-DB laden";""
"Chargenzähler der Linie aus Linien-DB laden";"Chargenzähler der Linie aus Linien-DB laden";""
"begonnene Chargen der Linie aus Linien-DB laden";"begonnene Chargen der Linie aus Linien-DB laden";""
"Start, Anhalten, Abbruch, nach Charge anhalten Waage";"Start, Anhalten, Abbruch, nach Charge anhalten Waage";""
"Chargenist der Waage laden";"Chargenist der Waage laden";""
"keine Waage der Linie gestartet";"keine Waage der Linie gestartet";""
"Leitverwiegung vorhanden";"Leitverwiegung vorhanden";""
"Leitwaage";"Leitwaage";""
"Waage ist Leitwaage";"Waage ist Leitwaage";""
"Leitkomponente verwogen";"Leitkomponente verwogen";""
"Leitkomponente abgeholt";"Leitkomponente abgeholt";""
"Chargenanforderung aus Linien-DB laden";"Chargenanforderung aus Linien-DB laden";""
"Quittierung Chargenanforderung aus Linien-DB laden";"Quittierung Chargenanforderung aus Linien-DB laden";""
"Ablauf Auftragsebene";"Ablauf Auftragsebene";""
"Auftragsebene initialisieren ";"Auftragsebene initialisieren ";""
"Start Auftrag";"Start Auftrag";""
"Schritt 1: Auftragsstart";"Schritt 1: Auftragsstart";""
"Schritt 2: Abfrage: registriertes Rezept übernehmen ?";"Schritt 2: Abfrage: registriertes Rezept übernehmen ?";""
"Schritt 3: Handshake registriertes Rezept übernehmen";"Schritt 3: Handshake registriertes Rezept übernehmen";""
"Schritt 4: Chargenzähler erhöhen";"Schritt 4: Chargenzähler erhöhen";""
"Schritt 5: Auftrag fertig ? bzw. warten auf Chargenfreigabe";"Schritt 5: Auftrag fertig ? bzw. warten auf Chargenfreigabe";""
"Freigabe_Chargenanforderung";"Freigabe_Chargenanforderung";""
"Rezept anhalten";"Rezept anhalten";""
"Rezept angehalten";"Rezept angehalten";""
"Rezept abgebrochen";"Rezept abgebrochen";""
"""Abbruch Rezept"" rücksetzen";"""Abbruch Rezept"" rücksetzen";""
"Komponente abbrechen";"Komponente abbrechen";""
"Komponente abgebrochen";"Komponente abgebrochen";""
"""Abbruch Komponente"" rücksetzen";"""Abbruch Komponente"" rücksetzen";""
"nach Charge angehalten";"nach Charge angehalten";""
"Waage aktiv";"Waage aktiv";""
"""nach Charge anhalten"" rücksetzen";"""nach Charge anhalten"" rücksetzen";""
"""Waage ruecksetzen""";"""Waage ruecksetzen""";""
"""Waage ruecksetzen"" ruecksetzen";"""Waage ruecksetzen"" ruecksetzen";""
"Linien-DB aktualisieren";"Linien-DB aktualisieren";""
"begonnene Chargen der Linie aktualisieren";"begonnene Chargen der Linie aktualisieren";""
"Chargenist der Waage aktualisieren";"Chargenist der Waage aktualisieren";""
"Start, Anhalten, Abbruch, nach Charge anhalten Waage schreiben";"Start, Anhalten, Abbruch, nach Charge anhalten Waage schreiben";""
"Waagenstatus in Linien-DB schreiben";"Waagenstatus in Linien-DB schreiben";""
"Liniendaten";"Liniendaten";""
"Quit Chargenanforderung ";"Quit Chargenanforderung ";""
"Quittierung Chargenanforderung in Linien-DB schreiben";"Quittierung Chargenanforderung in Linien-DB schreiben";""
"Chargenist der Linie erhöhen";"Chargenist der Linie erhöhen";""
"Chargenist der Linie in Linien-DB schreiben";"Chargenist der Linie in Linien-DB schreiben";""
"Chargenende";"Chargenende";""
"Prüfen of SPS-Rezeptmode aktiv";"Prüfen of SPS-Rezeptmode aktiv";""
"Auftrags-DB ermitteln";"Auftrags-DB ermitteln";""
"Waagen rücksetzen an Komponentenebene";"Waagen rücksetzen an Komponentenebene";""
"Verwiegung abbrechen/beenden";"Verwiegung abbrechen/beenden";""
"Dosierfreigabe in Linien-DB abfragen";"Dosierfreigabe in Linien-DB abfragen";""
"belegte Lagerorte bei Rezeptoptimierung löschen";"belegte Lagerorte bei Rezeptoptimierung löschen";""
"Quittierung Störungen rücksetzen";"Quittierung Störungen rücksetzen";""
"Schritt 3: Rezeptoptimierung";"Schritt 3: Rezeptoptimierung";""
"Schritt 4: Leitkomponentengewicht abholen bei Leitverwiegung";"Schritt 4: Leitkomponentengewicht abholen bei Leitverwiegung";""
"Schritt 5: Abfrage: Komponentendaten gefunden ?";"Schritt 5: Abfrage: Komponentendaten gefunden ?";""
"Schritt 6: Sollgewicht bei Leitverwiegung berechnen";"Schritt 6: Sollgewicht bei Leitverwiegung berechnen";""
"Schritt 7: Lagerort-Waagenparamter laden";"Schritt 7: Lagerort-Waagenparamter laden";""
"Schritt 8: Komponentenebene starten";"Schritt 8: Komponentenebene starten";""
"Schritt 9: Abfrage: registrierten Wert übernehmen ?";"Schritt 9: Abfrage: registrierten Wert übernehmen ?";""
"Schritt 10: Abfrage: Rezept abbrechen ?";"Schritt 10: Abfrage: Rezept abbrechen ?";""
"Schritt 11: Abfrage: Anforderung Lagerortdaten ?";"Schritt 11: Abfrage: Anforderung Lagerortdaten ?";""
"Schritt 20: Handshake registrierten Wert von K-Ebene übernehmen";"Schritt 20: Handshake registrierten Wert von K-Ebene übernehmen";""
"Schritt 21: Korrekturfaktor bei Leitverwiegung berechnen";"Schritt 21: Korrekturfaktor bei Leitverwiegung berechnen";""
"Schritt 22: Wert zu Chargenbilanz hinzufügen ";"Schritt 22: Wert zu Chargenbilanz hinzufügen ";""
"Schritt 30: Handshake registriertes Rezept an A-Ebene übergeben";"Schritt 30: Handshake registriertes Rezept an A-Ebene übergeben";""
"Schritt 40: Handshake Lagerortparameter an K-Ebene übergeben ";"Schritt 40: Handshake Lagerortparameter an K-Ebene übergeben ";""
"Waagenstatus zu Auftragsebene kopieren";"Waagenstatus zu Auftragsebene kopieren";""
"Fehlermeldungen zu Auftragsebene kopieren";"Fehlermeldungen zu Auftragsebene kopieren";""
"Steuerbits von SST A->R Eebene im Rezeptmode löschen";"Steuerbits von SST A->R Eebene im Rezeptmode löschen";""
"Daten in Lagerort-/Rezept-DB speichern";"Daten in Lagerort-/Rezept-DB speichern";""
"Faktor Nachkommastellen berechnen";"Faktor Nachkommastellen berechnen";""
"Waagenvolumen prüfen?";"Waagenvolumen prüfen?";""
"Waage anhalten im Komponentenmode rücksetzen";"Waage anhalten im Komponentenmode rücksetzen";""
"Waage anhalten an Einzelschrittebene";"Waage anhalten an Einzelschrittebene";""
"Verwiegung abbrechen an Einzelschrittebene";"Verwiegung abbrechen an Einzelschrittebene";""
"Verwiegung beenden an Einzelschrittebene";"Verwiegung beenden an Einzelschrittebene";""
"Signal ""Nachdosieren"" an Einzelschrittebene";"Signal ""Nachdosieren"" an Einzelschrittebene";""
"Bit ""letzte Teilverwiegung"" bei Kontrollverwiegung rücksetzen";"Bit ""letzte Teilverwiegung"" bei Kontrollverwiegung rücksetzen";""
"Bit ""letzte Teilverwiegung"" bei Kontrollverwiegung setzen";"Bit ""letzte Teilverwiegung"" bei Kontrollverwiegung setzen";""
"Signal ""Komponentenebene aktiv"" an Einzelschrittebene";"Signal ""Komponentenebene aktiv"" an Einzelschrittebene";""
"Schritt 2: Verwiegeart festlegen";"Schritt 2: Verwiegeart festlegen";""
"Schritt 3: Lagerortnummer prüfen";"Schritt 3: Lagerortnummer prüfen";""
"Schritt 4: Verbraucher prüfen";"Schritt 4: Verbraucher prüfen";""
"Schritt 5: Verwiegeart prüfen";"Schritt 5: Verwiegeart prüfen";""
"Schritt 6: Sollgewicht prüfen";"Schritt 6: Sollgewicht prüfen";""
"Schritt 7: Chargenoptimierung (Teil 1)";"Schritt 7: Chargenoptimierung (Teil 1)";""
"Schritt 7: Chargenoptimierung (Teil 2)";"Schritt 7: Chargenoptimierung (Teil 2)";""
"Schritt 7: Chargenoptimierung (Teil 3)";"Schritt 7: Chargenoptimierung (Teil 3)";""
"Schritt 7: Chargenoptimierung (Teil 4)";"Schritt 7: Chargenoptimierung (Teil 4)";""
"Schritt 8: Komponentenparameter an Einzelschrittebene kopieren";"Schritt 8: Komponentenparameter an Einzelschrittebene kopieren";""
"Schritt 9: Lagerortparameter an Einzelschrittebene kopieren";"Schritt 9: Lagerortparameter an Einzelschrittebene kopieren";""
"Schritt 10: Einzelschrittebene starten";"Schritt 10: Einzelschrittebene starten";""
"Schritt 11: registrierten Gewichtswert übernehmen";"Schritt 11: registrierten Gewichtswert übernehmen";""
"Schritt 12: Chargenoptimierung / Zwischentleerung, -befüllung";"Schritt 12: Chargenoptimierung / Zwischentleerung, -befüllung";""
"Schritt 16: Handshake Verwiegungsende Chargenoptimierung";"Schritt 16: Handshake Verwiegungsende Chargenoptimierung";""
"Schritt 13: Komponentnenbilanzierung";"Schritt 13: Komponentnenbilanzierung";""
"Schritt 14: Lagerortbilanzierung";"Schritt 14: Lagerortbilanzierung";""
"Schritt 17: Nachlauf bei automat. Nachlaufkorrektur berechnen";"Schritt 17: Nachlauf bei automat. Nachlaufkorrektur berechnen";""
"Schritt 15: registrierten Gewichtswert an R-Ebene übergeben";"Schritt 15: registrierten Gewichtswert an R-Ebene übergeben";""
"Zwischenentleerung Handverwiegung aktiv";"Zwischenentleerung Handverwiegung aktiv";""
"spezifischer Anwendungsfehler";"spezifischer Anwendungsfehler";""
"Schleichmengenüberwachung -> Fehlermeldung";"Schleichmengenüberwachung -> Fehlermeldung";""
"Waagenstatus zu Rezeptebene kopieren";"Waagenstatus zu Rezeptebene kopieren";""
"Sollgewichtswerte an Rezeptebene kopieren";"Sollgewichtswerte an Rezeptebene kopieren";""
"Gewichtswerte von Einzelschrittebene zu Rezeptebene kopieren";"Gewichtswerte von Einzelschrittebene zu Rezeptebene kopieren";""
"Fehlermeldungen von Einzelschrittebene zu Rezeptebene kopieren";"Fehlermeldungen von Einzelschrittebene zu Rezeptebene kopieren";""
"Fehlerquittierungen von R-Ebene auf Einzschrittebene kopieren";"Fehlerquittierungen von R-Ebene auf Einzschrittebene kopieren";""
"AZO Parameter an Anwenderschnittstelle";"AZO Parameter an Anwenderschnittstelle";""
"Gewichtswerte an Anwenderschnittstelle";"Gewichtswerte an Anwenderschnittstelle";""
"Signale Positivverwiegung an SST Anwenderprogramm";"Signale Positivverwiegung an SST Anwenderprogramm";""
"Signale Negativverwiegung an SST Anwenderprogramm";"Signale Negativverwiegung an SST Anwenderprogramm";""
"Signale Kontrollverwiegung an SST Anwenderprogramm";"Signale Kontrollverwiegung an SST Anwenderprogramm";""
"Signale Handverwiegung an SST Anwenderprogramm";"Signale Handverwiegung an SST Anwenderprogramm";""
"allgemeine Signale von SST Anwenderprogramm";"allgemeine Signale von SST Anwenderprogramm";""
"Signal ""Freigabe Dosieren"" von SST Anwenderprogramm an E-Ebene";"Signal ""Freigabe Dosieren"" von SST Anwenderprogramm an E-Ebene";""
"Signal ""Verwiegung starten"" von SST Anwenderprogramm an E-Ebene";"Signal ""Verwiegung starten"" von SST Anwenderprogramm an E-Ebene";""
"Signal ""Freigabe Tarieren"" von SST Anwenderprogramm an E-Ebene";"Signal ""Freigabe Tarieren"" von SST Anwenderprogramm an E-Ebene";""
"Signal ""Freigabe Nachlauf"" von SST Anwenderprogramm an E-Ebene";"Signal ""Freigabe Nachlauf"" von SST Anwenderprogramm an E-Ebene";""
"Signal ""Freig. Registrieren"" von SST Anwenderprogramm an E-Ebene";"Signal ""Freig. Registrieren"" von SST Anwenderprogramm an E-Ebene";""
"Signal ""Dosierorgan aktiv"" von SST Anwenderprogramm an E-Ebene";"Signal ""Dosierorgan aktiv"" von SST Anwenderprogramm an E-Ebene";""
"Signal ""Quittierung"" von SST Anwenderprogramm an E-Ebene";"Signal ""Quittierung"" von SST Anwenderprogramm an E-Ebene";""
"Signal ""keine Toleranzprüfung"" an E-Ebene";"Signal ""keine Toleranzprüfung"" an E-Ebene";""
"Signal ""Freigabe Entleerung"" von SST Anwenderprogramm an E-Ebene";"Signal ""Freigabe Entleerung"" von SST Anwenderprogramm an E-Ebene";""
"Signal ""Waage entleert"" von SST Anwenderprogramm an E-Ebene";"Signal ""Waage entleert"" von SST Anwenderprogramm an E-Ebene";""
"Signal ""Gewicht übernommen"" von SST Anwenderprogramm an E-Ebene";"Signal ""Gewicht übernommen"" von SST Anwenderprogramm an E-Ebene";""
"Eintzelschrittebene rücksetzen";"Eintzelschrittebene rücksetzen";""
"registriertes Volumen";"registriertes Volumen";""
"Istvolumen gesamt berechnen";"Istvolumen gesamt berechnen";""
"Waagenistdaten ";"Waagenistdaten ";""
"Istgewicht Brutto zu Komponentenebene kopieren";"Istgewicht Brutto zu Komponentenebene kopieren";""
"Istgewicht Brutto zu Komponentenebene kopieren (Simulation)";"Istgewicht Brutto zu Komponentenebene kopieren (Simulation)";""
"Fehlermeldungen zu Komponentenebene kopieren";"Fehlermeldungen zu Komponentenebene kopieren";""
"Fehlerquittierungen zu Analogebene kopieren";"Fehlerquittierungen zu Analogebene kopieren";""
"eichfähige Waage";"eichfähige Waage";""
"Verwiegetyp ""Positivverwiegung""";"Verwiegetyp ""Positivverwiegung""";""
"Verwiegetyp ""Negativverwiegung""";"Verwiegetyp ""Negativverwiegung""";""
"Verwiegetyp ""Verwiegung mit Quittierung""";"Verwiegetyp ""Verwiegung mit Quittierung""";""
"Verwiegetyp ""Verwiegung ohne Tarierung""";"Verwiegetyp ""Verwiegung ohne Tarierung""";""
"Verwiegetyp Zwischenentleerung";"Verwiegetyp Zwischenentleerung";""
"Verwiegetyp Entleerung";"Verwiegetyp Entleerung";""
"Verwiegetyp Abholauftrag";"Verwiegetyp Abholauftrag";""
"Verwiegetyp Handzugabe";"Verwiegetyp Handzugabe";""
"Verwiegetyp Funktionszeit";"Verwiegetyp Funktionszeit";""
"Waage im anhalten";"Waage im anhalten";""
"Pseudo Entleerung";"Pseudo Entleerung";""
"Schrittzähler rücksetzén";"Schrittzähler rücksetzén";""
"Initialisierung bei Ebenenstart";"Initialisierung bei Ebenenstart";""
"Einzelschrittebene starten";"Einzelschrittebene starten";""
"Schritt 1: Schritt Verwiegung bzw. Entleerung starten";"Schritt 1: Schritt Verwiegung bzw. Entleerung starten";""
"Schritt 2: Lagerortdaten laden";"Schritt 2: Lagerortdaten laden";""
"Schritt 3: Dosierfreigabe";"Schritt 3: Dosierfreigabe";""
"Schritt 4: Verwiegung starten";"Schritt 4: Verwiegung starten";""
"Schritt 5: Beruhigen/Tarieren";"Schritt 5: Beruhigen/Tarieren";""
"Istgewicht Netto berechnen";"Istgewicht Netto berechnen";""
"Restgewicht berechnen";"Restgewicht berechnen";""
"Schritt 6: Grob dosieren";"Schritt 6: Grob dosieren";""
"Schritt 7: Fein dosieren";"Schritt 7: Fein dosieren";""
"Schritt 8: Extrafein dosieren";"Schritt 8: Extrafein dosieren";""
"Schritt 9: Nachlauf";"Schritt 9: Nachlauf";""
"Schritt 10: Halt";"Schritt 10: Halt";""
"Schritt 11: Registrieren";"Schritt 11: Registrieren";""
"Schritt 14: automatisch Nachdosieren ausserhalb des Nachlaufs";"Schritt 14: automatisch Nachdosieren ausserhalb des Nachlaufs";""
"Schritt 15: Nachdosieren innerhalb Nachlauf ausserhalb Toleranz";"Schritt 15: Nachdosieren innerhalb Nachlauf ausserhalb Toleranz";""
"Schritt 12: Toleranzprüfung";"Schritt 12: Toleranzprüfung";""
"Schritt 13: Handshake ""registrierten Wert übernehmen""";"Schritt 13: Handshake ""registrierten Wert übernehmen""";""
"Schritt 20: Restentleerzeit";"Schritt 20: Restentleerzeit";""
"Schritt 21: End-/Zwischenentleerung fertig";"Schritt 21: End-/Zwischenentleerung fertig";""
"Schritt 22: Handshake ""Gewichtswert übernehmen""";"Schritt 22: Handshake ""Gewichtswert übernehmen""";""
"Signal ""Dosierung aktiv"" an Komponentenebene";"Signal ""Dosierung aktiv"" an Komponentenebene";""
"Signal ""Nettogewicht gültig"" an Komponentenebene";"Signal ""Nettogewicht gültig"" an Komponentenebene";""
"Signal ""Verwiegung in Toleranz"" an Komponentenebene";"Signal ""Verwiegung in Toleranz"" an Komponentenebene";""
"aktuelle Dosierleistung an Komponentenebene";"aktuelle Dosierleistung an Komponentenebene";""
"Dosierzeit ermitteln";"Dosierzeit ermitteln";""
"Dosierzeitfehler";"Dosierzeitfehler";""
"Durchsatzzeit ermitteln";"Durchsatzzeit ermitteln";""
"Durchsatzfehler";"Durchsatzfehler";""
"Zeitueberschreitung";"Zeitueberschreitung";""
"Signal ""Endentleerung aktiv"" an Komponentenebene";"Signal ""Endentleerung aktiv"" an Komponentenebene";""
"Signal ""Entleerhilfepegel unterschritten"" an Komponentenebene";"Signal ""Entleerhilfepegel unterschritten"" an Komponentenebene";""
"Signal ""Waage meldet leer"" an Komponentenebene";"Signal ""Waage meldet leer"" an Komponentenebene";""
"Signal ""Waage meldet voll"" an Komponentenebene";"Signal ""Waage meldet voll"" an Komponentenebene";""
"Simulation Gewichtswert";"Simulation Gewichtswert";""
"internes Bit Schritt fertig rücksetzen";"internes Bit Schritt fertig rücksetzen";""
"Verwiegung abgebrochen an Komponentenebene";"Verwiegung abgebrochen an Komponentenebene";""
"Verwiegung beendet an Komponentenebene";"Verwiegung beendet an Komponentenebene";""
"Einzelschrittebene aktiv an Analogebene";"Einzelschrittebene aktiv an Analogebene";""
"Waage initialisieren an Analogebene";"Waage initialisieren an Analogebene";""
"Tara loeschen bei Entleerung an Analogebene";"Tara loeschen bei Entleerung an Analogebene";""
"Lagerortsparameter an Analogebene";"Lagerortsparameter an Analogebene";""
"Messwertunterdrückung an Analogebene";"Messwertunterdrückung an Analogebene";""
"Verwiegung aktiv an Analogebene";"Verwiegung aktiv an Analogebene";""
"Waage rücksetzen";"Waage rücksetzen";""
"Simulation Analog-Ebene";"Simulation Analog-Ebene";""
"kein MV";"kein MV";""
"Promass 63/83";"Promass 63/83";""
"WMD";"WMD";""
"WMD Fa. Bürkert";"WMD Fa. Bürkert";""
"Mettler Profibus Modul";"Mettler Profibus Modul";""
"Promag 50";"Promag 50";""
"Mettler IND 131, IND 331, IND560, IND 690";"Mettler IND 131, IND 331, IND560, IND 690";""
"Wago Zählermodul 750-404/000-005";"Wago Zählermodul 750-404/000-005";""
"Krohne Optimass";"Krohne Optimass";""
"Hardy HI-3030";"Hardy HI-3030";""
"Schritt 50: Lagerortnr prüfen ob nochmal im Rezept vorhanden";"Schritt 50: Lagerortnr prüfen ob nochmal im Rezept vorhanden";""
"Schritt 51: Umschaltpunkt Grob/Fein, Fein/Extrafein auf 0 setzen";"Schritt 51: Umschaltpunkt Grob/Fein, Fein/Extrafein auf 0 setzen";""
"Schritt 52: Komponete prüfen ob bereits im Rezept vorhanden war";"Schritt 52: Komponete prüfen ob bereits im Rezept vorhanden war";""
"Krohne Optiflux IFC300";"Krohne Optiflux IFC300";""
"Siwarex DB prüfen";"Siwarex DB prüfen";""
"Kommunikation Daten umkopieren";"Kommunikation Daten umkopieren";""
"Bereit für Befehl";"Bereit für Befehl";""
"Befehlsausführung: Durchführung aktiv/fertig";"Befehlsausführung: Durchführung aktiv/fertig";""
"Befehlsausführung: Fehler bei Ausführung";"Befehlsausführung: Fehler bei Ausführung";""
"Befehlsausführung: Befehl zurücknehmen";"Befehlsausführung: Befehl zurücknehmen";""
"Befehlsausführung: Fehlerbehandlung";"Befehlsausführung: Fehlerbehandlung";""
"Waagenabgleich: Nullpunkt stellen";"Waagenabgleich: Nullpunkt stellen";""
"Waagenabgleich: Nullpunkt gültig";"Waagenabgleich: Nullpunkt gültig";""
"Waagenabgleich: Abgleichgewicht gültig";"Waagenabgleich: Abgleichgewicht gültig";""
"Waagenabgleich: Daten Messverstärker lesen";"Waagenabgleich: Daten Messverstärker lesen";""
"Waagenabgleich: Daten Messverstärker schreiben";"Waagenabgleich: Daten Messverstärker schreiben";""
"Waagenabgleich Justierung durch Eichschalter gesperrt";"Waagenabgleich Justierung durch Eichschalter gesperrt";""
"Schrittsteuerung";"Schrittsteuerung";""
"Daten an Einzelschrittebene: Waagenstatus";"Daten an Einzelschrittebene: Waagenstatus";""
"Daten an Einzelschrittebene: Fehlermeldungen";"Daten an Einzelschrittebene: Fehlermeldungen";""
"Statusbits Waagenabgleich";"Statusbits Waagenabgleich";""
"Messverstärker = Siwarex CS";"Messverstärker = Siwarex CS";""
"Siwarex CS an High Feature anschaltung";"Siwarex CS an High Feature anschaltung";""
"Kommunikation Siwarex CS: High Feature";"Kommunikation Siwarex CS: High Feature";""
"Kommunikation Siwarex CS: Basic";"Kommunikation Siwarex CS: Basic";""
"1: Grenzwertparameter im FLASH sichern (DS4)";"1: Grenzwertparameter im FLASH sichern (DS4)";""
"2: Nullpunkt und Tara (DS26 im Flash sichern)";"2: Nullpunkt und Tara (DS26 im Flash sichern)";""
"3: Justagebefehl Nullpunkt gültig";"3: Justagebefehl Nullpunkt gültig";""
"4: Justagebefehl Justagegewicht 1 gültig";"4: Justagebefehl Justagegewicht 1 gültig";""
"5: Justagebefehl Justagegewicht 2 gültig";"5: Justagebefehl Justagegewicht 2 gültig";""
"8: Alle Datensätze mit Defaultwerten besetzen";"8: Alle Datensätze mit Defaultwerten besetzen";""
"21: Waage Nullstellen";"21: Waage Nullstellen";""
"22: Tarieren";"22: Tarieren";""
"23: Tara löschen";"23: Tara löschen";""
"24: Eingegebenes Tara aus DS15 übernehmen";"24: Eingegebenes Tara aus DS15 übernehmen";""
"25: Erhöhte Auflösung einschalten";"25: Erhöhte Auflösung einschalten";""
"26: Taragewicht aus S7-Steuerungbereich übernehmen";"26: Taragewicht aus S7-Steuerungbereich übernehmen";""
"203: Datensatz DS3 lesen Anzahl Nullstellen aktualisieren";"203: Datensatz DS3 lesen Anzahl Nullstellen aktualisieren";""
"605: Alle Datensätze lesen";"605: Alle Datensätze lesen";""
"605: Alle Datensätze Schreiben";"605: Alle Datensätze Schreiben";""
"Waagenabgleich: Befehl annehmen?";"Waagenabgleich: Befehl annehmen?";""
"kein Befehl aktiv";"kein Befehl aktiv";""
"Waagenabgleich: Datensatz DS3 lesen (Dezimalstellen)";"Waagenabgleich: Datensatz DS3 lesen (Dezimalstellen)";""
"Daten an Einzelschrittebene: Bruttogewicht";"Daten an Einzelschrittebene: Bruttogewicht";""
"Daten an Einzelschrittebene: Analogebene intialisieren";"Daten an Einzelschrittebene: Analogebene intialisieren";""
"Rezept gewechselt";"Rezept gewechselt";""
"Waagenkonfigurations-DB";"Waagenkonfigurations-DB";""
"Anfang Waagenarbeits-DB";"Anfang Waagenarbeits-DB";""
"Anfang Lagerort-/Rezeptparameter-DB";"Anfang Lagerort-/Rezeptparameter-DB";""
"Waagennummer auf 0 prüfen";"Waagennummer auf 0 prüfen";""
"Rezeptnummer auf 0 und auf MAX prüfen";"Rezeptnummer auf 0 und auf MAX prüfen";""
"Komponentenr auf 0 prüfen bzw. bei Maskenwechsel auf 1 setzen";"Komponentenr auf 0 prüfen bzw. bei Maskenwechsel auf 1 setzen";""
"Waagenarbeits-DB ermitteln";"Waagenarbeits-DB ermitteln";""
"Waagenarbeits-DB prüfen";"Waagenarbeits-DB prüfen";""
"Lagerort-Waagenparameter-DB / Rezept-DB ermitteln";"Lagerort-Waagenparameter-DB / Rezept-DB ermitteln";""
"Lagerort-/Rezept-DB prüfen";"Lagerort-/Rezept-DB prüfen";""
"Bausteinende wenn ein DB fehlt";"Bausteinende wenn ein DB fehlt";""
"Lagerort-/Rezeptparameter-DB öffnen";"Lagerort-/Rezeptparameter-DB öffnen";""
"Konfiguration Lagerort-/Rezept-DB laden";"Konfiguration Lagerort-/Rezept-DB laden";""
"akt. Rezeptnummer prüfen";"akt. Rezeptnummer prüfen";""
"Anfangs-DW des aktuellen Rezeptes im Lagerort-/Rezept-DB laden";"Anfangs-DW des aktuellen Rezeptes im Lagerort-/Rezept-DB laden";""
"DW Rezeptende des aktuellen Rezeptes im Lagerort/Rezept-DB laden";"DW Rezeptende des aktuellen Rezeptes im Lagerort/Rezept-DB laden";""
"Rezeptanfang im Waagendaten-DB der Farbgrafik festlegen";"Rezeptanfang im Waagendaten-DB der Farbgrafik festlegen";""
"Rezeptende im Waagendaten-DB der Farbgrafik berechnen";"Rezeptende im Waagendaten-DB der Farbgrafik berechnen";""
"Wert geändert";"Wert geändert";""
"Wertänderung abgebrochen";"Wertänderung abgebrochen";""
"Maske gewechselt ?";"Maske gewechselt ?";""
"Waage gewechselt";"Waage gewechselt";""
"Lagerort gewechselt";"Lagerort gewechselt";""
"Komponente gewechselt";"Komponente gewechselt";""
"Waagen-Arbeits-DB nach Waagendaten-DB Farbgrafik umkopieren";"Waagen-Arbeits-DB nach Waagendaten-DB Farbgrafik umkopieren";""
"**********   Ende Masken 1000-1999   *************";"**********   Ende Masken 1000-1999   *************";""
"Hauptmaske 2000: Rezeptdaten aktualisieren";"Hauptmaske 2000: Rezeptdaten aktualisieren";""
"Hauptmaske 2000: Komponente löschen";"Hauptmaske 2000: Komponente löschen";""
"Hauptmaske 2000: Komponente einfügen";"Hauptmaske 2000: Komponente einfügen";""
"Hauptmaske 2000: Rezept speichern";"Hauptmaske 2000: Rezept speichern";""
"********   Ende Hauptmaske 2000   *************";"********   Ende Hauptmaske 2000   *************";""
"Hauptmaske 3000: Waagenparameter speichern";"Hauptmaske 3000: Waagenparameter speichern";""
"********   Ende Hauptmaske 3000   *************";"********   Ende Hauptmaske 3000   *************";""
"Hauptmaske 4000: Lagerortparameter aktualisieren";"Hauptmaske 4000: Lagerortparameter aktualisieren";""
"Hauptmaske 4000: Lagerortparameter speichern";"Hauptmaske 4000: Lagerortparameter speichern";""
"********   Ende Hauptmaske 4000   *************";"********   Ende Hauptmaske 4000   *************";""
"Waagenzustände";"Waagenzustände";""
"Steuerbits von FG rücksetzen, wenn in Editiermodus !!!";"Steuerbits von FG rücksetzen, wenn in Editiermodus !!!";""
"----------------------------------------------------------------";"----------------------------------------------------------------";""
"positive Flanke Komponente anhalten";"positive Flanke Komponente anhalten";""
"Komponente anhalten über SST Rezept-/Komponentenebene";"Komponente anhalten über SST Rezept-/Komponentenebene";""
"Fehlerquittierungen OP rücksetzen";"Fehlerquittierungen OP rücksetzen";""
"SPS Auftragsmode";"SPS Auftragsmode";""
"R-Ebene aktiv löschen";"R-Ebene aktiv löschen";""
"Komponente starten über SST Rezept-/Komponentenebene";"Komponente starten über SST Rezept-/Komponentenebene";""
"registr. Gewicht übernehmen über SST Rezept-/Komponentenebene";"registr. Gewicht übernehmen über SST Rezept-/Komponentenebene";""
"Komponente abbrechen über SST Rezept-/Komponentenebene";"Komponente abbrechen über SST Rezept-/Komponentenebene";""
"Waage initialisieren";"Waage initialisieren";""
"Verwiegung beenden über SST Rezept-/Komponentenebene ";"Verwiegung beenden über SST Rezept-/Komponentenebene ";""
"Waage rücksetzen über SST Rezept-/Komponentenebene ";"Waage rücksetzen über SST Rezept-/Komponentenebene ";""
"SST Rezept zu Komponentenebene speichern";"SST Rezept zu Komponentenebene speichern";""
"SST Rezept zu Komponentenebene Fehlerquittierungen";"SST Rezept zu Komponentenebene Fehlerquittierungen";""
"A-Ebene aktiv löschen";"A-Ebene aktiv löschen";""
"Rezept starten über SST Auftrags-/Rezeptebene";"Rezept starten über SST Auftrags-/Rezeptebene";""
"registr. Rezept übernehmen über SST Auftrags-/Rezeptebene";"registr. Rezept übernehmen über SST Auftrags-/Rezeptebene";""
"Komponente abbrechen über SST Auftrags-/Rezeptebene";"Komponente abbrechen über SST Auftrags-/Rezeptebene";""
"Rezept abbrechen über SST Auftrags-/Rezeptebene";"Rezept abbrechen über SST Auftrags-/Rezeptebene";""
"Waage initialisieren über SST Auftrags-/Rezeptebene ";"Waage initialisieren über SST Auftrags-/Rezeptebene ";""
"positive Flanke Waage anhalten";"positive Flanke Waage anhalten";""
"Waage anhalten über SST Auftrags-/Rezeptebene";"Waage anhalten über SST Auftrags-/Rezeptebene";""
"Waage rücksetzen über SST Auftrags-/Rezeptebene ";"Waage rücksetzen über SST Auftrags-/Rezeptebene ";""
"Verwiegung beenden über SST Auftrags-/Rezeptebene";"Verwiegung beenden über SST Auftrags-/Rezeptebene";""
"SST Auftrags- zu Rezeptebene speichern";"SST Auftrags- zu Rezeptebene speichern";""
"SST Auftrags- zu Rezeptebene Fehlerquittierungen";"SST Auftrags- zu Rezeptebene Fehlerquittierungen";""
"Ende";"Ende";""
"Auswertung OP-Typ";"Auswertung OP-Typ";""
"Anfang Bilanz-DB         ";"Anfang Bilanz-DB         ";""
"Lagerortnummer auf 0 und auf MAX prüfen";"Lagerortnummer auf 0 und auf MAX prüfen";""
"Bilanz-DB prüfen                                           ";"Bilanz-DB prüfen                                           ";""
"Bilanz-DB öffnen                                         ";"Bilanz-DB öffnen                                         ";""
"Konfiguration Bilanz-DB laden                            ";"Konfiguration Bilanz-DB laden                            ";""
"Editor aktiv";"Editor aktiv";""
"Betriebsart von SST Anwenderprogramm einlesen";"Betriebsart von SST Anwenderprogramm einlesen";""
"Betriebsart wechseln";"Betriebsart wechseln";""
"Schnittstellen A_zu_R_Ebene und R_zu_K_Ebene laden";"Schnittstellen A_zu_R_Ebene und R_zu_K_Ebene laden";""
"variable Bildnummer";"variable Bildnummer";""
"Maske 1100-1110: Rezeptnummer speichern";"Maske 1100-1110: Rezeptnummer speichern";""
"Maske 1100-1110: Komponentenparameter speichern";"Maske 1100-1110: Komponentenparameter speichern";""
"Maske 1200: Lagerortparameter speichern";"Maske 1200: Lagerortparameter speichern";""
"Hauptmaske 2000: Rezept speichern / Verbrauchernummer";"Hauptmaske 2000: Rezept speichern / Verbrauchernummer";""
"********   Bilanzen               *************            ";"********   Bilanzen               *************            ";""
"Hauptmaske 2100: Rezeptbilanzen lesen";"Hauptmaske 2100: Rezeptbilanzen lesen";""
"Hauptmaske 2200: Komponentenbilanzen lesen";"Hauptmaske 2200: Komponentenbilanzen lesen";""
"Hauptmaske 3500: Daten Waagenabgleich speichern";"Hauptmaske 3500: Daten Waagenabgleich speichern";""
"Hauptmaske 3505: Daten Siwarex U speichern";"Hauptmaske 3505: Daten Siwarex U speichern";""
"Hauptmaske 3506: Daten Pesa speichern";"Hauptmaske 3506: Daten Pesa speichern";""
"Hauptmaske 3506: Daten Siwarex CS speichern";"Hauptmaske 3506: Daten Siwarex CS speichern";""
"Hauptmaske 7100: Simulationsparameter speichern";"Hauptmaske 7100: Simulationsparameter speichern";""
"********   Ende Hauptmaske 7100   *************";"********   Ende Hauptmaske 7100   *************";""
"Betriebsart an OP";"Betriebsart an OP";""
"Anzeige und Editierfreigabe an OP";"Anzeige und Editierfreigabe an OP";""
"Buttonanzeige an OP";"Buttonanzeige an OP";""
"Steuerbits Waagenabgleich";"Steuerbits Waagenabgleich";""
"SST Auftrag zu Rezeptebene Fehlerquittierungen";"SST Auftrag zu Rezeptebene Fehlerquittierungen";""
"Verwiegeart festlegen";"Verwiegeart festlegen";""
"Arbeits-DB ermitteln";"Arbeits-DB ermitteln";""
"Eingangsparameter des Arbeits-DBs des OPs umkopieren";"Eingangsparameter des Arbeits-DBs des OPs umkopieren";""
"OP-Bedienung aufrufen";"OP-Bedienung aufrufen";""
"OP-Bedienung (Auftragsebene) aufrufen";"OP-Bedienung (Auftragsebene) aufrufen";""
"Lagerort-/Rezeptparameter-DB";"Lagerort-/Rezeptparameter-DB";""
"Rezept gewechselt erkennen";"Rezept gewechselt erkennen";""
"Hauptmaske 500: Auftrag bearbeiten";"Hauptmaske 500: Auftrag bearbeiten";""
"Hauptmaske 500: Auftrag im starten und gestartet";"Hauptmaske 500: Auftrag im starten und gestartet";""
"Hauptmaske 500: Auftrag im anhalten und angehalten";"Hauptmaske 500: Auftrag im anhalten und angehalten";""
"Hauptmaske 500: Auftrag im abbrechen und abgebrochen";"Hauptmaske 500: Auftrag im abbrechen und abgebrochen";""
"Hauptmaske 500: Auftrag im nach Chg. anhalten und nach Ch. ang. ";"Hauptmaske 500: Auftrag im nach Chg. anhalten und nach Ch. ang. ";""
"********   Ende Hauptmaske 500   *************";"********   Ende Hauptmaske 500   *************";""
"------------------Globalrezept speichern------------------------";"------------------Globalrezept speichern------------------------";""
"Bei Handmode: Waagenbits in Linien-DB löschen         (006)";"Bei Handmode: Waagenbits in Linien-DB löschen         (006)";""
"Liniennummer auf 0 prüfen";"Liniennummer auf 0 prüfen";""
"Linien-DB prüfen                                           ";"Linien-DB prüfen                                           ";""
"Steuerbits rücksetzen";"Steuerbits rücksetzen";""
"Linie gewechselt ";"Linie gewechselt ";""
"Hauptmaske 500: Waagenfehler aktiv";"Hauptmaske 500: Waagenfehler aktiv";""
"Hauptmaske 500: Chargenanforderung aktiv";"Hauptmaske 500: Chargenanforderung aktiv";""
"Hauptmaske 500: Linie in Auftragsmode";"Hauptmaske 500: Linie in Auftragsmode";""
"Hauptmaske 2500-2510: Globalrezeptdaten aktualisieren";"Hauptmaske 2500-2510: Globalrezeptdaten aktualisieren";""
"Hauptmaske 2500-2510: Komponente in Globalrezept löschen";"Hauptmaske 2500-2510: Komponente in Globalrezept löschen";""
"Hauptmaske 2500-2510: Komponente in Globalrezept einfügen";"Hauptmaske 2500-2510: Komponente in Globalrezept einfügen";""
"Hauptmaske 2500-2510: Rezept in Globalrezept löschen";"Hauptmaske 2500-2510: Rezept in Globalrezept löschen";""
"Hauptmaske 2500-2510: Globalrezept speichern";"Hauptmaske 2500-2510: Globalrezept speichern";""
"Ende Hauptmaske 2500-2510 ";"Ende Hauptmaske 2500-2510 ";""
"Hauptmaske 2600-2610: Globalbilanzdaten aktualisieren";"Hauptmaske 2600-2610: Globalbilanzdaten aktualisieren";""
"Hauptmaske 2600: Globalbilanzdaten aktualisieren";"Hauptmaske 2600: Globalbilanzdaten aktualisieren";""
"Ende Hauptmaske 2600-2610 ";"Ende Hauptmaske 2600-2610 ";""
"Plausibilitätsabfrage";"Plausibilitätsabfrage";""
"Waagenbilanz-DB ermitteln";"Waagenbilanz-DB ermitteln";""
"Rezeptlänge ermitteln";"Rezeptlänge ermitteln";""
"Rezeptanfang ermitteln";"Rezeptanfang ermitteln";""
"Komponentenzeiger ermitteln Terminal";"Komponentenzeiger ermitteln Terminal";""
"Rezept löschen Terminal";"Rezept löschen Terminal";""
"Lagerort-/Rezept-Parameter-DB ermitteln";"Lagerort-/Rezept-Parameter-DB ermitteln";""
"Offset der Komponentenparameter im Farbgrafik/Terminal-DB";"Offset der Komponentenparameter im Farbgrafik/Terminal-DB";""
"Offset und Länge der Komponentenparameter ermitteln";"Offset und Länge der Komponentenparameter ermitteln";""
"Anzahl Komponenten je Rezept ermitteln";"Anzahl Komponenten je Rezept ermitteln";""
"Anfang der akt. Komponente im Lagerort-/Rezeptparameter-DB";"Anfang der akt. Komponente im Lagerort-/Rezeptparameter-DB";""
"Komponente löschen im Globalrezept beim Terminal";"Komponente löschen im Globalrezept beim Terminal";""
"Komponente einfügen im Globalrezept beim Terminal";"Komponente einfügen im Globalrezept beim Terminal";""
"Ergebnis vorbelegen";"Ergebnis vorbelegen";""
"Anzahl Bytes prüfen";"Anzahl Bytes prüfen";""
"DB Adressen umkopieren für indirekte Adressierung";"DB Adressen umkopieren für indirekte Adressierung";""
"Pointer belegen";"Pointer belegen";""
"Schleife zum Vergleichen der Daten";"Schleife zum Vergleichen der Daten";""
"Parameter ""Ergebnis"" rücksetzten";"Parameter ""Ergebnis"" rücksetzten";""
"Länge des FIFO DB testen";"Länge des FIFO DB testen";""
"check length of element_DB";"check length of element_DB";""
"Parameter prüfen";"Parameter prüfen";""
"FIFO Status prüfen";"FIFO Status prüfen";""
"Befehl 'R'";"Befehl 'R'";""
"Befehl 'W'";"Befehl 'W'";""
"Befehl 'L'";"Befehl 'L'";""
"Befehl 'C'";"Befehl 'C'";""
"Befehl 'D'";"Befehl 'D'";""
"Befehl 'F'";"Befehl 'F'";""
"Befehl 'T'";"Befehl 'T'";""
"korrekte Elementnummer speichern";"korrekte Elementnummer speichern";""
"Define Pointer";"Define Pointer";""
" get start byte of structure";" get start byte of structure";""
" external  configuration";" external  configuration";""
" clean up configuration";" clean up configuration";""
" selection manual mode";" selection manual mode";""
" overflow / underflow / broken wire check";" overflow / underflow / broken wire check";""
" scaling of PV";" scaling of PV";""
" substidue PV";" substidue PV";""
" manual mode PV: off";" manual mode PV: off";""
" manual mode PV: Emptypressure";" manual mode PV: Emptypressure";""
" manual mode PV: convey pressure";" manual mode PV: convey pressure";""
" manual mode PV: overpressure";" manual mode PV: overpressure";""
" check Parameter";" check Parameter";""
" overpressure detection";" overpressure detection";""
" emptypressure detection";" emptypressure detection";""
" activepressure detection";" activepressure detection";""
" Alarm overpressure";" Alarm overpressure";""
" adjust automatic";" adjust automatic";""
" adjust manual";" adjust manual";""
" Switch counter count up";" Switch counter count up";""
" Switch counter reset";" Switch counter reset";""
" track manual mode value in automatic";" track manual mode value in automatic";""
" Objektstatus für Visualisation OP (009) (010)";" Objektstatus für Visualisation OP (009) (010)";""
" save data to structure";" save data to structure";""
"Datum, Uhrzeit und Zykluszeiten in DB3 kopieren";"Datum, Uhrzeit und Zykluszeiten in DB3 kopieren";""
"Standardsignale";"Standardsignale";""
"Anwenderprogramm";"Anwenderprogramm";""
"Neustart oder Wiederanlauf SPS rücksetzen";"Neustart oder Wiederanlauf SPS rücksetzen";""
"Fehlermeldung erzeugen";"Fehlermeldung erzeugen";""
"Neustartmerker setzen";"Neustartmerker setzen";""
"Simulation";"Simulation";""
"Betriebsmeldung";"Betriebsmeldung";""
"Sollwert erreicht";"Sollwert erreicht";""
"Freigabebefehl bearbeiten";"Freigabebefehl bearbeiten";""
"Fehlercode L2Dp in FB_Fehlermeldung";"Fehlercode L2Dp in FB_Fehlermeldung";""
"Netzwerk für nicht unterstützte Funktionen";"Netzwerk für nicht unterstützte Funktionen";""
"Bausteinende wenn PEA-Adresse = 0";"Bausteinende wenn PEA-Adresse = 0";""
"Stromwert auswerten";"Stromwert auswerten";""
"Störungsbit auswerten";"Störungsbit auswerten";""
"Störung resetten";"Störung resetten";""
"Daten von FU einlesen";"Daten von FU einlesen";""
"Istdrehzahl auswerten";"Istdrehzahl auswerten";""
"Istfrequenz auswerten";"Istfrequenz auswerten";""
"Warnungsbit";"Warnungsbit";""
"Belegung der restlichen Steuerbits";"Belegung der restlichen Steuerbits";""
"Solldrehzahl";"Solldrehzahl";""
"Daten an FU senden";"Daten an FU senden";""
"Gerätezustand / Störungsnummer des Frequenzumformers auslesen";"Gerätezustand / Störungsnummer des Frequenzumformers auslesen";""
"Einschaltverzögerung";"Einschaltverzögerung";""
"Ausschaltverzögerung";"Ausschaltverzögerung";""
"Verlängerter Impuls";"Verlängerter Impuls";""
"Impuls";"Impuls";""
"Rücksetzen Ausschaltverzögerung wenn Reseteingang = ""True"". ";"Rücksetzen Ausschaltverzögerung wenn Reseteingang = ""True"". ";""
"Rücksetzen der Zähler und Merker";"Rücksetzen der Zähler und Merker";""
"Dauerimpuls oder Dauerpause";"Dauerimpuls oder Dauerpause";""
"Start Takt mit Impuls";"Start Takt mit Impuls";""
"Taktanzahl erreicht ?";"Taktanzahl erreicht ?";""
"Impuls-Phase des Taktes";"Impuls-Phase des Taktes";""
"Pause-Phase des Taktes";"Pause-Phase des Taktes";""
"Zeitzähler 'Z'";"Zeitzähler 'Z'";""
"Sammelstörung";"Sammelstörung";""
"Störauswertung aktiv?";"Störauswertung aktiv?";""
"Variablen vorbelegen";"Variablen vorbelegen";""
"Störungs-/Kopie-/Spiegelungs-/QuittierungsDWORD(OP) laden";"Störungs-/Kopie-/Spiegelungs-/QuittierungsDWORD(OP) laden";""
"Pos.Flanke Quittierung OP";"Pos.Flanke Quittierung OP";""
"Quittierung OP DWORD nach Kopiebyte";"Quittierung OP DWORD nach Kopiebyte";""
"Erstwertmeldung";"Erstwertmeldung";""
"Erstwertmeldung an PC";"Erstwertmeldung an PC";""
"StoerungsDWORD nach Kopiebyte";"StoerungsDWORD nach Kopiebyte";""
"neue Quittierung?";"neue Quittierung?";""
"QuittierungsDWORD bilden";"QuittierungsDWORD bilden";""
"QuittierungsDWORD löschen";"QuittierungsDWORD löschen";""
"QuittierungsDWORD PC und SCADA löschen";"QuittierungsDWORD PC und SCADA löschen";""
"Störungsschleife von (Anzahl - 4) bis 0";"Störungsschleife von (Anzahl - 4) bis 0";""
"Störauswertung für PC aktiv?";"Störauswertung für PC aktiv?";""
"Erstmeldung quittiert?";"Erstmeldung quittiert?";""
"CPU Fehler";"CPU Fehler";""
"Erstwertmeldung / Quittierung";"Erstwertmeldung / Quittierung";""
"CPU Fehler löschen";"CPU Fehler löschen";""
"Pointer bilden";"Pointer bilden";""
"Operandenbereich Quelle codieren";"Operandenbereich Quelle codieren";""
"Quell-Datenbaustein prüfen";"Quell-Datenbaustein prüfen";""
"Quellezeiger belegen";"Quellezeiger belegen";""
"Operandenbereich Ziel codieren";"Operandenbereich Ziel codieren";""
"Ziel-Datenbaustein prüfen";"Ziel-Datenbaustein prüfen";""
"Zielzeiger belegen";"Zielzeiger belegen";""
"Blocktransfer";"Blocktransfer";""
"Rückgabewert SFC20";"Rückgabewert SFC20";""
"Bereich in DB-löschen";"Bereich in DB-löschen";""
"DB-Register sichern";"DB-Register sichern";""
"ANY-Zeiger Ziel zerlegen";"ANY-Zeiger Ziel zerlegen";""
"Blocklänge prüfen";"Blocklänge prüfen";""
"Datentyp prüfen";"Datentyp prüfen";""
"Start-DBB des gewählten Eintrags";"Start-DBB des gewählten Eintrags";""
"Bereichszeiger Quellzeiger";"Bereichszeiger Quellzeiger";""
"Quell-DB";"Quell-DB";""
"DBs aufschlagen";"DBs aufschlagen";""
"Bytes kopieren";"Bytes kopieren";""
"Fehlerauswertung";"Fehlerauswertung";""
"DB-Register wiederherstellen";"DB-Register wiederherstellen";""
"BIE-Bit zuweisen";"BIE-Bit zuweisen";""
"Ermittlung DB, DW, Laenge Anyzeiger";"Ermittlung DB, DW, Laenge Anyzeiger";""
"Bereichskennung Quellzeiger";"Bereichskennung Quellzeiger";""
"Bereich vorbelegen";"Bereich vorbelegen";""
"Anzahl Worte prüfen";"Anzahl Worte prüfen";""
"Datenbaustein öffnen";"Datenbaustein öffnen";""
"Wert schreiben";"Wert schreiben";""
"ANY Zeiger ""SST_von_Ziel"" zerlegen";"ANY Zeiger ""SST_von_Ziel"" zerlegen";""
"ANY Zeiger ""SST_an_Ziel"" zerlegen";"ANY Zeiger ""SST_an_Ziel"" zerlegen";""
"Prüfen ob Ziel-DB <> 0";"Prüfen ob Ziel-DB <> 0";""
"Prüfen ob Slave belegt ist";"Prüfen ob Slave belegt ist";""
"Daten von Ziel löschen";"Daten von Ziel löschen";""
"Daten an Slave kopieren";"Daten an Slave kopieren";""
"Prüfen ob Anforderung vorhanden";"Prüfen ob Anforderung vorhanden";""
"Daten an Master kopieren";"Daten an Master kopieren";""
"Daten von Master löschen";"Daten von Master löschen";""
"ENDE";"ENDE";""
"Anfangs-DW der Struktur aus ANY-Zeiger auslesen";"Anfangs-DW der Struktur aus ANY-Zeiger auslesen";""
"Umschaltung Hand-/Automatikmode ";"Umschaltung Hand-/Automatikmode ";""
"Ansteuerung Handmode zurücksetzen";"Ansteuerung Handmode zurücksetzen";""
"Daten für Takt in temporäre Variablen laden";"Daten für Takt in temporäre Variablen laden";""
"Takt generieren";"Takt generieren";""
"Diskrepanz feststellen";"Diskrepanz feststellen";""
"Störungszähler";"Störungszähler";""
"Störmeldung ausgeben";"Störmeldung ausgeben";""
"Stoerung quittieren";"Stoerung quittieren";""
"Daten in Struktur speichern";"Daten in Struktur speichern";""
"Betriebsstundenzähler";"Betriebsstundenzähler";""
"Betriebsstundenzähler zurücksetzten";"Betriebsstundenzähler zurücksetzten";""
"Warnmeldung Betriebsstundenzähler erzeugen";"Warnmeldung Betriebsstundenzähler erzeugen";""
"Alarmmeldung Betriebsstundenzähler erzeugen";"Alarmmeldung Betriebsstundenzähler erzeugen";""
"Ansteuerung Ausgang des Motors";"Ansteuerung Ausgang des Motors";""
"Objektstatus für Visualisation OP // (011)(012)";"Objektstatus für Visualisation OP // (011)(012)";""
"Rückmeldung für Takt";"Rückmeldung für Takt";""
"Ansteuerung Ventil";"Ansteuerung Ventil";""
"Ventiltyp festlegen";"Ventiltyp festlegen";""
"Betriebsmeldung Typ 0 (kein Eingang)";"Betriebsmeldung Typ 0 (kein Eingang)";""
"Istzähler Verzögerung hochzählen (011)";"Istzähler Verzögerung hochzählen (011)";""
"Istzähler Verzögerung zurücksetzen (011)";"Istzähler Verzögerung zurücksetzen (011)";""
"Diskrepanz Typ 0 (kein Eingang)";"Diskrepanz Typ 0 (kein Eingang)";""
"Betriebsmeldung Typ1 (Eingang angesteuert und nicht angesteuert)";"Betriebsmeldung Typ1 (Eingang angesteuert und nicht angesteuert)";""
"Diskrepanz Typ 1 (Eingang angesteuert und nicht angesteuert)";"Diskrepanz Typ 1 (Eingang angesteuert und nicht angesteuert)";""
"Betriebsmeldung Typ 2 (Eingang angesteuert)";"Betriebsmeldung Typ 2 (Eingang angesteuert)";""
"Diskrepanz Typ 2 (Eingang angesteuert)";"Diskrepanz Typ 2 (Eingang angesteuert)";""
"Betriebsmeldung Typ 3 (Eingang nicht angesteuert)";"Betriebsmeldung Typ 3 (Eingang nicht angesteuert)";""
"Diskrepanz Typ 3 (Eingang nicht angesteuert)";"Diskrepanz Typ 3 (Eingang nicht angesteuert)";""
"Flankenauswertung Ausgang Ventil für Schalthäufigkeitzähler";"Flankenauswertung Ausgang Ventil für Schalthäufigkeitzähler";""
"Schalthäufigkeitzähler";"Schalthäufigkeitzähler";""
"Schalthäufigkeitzähler zurücksetzten";"Schalthäufigkeitzähler zurücksetzten";""
"Warnmeldung Schalthäufigkeitszähler erzeugen";"Warnmeldung Schalthäufigkeitszähler erzeugen";""
"Alarmmeldung Schalthäufigkeitszähler erzeugen";"Alarmmeldung Schalthäufigkeitszähler erzeugen";""
"Ansteuerung Stellung 1";"Ansteuerung Stellung 1";""
"Ansteuerung Stellung 2";"Ansteuerung Stellung 2";""
"Betriebsmeldung Stellung 1";"Betriebsmeldung Stellung 1";""
"Betriebsmeldung Stellung 2";"Betriebsmeldung Stellung 2";""
"Diskrepanz";"Diskrepanz";""
"Warnmeldung Schalthäufigkeitzähler erzeugen";"Warnmeldung Schalthäufigkeitzähler erzeugen";""
"Alarmmeldung Schalthäufigkeitzähler erzeugen";"Alarmmeldung Schalthäufigkeitzähler erzeugen";""
"Stoerungszaehler";"Stoerungszaehler";""
"Statische Merker  ";"Statische Merker  ";""
"Impulsmerker Takte";"Impulsmerker Takte";""
"Werte für Timernachbildung vorgeben";"Werte für Timernachbildung vorgeben";""
"Takt Melderentprellung";"Takt Melderentprellung";""
"Datenbaustein aufschlagen";"Datenbaustein aufschlagen";""
"Byte Adresse berechnen";"Byte Adresse berechnen";""
"Bit_Adresse berechnen";"Bit_Adresse berechnen";""
"Pointer auf Datenbit berechnen";"Pointer auf Datenbit berechnen";""
"Mode Auswahl";"Mode Auswahl";""
"Datenbit zuweisen ";"Datenbit zuweisen ";""
"Datenbit abfragen";"Datenbit abfragen";""
"ANY-Zeiger Quelle zerlegen";"ANY-Zeiger Quelle zerlegen";""
"Bereichszeiger Zielzeiger";"Bereichszeiger Zielzeiger";""
"Ziel-DB";"Ziel-DB";""
"Objektstatus für Visualisation OP (011)(012)";"Objektstatus für Visualisation OP (011)(012)";""
"Rueckmeldung Ventile + Ventilansteuerung";"Rueckmeldung Ventile + Ventilansteuerung";""
"Sollanzahl Takte";"Sollanzahl Takte";""
"Freigabe Takt";"Freigabe Takt";""
"Takt umkopieren";"Takt umkopieren";""
"aktuelles Ventil";"aktuelles Ventil";""
"aktuelles Ventil prüfen";"aktuelles Ventil prüfen";""
"Ansteuerung Ventil 1";"Ansteuerung Ventil 1";""
"Ansteuerung Ventil 2";"Ansteuerung Ventil 2";""
"Ansteuerung Ventil 3";"Ansteuerung Ventil 3";""
"Ansteuerung Ventil 4";"Ansteuerung Ventil 4";""
"Ansteuerung Ventil 5";"Ansteuerung Ventil 5";""
"Ansteuerung Ventil 6";"Ansteuerung Ventil 6";""
"Ansteuerung Ventil 7";"Ansteuerung Ventil 7";""
"Ansteuerung Ventil 8";"Ansteuerung Ventil 8";""
"Ansteuerung Ventil 9";"Ansteuerung Ventil 9";""
"Ansteuerung Ventil 10";"Ansteuerung Ventil 10";""
"Ausgang Betrieb";"Ausgang Betrieb";""
"Handbetrieb Objekt 1";"Handbetrieb Objekt 1";""
"UR1";"UR1";""
"ET200B Module";"ET200B Module";""
"Datum und Uhrzeit schreiben";"Datum und Uhrzeit schreiben";""
"Datum und Uhrzeit lesen";"Datum und Uhrzeit lesen";""
"aktuelles Datum und Uhrzeit wandeln ";"aktuelles Datum und Uhrzeit wandeln ";""
"Watchdog Visualisierung";"Watchdog Visualisierung";""
